// Jest Snapshot v1, https://goo.gl/fbAQLP

exports[`match match the snapshot of the "beer" 1`] = `
Array [
  Object {
    "keywords": Array [
      "🍺",
      "beer_mug",
      "relax",
      "beverage",
      "drink",
      "drunk",
      "party",
      "pub",
      "summer",
      "alcohol",
      "booze",
    ],
    "name": "🍺",
  },
  Object {
    "keywords": Array [
      "🍻",
      "clinking_beer_mugs",
      "relax",
      "beverage",
      "drink",
      "drunk",
      "party",
      "pub",
      "summer",
      "alcohol",
      "booze",
    ],
    "name": "🍻",
  },
  Object {
    "keywords": Array [
      "🧃",
      "beverage_box",
      "drink",
    ],
    "name": "🧃",
  },
  Object {
    "keywords": Array [
      "☕",
      "hot_beverage",
      "beverage",
      "caffeine",
      "latte",
      "espresso",
      "coffee",
      "mug",
    ],
    "name": "☕",
  },
  Object {
    "keywords": Array [
      "🥛",
      "glass_of_milk",
      "beverage",
      "drink",
      "cow",
    ],
    "name": "🥛",
  },
  Object {
    "keywords": Array [
      "🍹",
      "tropical_drink",
      "beverage",
      "cocktail",
      "summer",
      "beach",
      "alcohol",
      "booze",
      "mojito",
    ],
    "name": "🍹",
  },
  Object {
    "keywords": Array [
      "🥂",
      "clinking_glasses",
      "beverage",
      "drink",
      "party",
      "alcohol",
      "celebrate",
      "cheers",
      "wine",
      "champagne",
      "toast",
    ],
    "name": "🥂",
  },
  Object {
    "keywords": Array [
      "🍷",
      "wine_glass",
      "drink",
      "beverage",
      "drunk",
      "alcohol",
      "booze",
    ],
    "name": "🍷",
  },
  Object {
    "keywords": Array [
      "🥃",
      "tumbler_glass",
      "drink",
      "beverage",
      "drunk",
      "alcohol",
      "liquor",
      "booze",
      "bourbon",
      "scotch",
      "whisky",
      "glass",
      "shot",
    ],
    "name": "🥃",
  },
  Object {
    "keywords": Array [
      "🧉",
      "mate",
      "drink",
      "tea",
      "beverage",
    ],
    "name": "🧉",
  },
  Object {
    "keywords": Array [
      "🍶",
      "sake",
      "wine",
      "drink",
      "drunk",
      "beverage",
      "japanese",
      "alcohol",
      "booze",
    ],
    "name": "🍶",
  },
  Object {
    "keywords": Array [
      "🍸",
      "cocktail_glass",
      "drink",
      "drunk",
      "alcohol",
      "beverage",
      "booze",
      "mojito",
    ],
    "name": "🍸",
  },
  Object {
    "keywords": Array [
      "🦫",
      "beaver",
      "animal",
      "rodent",
    ],
    "name": "🦫",
  },
  Object {
    "keywords": Array [
      "🫐",
      "blueberries",
      "fruit",
    ],
    "name": "🫐",
  },
  Object {
    "keywords": Array [
      "💙",
      "blue_heart",
      "love",
      "like",
      "affection",
      "valentines",
    ],
    "name": "💙",
  },
  Object {
    "keywords": Array [
      "🩵",
      "light blue heart",
      "ice",
      "baby blue",
    ],
    "name": "🩵",
  },
  Object {
    "keywords": Array [
      "🚱",
      "non_potable_water",
      "drink",
      "faucet",
      "tap",
      "circle",
    ],
    "name": "🚱",
  },
  Object {
    "keywords": Array [
      "🚰",
      "potable_water",
      "blue-square",
      "liquid",
      "restroom",
      "cleaning",
      "faucet",
    ],
    "name": "🚰",
  },
  Object {
    "keywords": Array [
      "🧔",
      "man_beard",
      "person",
      "bewhiskered",
    ],
    "name": "🧔",
  },
  Object {
    "keywords": Array [
      "🥖",
      "baguette_bread",
      "food",
      "bread",
      "french",
      "france",
      "bakery",
    ],
    "name": "🥖",
  },
  Object {
    "keywords": Array [
      "🫑",
      "bell pepper",
      "fruit",
      "plant",
    ],
    "name": "🫑",
  },
  Object {
    "keywords": Array [
      "💔",
      "broken_heart",
      "sad",
      "sorry",
      "break",
      "heart",
      "heartbreak",
    ],
    "name": "💔",
  },
  Object {
    "keywords": Array [
      "🌐",
      "globe_with_meridians",
      "earth",
      "international",
      "world",
      "internet",
      "interweb",
      "i18n",
    ],
    "name": "🌐",
  },
  Object {
    "keywords": Array [
      "❤️‍🩹",
      "mending heart",
      "broken heart",
      "bandage",
      "wounded",
    ],
    "name": "❤️‍🩹",
  },
  Object {
    "keywords": Array [
      "💓",
      "beating_heart",
      "love",
      "like",
      "affection",
      "valentines",
      "pink",
      "heart",
    ],
    "name": "💓",
  },
  Object {
    "keywords": Array [
      "🇧🇶",
      "flag_caribbean_netherlands",
      "bonaire",
      "flag",
      "nation",
      "country",
      "banner",
      "caribbean_netherlands",
    ],
    "name": "🇧🇶",
  },
  Object {
    "keywords": Array [
      "🌍",
      "globe_showing_europe_africa",
      "globe",
      "world",
      "international",
    ],
    "name": "🌍",
  },
  Object {
    "keywords": Array [
      "🌎",
      "globe_showing_americas",
      "globe",
      "world",
      "USA",
      "international",
    ],
    "name": "🌎",
  },
  Object {
    "keywords": Array [
      "🔰",
      "japanese_symbol_for_beginner",
      "badge",
      "shield",
    ],
    "name": "🔰",
  },
  Object {
    "keywords": Array [
      "📲",
      "mobile_phone_with_arrow",
      "iphone",
      "incoming",
    ],
    "name": "📲",
  },
  Object {
    "keywords": Array [
      "‼️",
      "double_exclamation_mark",
      "exclamation",
      "surprise",
    ],
    "name": "‼️",
  },
  Object {
    "keywords": Array [
      "🇮🇴",
      "flag_british_indian_ocean_territory",
      "british",
      "indian",
      "ocean",
      "territory",
      "flag",
      "nation",
      "country",
      "banner",
      "british_indian_ocean_territory",
    ],
    "name": "🇮🇴",
  },
  Object {
    "keywords": Array [
      "📔",
      "notebook_with_decorative_cover",
      "classroom",
      "notes",
      "record",
      "paper",
      "study",
    ],
    "name": "📔",
  },
]
`;

exports[`match match the snapshot of the "v" 1`] = `
Array [
  Object {
    "keywords": Array [
      "🧛",
      "vampire",
      "blood",
      "twilight",
    ],
    "name": "🧛",
  },
  Object {
    "keywords": Array [
      "🚦",
      "vertical_traffic_light",
      "transportation",
      "driving",
    ],
    "name": "🚦",
  },
  Object {
    "keywords": Array [
      "📳",
      "vibration_mode",
      "orange-square",
      "phone",
    ],
    "name": "📳",
  },
  Object {
    "keywords": Array [
      "✌️",
      "victory_hand",
      "fingers",
      "ohyeah",
      "hand",
      "peace",
      "victory",
      "two",
    ],
    "name": "✌️",
  },
  Object {
    "keywords": Array [
      "📹",
      "video_camera",
      "film",
      "record",
    ],
    "name": "📹",
  },
  Object {
    "keywords": Array [
      "🎮",
      "video_game",
      "play",
      "console",
      "PS4",
      "controller",
    ],
    "name": "🎮",
  },
  Object {
    "keywords": Array [
      "📼",
      "videocassette",
      "record",
      "video",
      "oldschool",
      "90s",
      "80s",
    ],
    "name": "📼",
  },
  Object {
    "keywords": Array [
      "🎻",
      "violin",
      "music",
      "instrument",
      "orchestra",
      "symphony",
    ],
    "name": "🎻",
  },
  Object {
    "keywords": Array [
      "♍",
      "virgo",
      "sign",
      "zodiac",
      "purple-square",
      "astrology",
    ],
    "name": "♍",
  },
  Object {
    "keywords": Array [
      "🌋",
      "volcano",
      "photo",
      "nature",
      "disaster",
    ],
    "name": "🌋",
  },
  Object {
    "keywords": Array [
      "🏐",
      "volleyball",
      "sports",
      "balls",
    ],
    "name": "🏐",
  },
  Object {
    "keywords": Array [
      "🆚",
      "vs_button",
      "words",
      "orange-square",
    ],
    "name": "🆚",
  },
  Object {
    "keywords": Array [
      "🖖",
      "vulcan_salute",
      "hand",
      "fingers",
      "spock",
      "star trek",
    ],
    "name": "🖖",
  },
  Object {
    "keywords": Array [
      "🩷",
      "pink heart",
      "valentines",
    ],
    "name": "🩷",
  },
  Object {
    "keywords": Array [
      "⚰️",
      "coffin",
      "vampire",
      "dead",
      "die",
      "death",
      "rip",
      "graveyard",
      "cemetery",
      "casket",
      "funeral",
      "box",
    ],
    "name": "⚰️",
  },
  Object {
    "keywords": Array [
      "🏺",
      "amphora",
      "vase",
      "jar",
    ],
    "name": "🏺",
  },
  Object {
    "keywords": Array [
      "🇻🇦",
      "flag_vatican_city",
      "vatican",
      "city",
      "flag",
      "nation",
      "country",
      "banner",
      "vatican_city",
    ],
    "name": "🇻🇦",
  },
  Object {
    "keywords": Array [
      "🇻🇪",
      "flag_venezuela",
      "ve",
      "bolivarian",
      "republic",
      "flag",
      "nation",
      "country",
      "banner",
      "venezuela",
    ],
    "name": "🇻🇪",
  },
  Object {
    "keywords": Array [
      "🌵",
      "cactus",
      "vegetable",
      "plant",
      "nature",
    ],
    "name": "🌵",
  },
  Object {
    "keywords": Array [
      "🌿",
      "herb",
      "vegetable",
      "plant",
      "medicine",
      "weed",
      "grass",
      "lawn",
    ],
    "name": "🌿",
  },
  Object {
    "keywords": Array [
      "☘️",
      "shamrock",
      "vegetable",
      "plant",
      "nature",
      "irish",
      "clover",
    ],
    "name": "☘️",
  },
  Object {
    "keywords": Array [
      "🍀",
      "four_leaf_clover",
      "vegetable",
      "plant",
      "nature",
      "lucky",
      "irish",
    ],
    "name": "🍀",
  },
  Object {
    "keywords": Array [
      "🍆",
      "eggplant",
      "vegetable",
      "nature",
      "food",
      "aubergine",
    ],
    "name": "🍆",
  },
  Object {
    "keywords": Array [
      "🥕",
      "carrot",
      "vegetable",
      "food",
      "orange",
    ],
    "name": "🥕",
  },
  Object {
    "keywords": Array [
      "🚍",
      "oncoming_bus",
      "vehicle",
      "transportation",
    ],
    "name": "🚍",
  },
  Object {
    "keywords": Array [
      "🚐",
      "minibus",
      "vehicle",
      "car",
      "transportation",
    ],
    "name": "🚐",
  },
  Object {
    "keywords": Array [
      "🚓",
      "police_car",
      "vehicle",
      "cars",
      "transportation",
      "law",
      "legal",
      "enforcement",
    ],
    "name": "🚓",
  },
  Object {
    "keywords": Array [
      "🚔",
      "oncoming_police_car",
      "vehicle",
      "law",
      "legal",
      "enforcement",
      "911",
    ],
    "name": "🚔",
  },
  Object {
    "keywords": Array [
      "🚖",
      "oncoming_taxi",
      "vehicle",
      "cars",
      "uber",
    ],
    "name": "🚖",
  },
  Object {
    "keywords": Array [
      "🚛",
      "articulated_lorry",
      "vehicle",
      "cars",
      "transportation",
      "express",
    ],
    "name": "🚛",
  },
  Object {
    "keywords": Array [
      "🚜",
      "tractor",
      "vehicle",
      "car",
      "farming",
      "agriculture",
    ],
    "name": "🚜",
  },
  Object {
    "keywords": Array [
      "🛵",
      "motor_scooter",
      "vehicle",
      "vespa",
      "sasha",
    ],
    "name": "🛵",
  },
  Object {
    "keywords": Array [
      "🛴",
      "kick_scooter",
      "vehicle",
      "kick",
      "razor",
    ],
    "name": "🛴",
  },
  Object {
    "keywords": Array [
      "✈️",
      "airplane",
      "vehicle",
      "transportation",
      "flight",
      "fly",
    ],
    "name": "✈️",
  },
  Object {
    "keywords": Array [
      "🚟",
      "suspension_railway",
      "vehicle",
      "transportation",
    ],
    "name": "🚟",
  },
  Object {
    "keywords": Array [
      "📽️",
      "film_projector",
      "video",
      "tape",
      "record",
      "movie",
    ],
    "name": "📽️",
  },
  Object {
    "keywords": Array [
      "🇻🇳",
      "flag_vietnam",
      "viet",
      "nam",
      "flag",
      "nation",
      "country",
      "banner",
      "vietnam",
    ],
    "name": "🇻🇳",
  },
  Object {
    "keywords": Array [
      "🌄",
      "sunrise_over_mountains",
      "view",
      "vacation",
      "photo",
    ],
    "name": "🌄",
  },
  Object {
    "keywords": Array [
      "🔫",
      "pistol",
      "violence",
      "weapon",
      "pistol",
      "revolver",
    ],
    "name": "🔫",
  },
  Object {
    "keywords": Array [
      "🇻🇮",
      "flag_u_s_virgin_islands",
      "virgin",
      "islands",
      "us",
      "flag",
      "nation",
      "country",
      "banner",
      "u_s_virgin_islands",
    ],
    "name": "🇻🇮",
  },
  Object {
    "keywords": Array [
      "🔉",
      "speaker_medium_volume",
      "volume",
      "speaker",
      "broadcast",
    ],
    "name": "🔉",
  },
  Object {
    "keywords": Array [
      "🔊",
      "speaker_high_volume",
      "volume",
      "noise",
      "noisy",
      "speaker",
      "broadcast",
    ],
    "name": "🔊",
  },
  Object {
    "keywords": Array [
      "📢",
      "loudspeaker",
      "volume",
      "sound",
    ],
    "name": "📢",
  },
  Object {
    "keywords": Array [
      "🇻🇺",
      "flag_vanuatu",
      "vu",
      "flag",
      "nation",
      "country",
      "banner",
      "vanuatu",
    ],
    "name": "🇻🇺",
  },
  Object {
    "keywords": Array [
      "🎄",
      "christmas_tree",
      "festival",
      "vacation",
      "december",
      "xmas",
      "celebration",
    ],
    "name": "🎄",
  },
  Object {
    "keywords": Array [
      "💝",
      "heart_with_ribbon",
      "love",
      "valentines",
    ],
    "name": "💝",
  },
  Object {
    "keywords": Array [
      "💏",
      "kiss",
      "pair",
      "valentines",
      "love",
      "like",
      "dating",
      "marriage",
    ],
    "name": "💏",
  },
  Object {
    "keywords": Array [
      "👨‍❤️‍💋‍👨",
      "kiss_man_man",
      "pair",
      "valentines",
      "love",
      "like",
      "dating",
      "marriage",
    ],
    "name": "👨‍❤️‍💋‍👨",
  },
  Object {
    "keywords": Array [
      "👩‍❤️‍💋‍👩",
      "kiss_woman_woman",
      "pair",
      "valentines",
      "love",
      "like",
      "dating",
      "marriage",
    ],
    "name": "👩‍❤️‍💋‍👩",
  },
  Object {
    "keywords": Array [
      "🌹",
      "rose",
      "flowers",
      "valentines",
      "love",
      "spring",
    ],
    "name": "🌹",
  },
  Object {
    "keywords": Array [
      "🌺",
      "hibiscus",
      "plant",
      "vegetable",
      "flowers",
      "beach",
    ],
    "name": "🌺",
  },
  Object {
    "keywords": Array [
      "🌴",
      "palm_tree",
      "plant",
      "vegetable",
      "nature",
      "summer",
      "beach",
      "mojito",
      "tropical",
    ],
    "name": "🌴",
  },
  Object {
    "keywords": Array [
      "🍅",
      "tomato",
      "fruit",
      "vegetable",
      "nature",
      "food",
    ],
    "name": "🍅",
  },
  Object {
    "keywords": Array [
      "🌽",
      "ear_of_corn",
      "food",
      "vegetable",
      "plant",
    ],
    "name": "🌽",
  },
  Object {
    "keywords": Array [
      "🥬",
      "leafy_green",
      "food",
      "vegetable",
      "plant",
      "bok choy",
      "cabbage",
      "kale",
      "lettuce",
    ],
    "name": "🥬",
  },
  Object {
    "keywords": Array [
      "🍄",
      "mushroom",
      "plant",
      "vegetable",
    ],
    "name": "🍄",
  },
  Object {
    "keywords": Array [
      "🚂",
      "locomotive",
      "transportation",
      "vehicle",
      "train",
    ],
    "name": "🚂",
  },
  Object {
    "keywords": Array [
      "🚃",
      "railway_car",
      "transportation",
      "vehicle",
    ],
    "name": "🚃",
  },
  Object {
    "keywords": Array [
      "🚄",
      "high_speed_train",
      "transportation",
      "vehicle",
    ],
    "name": "🚄",
  },
  Object {
    "keywords": Array [
      "🚅",
      "bullet_train",
      "transportation",
      "vehicle",
      "speed",
      "fast",
      "public",
      "travel",
    ],
    "name": "🚅",
  },
  Object {
    "keywords": Array [
      "🚆",
      "train",
      "transportation",
      "vehicle",
    ],
    "name": "🚆",
  },
  Object {
    "keywords": Array [
      "🚈",
      "light_rail",
      "transportation",
      "vehicle",
    ],
    "name": "🚈",
  },
  Object {
    "keywords": Array [
      "🚉",
      "station",
      "transportation",
      "vehicle",
      "public",
    ],
    "name": "🚉",
  },
  Object {
    "keywords": Array [
      "🚊",
      "tram",
      "transportation",
      "vehicle",
    ],
    "name": "🚊",
  },
  Object {
    "keywords": Array [
      "🚝",
      "monorail",
      "transportation",
      "vehicle",
    ],
    "name": "🚝",
  },
  Object {
    "keywords": Array [
      "🚞",
      "mountain_railway",
      "transportation",
      "vehicle",
    ],
    "name": "🚞",
  },
  Object {
    "keywords": Array [
      "🚋",
      "tram_car",
      "transportation",
      "vehicle",
      "carriage",
      "public",
      "travel",
    ],
    "name": "🚋",
  },
  Object {
    "keywords": Array [
      "🚌",
      "bus",
      "car",
      "vehicle",
      "transportation",
    ],
    "name": "🚌",
  },
  Object {
    "keywords": Array [
      "🚕",
      "taxi",
      "uber",
      "vehicle",
      "cars",
      "transportation",
    ],
    "name": "🚕",
  },
  Object {
    "keywords": Array [
      "🚘",
      "oncoming_automobile",
      "car",
      "vehicle",
      "transportation",
    ],
    "name": "🚘",
  },
  Object {
    "keywords": Array [
      "🚙",
      "sport_utility_vehicle",
      "transportation",
      "vehicle",
    ],
    "name": "🚙",
  },
  Object {
    "keywords": Array [
      "🚁",
      "helicopter",
      "transportation",
      "vehicle",
      "fly",
    ],
    "name": "🚁",
  },
  Object {
    "keywords": Array [
      "🚠",
      "mountain_cableway",
      "transportation",
      "vehicle",
      "ski",
    ],
    "name": "🚠",
  },
  Object {
    "keywords": Array [
      "🚡",
      "aerial_tramway",
      "transportation",
      "vehicle",
      "ski",
    ],
    "name": "🚡",
  },
  Object {
    "keywords": Array [
      "🛸",
      "flying_saucer",
      "transportation",
      "vehicle",
      "ufo",
    ],
    "name": "🛸",
  },
  Object {
    "keywords": Array [
      "🇨🇻",
      "flag_cape_verde",
      "cabo",
      "verde",
      "flag",
      "nation",
      "country",
      "banner",
      "cape_verde",
    ],
    "name": "🇨🇻",
  },
  Object {
    "keywords": Array [
      "🌅",
      "sunrise",
      "morning",
      "view",
      "vacation",
      "photo",
    ],
    "name": "🌅",
  },
  Object {
    "keywords": Array [
      "🇻🇨",
      "flag_st_vincent_grenadines",
      "saint",
      "vincent",
      "grenadines",
      "flag",
      "nation",
      "country",
      "banner",
      "st_vincent_grenadines",
    ],
    "name": "🇻🇨",
  },
  Object {
    "keywords": Array [
      "👊",
      "oncoming_fist",
      "angry",
      "violence",
      "fist",
      "hit",
      "attack",
      "hand",
    ],
    "name": "👊",
  },
  Object {
    "keywords": Array [
      "🇻🇬",
      "flag_british_virgin_islands",
      "british",
      "virgin",
      "islands",
      "bvi",
      "flag",
      "nation",
      "country",
      "banner",
      "british_virgin_islands",
    ],
    "name": "🇻🇬",
  },
  Object {
    "keywords": Array [
      "🔇",
      "muted_speaker",
      "sound",
      "volume",
      "silence",
      "quiet",
    ],
    "name": "🔇",
  },
  Object {
    "keywords": Array [
      "🔈",
      "speaker_low_volume",
      "sound",
      "volume",
      "silence",
      "broadcast",
    ],
    "name": "🔈",
  },
  Object {
    "keywords": Array [
      "🔕",
      "bell_with_slash",
      "sound",
      "volume",
      "mute",
      "quiet",
      "silent",
    ],
    "name": "🔕",
  },
  Object {
    "keywords": Array [
      "🤢",
      "nauseated_face",
      "face",
      "vomit",
      "gross",
      "green",
      "sick",
      "throw up",
      "ill",
    ],
    "name": "🤢",
  },
  Object {
    "keywords": Array [
      "🗳️",
      "ballot_box_with_ballot",
      "election",
      "vote",
    ],
    "name": "🗳️",
  },
  Object {
    "keywords": Array [
      "😙",
      "kissing_face_with_smiling_eyes",
      "face",
      "affection",
      "valentines",
      "infatuation",
      "kiss",
    ],
    "name": "😙",
  },
  Object {
    "keywords": Array [
      "❤️",
      "red_heart",
      "love",
      "like",
      "valentines",
    ],
    "name": "❤️",
  },
  Object {
    "keywords": Array [
      "🎰",
      "slot_machine",
      "bet",
      "gamble",
      "vegas",
      "fruit machine",
      "luck",
      "casino",
    ],
    "name": "🎰",
  },
  Object {
    "keywords": Array [
      "🥔",
      "potato",
      "food",
      "tuber",
      "vegatable",
      "starch",
    ],
    "name": "🥔",
  },
  Object {
    "keywords": Array [
      "🍁",
      "maple_leaf",
      "nature",
      "plant",
      "vegetable",
      "ca",
      "fall",
    ],
    "name": "🍁",
  },
  Object {
    "keywords": Array [
      "🍂",
      "fallen_leaf",
      "nature",
      "plant",
      "vegetable",
      "leaves",
    ],
    "name": "🍂",
  },
  Object {
    "keywords": Array [
      "🥦",
      "broccoli",
      "fruit",
      "food",
      "vegetable",
    ],
    "name": "🥦",
  },
  Object {
    "keywords": Array [
      "🚎",
      "trolleybus",
      "bart",
      "transportation",
      "vehicle",
    ],
    "name": "🚎",
  },
  Object {
    "keywords": Array [
      "🚒",
      "fire_engine",
      "transportation",
      "cars",
      "vehicle",
    ],
    "name": "🚒",
  },
  Object {
    "keywords": Array [
      "🚗",
      "automobile",
      "red",
      "transportation",
      "vehicle",
    ],
    "name": "🚗",
  },
  Object {
    "keywords": Array [
      "🚤",
      "speedboat",
      "ship",
      "transportation",
      "vehicle",
      "summer",
    ],
    "name": "🚤",
  },
  Object {
    "keywords": Array [
      "📣",
      "megaphone",
      "sound",
      "speaker",
      "volume",
    ],
    "name": "📣",
  },
  Object {
    "keywords": Array [
      "💖",
      "sparkling_heart",
      "love",
      "like",
      "affection",
      "valentines",
    ],
    "name": "💖",
  },
  Object {
    "keywords": Array [
      "💗",
      "growing_heart",
      "like",
      "love",
      "affection",
      "valentines",
      "pink",
    ],
    "name": "💗",
  },
  Object {
    "keywords": Array [
      "💓",
      "beating_heart",
      "love",
      "like",
      "affection",
      "valentines",
      "pink",
      "heart",
    ],
    "name": "💓",
  },
  Object {
    "keywords": Array [
      "💞",
      "revolving_hearts",
      "love",
      "like",
      "affection",
      "valentines",
    ],
    "name": "💞",
  },
  Object {
    "keywords": Array [
      "💕",
      "two_hearts",
      "love",
      "like",
      "affection",
      "valentines",
      "heart",
    ],
    "name": "💕",
  },
  Object {
    "keywords": Array [
      "🧡",
      "orange_heart",
      "love",
      "like",
      "affection",
      "valentines",
    ],
    "name": "🧡",
  },
  Object {
    "keywords": Array [
      "💛",
      "yellow_heart",
      "love",
      "like",
      "affection",
      "valentines",
    ],
    "name": "💛",
  },
  Object {
    "keywords": Array [
      "💚",
      "green_heart",
      "love",
      "like",
      "affection",
      "valentines",
    ],
    "name": "💚",
  },
  Object {
    "keywords": Array [
      "💙",
      "blue_heart",
      "love",
      "like",
      "affection",
      "valentines",
    ],
    "name": "💙",
  },
  Object {
    "keywords": Array [
      "💜",
      "purple_heart",
      "love",
      "like",
      "affection",
      "valentines",
    ],
    "name": "💜",
  },
  Object {
    "keywords": Array [
      "💍",
      "ring",
      "wedding",
      "propose",
      "marriage",
      "valentines",
      "diamond",
      "fashion",
      "jewelry",
      "gem",
      "engagement",
    ],
    "name": "💍",
  },
  Object {
    "keywords": Array [
      "🦇",
      "bat",
      "animal",
      "nature",
      "blind",
      "vampire",
    ],
    "name": "🦇",
  },
  Object {
    "keywords": Array [
      "🍃",
      "leaf_fluttering_in_wind",
      "nature",
      "plant",
      "tree",
      "vegetable",
      "grass",
      "lawn",
      "spring",
    ],
    "name": "🍃",
  },
  Object {
    "keywords": Array [
      "🥗",
      "green_salad",
      "food",
      "healthy",
      "lettuce",
      "vegetable",
    ],
    "name": "🥗",
  },
  Object {
    "keywords": Array [
      "🎍",
      "pine_decoration",
      "japanese",
      "plant",
      "nature",
      "vegetable",
      "panda",
      "new_years",
      "bamboo",
    ],
    "name": "🎍",
  },
  Object {
    "keywords": Array [
      "🛩️",
      "small_airplane",
      "flight",
      "transportation",
      "fly",
      "vehicle",
    ],
    "name": "🛩️",
  },
  Object {
    "keywords": Array [
      "🦌",
      "deer",
      "animal",
      "nature",
      "horns",
      "venison",
    ],
    "name": "🦌",
  },
  Object {
    "keywords": Array [
      "↕️",
      "up_down_arrow",
      "blue-square",
      "direction",
      "way",
      "vertical",
    ],
    "name": "↕️",
  },
  Object {
    "keywords": Array [
      "🦠",
      "microbe",
      "amoeba",
      "bacteria",
      "germs",
      "virus",
      "covid",
    ],
    "name": "🦠",
  },
  Object {
    "keywords": Array [
      "✅",
      "check_mark_button",
      "green-square",
      "ok",
      "agree",
      "vote",
      "election",
      "answer",
      "tick",
    ],
    "name": "✅",
  },
  Object {
    "keywords": Array [
      "🥰",
      "smiling_face_with_hearts",
      "face",
      "love",
      "like",
      "affection",
      "valentines",
      "infatuation",
      "crush",
      "hearts",
      "adore",
    ],
    "name": "🥰",
  },
  Object {
    "keywords": Array [
      "😍",
      "smiling_face_with_heart_eyes",
      "face",
      "love",
      "like",
      "affection",
      "valentines",
      "infatuation",
      "crush",
      "heart",
    ],
    "name": "😍",
  },
  Object {
    "keywords": Array [
      "😘",
      "face_blowing_a_kiss",
      "face",
      "love",
      "like",
      "affection",
      "valentines",
      "infatuation",
      "kiss",
    ],
    "name": "😘",
  },
  Object {
    "keywords": Array [
      "😗",
      "kissing_face",
      "love",
      "like",
      "face",
      "3",
      "valentines",
      "infatuation",
      "kiss",
    ],
    "name": "😗",
  },
  Object {
    "keywords": Array [
      "😚",
      "kissing_face_with_closed_eyes",
      "face",
      "love",
      "like",
      "affection",
      "valentines",
      "infatuation",
      "kiss",
    ],
    "name": "😚",
  },
  Object {
    "keywords": Array [
      "💌",
      "love_letter",
      "email",
      "like",
      "affection",
      "envelope",
      "valentines",
    ],
    "name": "💌",
  },
  Object {
    "keywords": Array [
      "💘",
      "heart_with_arrow",
      "love",
      "like",
      "heart",
      "affection",
      "valentines",
    ],
    "name": "💘",
  },
  Object {
    "keywords": Array [
      "🏟️",
      "stadium",
      "photo",
      "place",
      "sports",
      "concert",
      "venue",
    ],
    "name": "🏟️",
  },
  Object {
    "keywords": Array [
      "🌀",
      "cyclone",
      "weather",
      "swirl",
      "blue",
      "cloud",
      "vortex",
      "spiral",
      "whirlpool",
      "spin",
      "tornado",
      "hurricane",
      "typhoon",
    ],
    "name": "🌀",
  },
  Object {
    "keywords": Array [
      "☑️",
      "check_box_with_check",
      "ok",
      "agree",
      "confirm",
      "black-square",
      "vote",
      "election",
      "yes",
      "tick",
    ],
    "name": "☑️",
  },
  Object {
    "keywords": Array [
      "😻",
      "smiling_cat_with_heart_eyes",
      "animal",
      "love",
      "like",
      "affection",
      "cats",
      "valentines",
      "heart",
    ],
    "name": "😻",
  },
  Object {
    "keywords": Array [
      "💋",
      "kiss_mark",
      "face",
      "lips",
      "love",
      "like",
      "affection",
      "valentines",
    ],
    "name": "💋",
  },
  Object {
    "keywords": Array [
      "💑",
      "couple_with_heart",
      "pair",
      "love",
      "like",
      "affection",
      "human",
      "dating",
      "valentines",
      "marriage",
    ],
    "name": "💑",
  },
  Object {
    "keywords": Array [
      "👨‍❤️‍👨",
      "couple_with_heart_man_man",
      "pair",
      "love",
      "like",
      "affection",
      "human",
      "dating",
      "valentines",
      "marriage",
    ],
    "name": "👨‍❤️‍👨",
  },
  Object {
    "keywords": Array [
      "👩‍❤️‍👩",
      "couple_with_heart_woman_woman",
      "pair",
      "love",
      "like",
      "affection",
      "human",
      "dating",
      "valentines",
      "marriage",
    ],
    "name": "👩‍❤️‍👩",
  },
  Object {
    "keywords": Array [
      "👫",
      "woman_and_man_holding_hands",
      "pair",
      "people",
      "human",
      "love",
      "date",
      "dating",
      "like",
      "affection",
      "valentines",
      "marriage",
    ],
    "name": "👫",
  },
  Object {
    "keywords": Array [
      "🫵",
      "index pointing at the viewer",
      "you",
      "recruit",
    ],
    "name": "🫵",
  },
  Object {
    "keywords": Array [
      "👰‍♂️",
      "man with veil",
      "wedding",
      "marriage",
    ],
    "name": "👰‍♂️",
  },
  Object {
    "keywords": Array [
      "👰‍♀️",
      "woman with veil",
      "wedding",
      "marriage",
    ],
    "name": "👰‍♀️",
  },
  Object {
    "keywords": Array [
      "🩹",
      "adhesive_bandage",
      "heal",
    ],
    "name": "🩹",
  },
  Object {
    "keywords": Array [
      "🛬",
      "airplane_arrival",
      "airport",
      "flight",
      "boarding",
    ],
    "name": "🛬",
  },
  Object {
    "keywords": Array [
      "🥑",
      "avocado",
      "fruit",
      "food",
    ],
    "name": "🥑",
  },
  Object {
    "keywords": Array [
      "🦫",
      "beaver",
      "animal",
      "rodent",
    ],
    "name": "🦫",
  },
  Object {
    "keywords": Array [
      "🧃",
      "beverage_box",
      "drink",
    ],
    "name": "🧃",
  },
  Object {
    "keywords": Array [
      "🥊",
      "boxing_glove",
      "sports",
      "fighting",
    ],
    "name": "🥊",
  },
  Object {
    "keywords": Array [
      "👰",
      "bride_with_veil",
      "couple",
      "marriage",
      "wedding",
      "woman",
      "bride",
    ],
    "name": "👰",
  },
  Object {
    "keywords": Array [
      "🗂️",
      "card_index_dividers",
      "organizing",
      "business",
      "stationery",
    ],
    "name": "🗂️",
  },
  Object {
    "keywords": Array [
      "🔃",
      "clockwise_vertical_arrows",
      "sync",
      "cycle",
      "round",
      "repeat",
    ],
    "name": "🔃",
  },
  Object {
    "keywords": Array [
      "🏪",
      "convenience_store",
      "building",
      "shopping",
      "groceries",
    ],
    "name": "🏪",
  },
  Object {
    "keywords": Array [
      "🚚",
      "delivery_truck",
      "cars",
      "transportation",
    ],
    "name": "🚚",
  },
  Object {
    "keywords": Array [
      "🕵️",
      "detective",
      "human",
      "spy",
      "detective",
    ],
    "name": "🕵️",
  },
  Object {
    "keywords": Array [
      "🤿",
      "diving_mask",
      "sport",
      "ocean",
    ],
    "name": "🤿",
  },
  Object {
    "keywords": Array [
      "➗",
      "division_sign",
      "divide",
      "math",
      "calculation",
    ],
    "name": "➗",
  },
  Object {
    "keywords": Array [
      "🕊️",
      "dove",
      "animal",
      "bird",
    ],
    "name": "🕊️",
  },
  Object {
    "keywords": Array [
      "📀",
      "dvd",
      "cd",
      "disk",
      "disc",
    ],
    "name": "📀",
  },
  Object {
    "keywords": Array [
      "🛗",
      "elevator",
      "lift",
    ],
    "name": "🛗",
  },
  Object {
    "keywords": Array [
      "🕚",
      "eleven_o_clock",
      "11",
      "11:00",
      "1100",
      "23:00",
      "2300",
      "time",
      "late",
      "early",
      "schedule",
    ],
    "name": "🕚",
  },
  Object {
    "keywords": Array [
      "🕦",
      "eleven_thirty",
      "11:30",
      "1130",
      "23:30",
      "2330",
      "time",
      "late",
      "early",
      "schedule",
    ],
    "name": "🕦",
  },
  Object {
    "keywords": Array [
      "✉️",
      "envelope",
      "letter",
      "postal",
      "inbox",
      "communication",
    ],
    "name": "✉️",
  },
  Object {
    "keywords": Array [
      "📩",
      "envelope_with_arrow",
      "email",
      "communication",
    ],
    "name": "📩",
  },
  Object {
    "keywords": Array [
      "🌲",
      "evergreen_tree",
      "plant",
      "nature",
    ],
    "name": "🌲",
  },
  Object {
    "keywords": Array [
      "🫢",
      "face with open eyes and hand over mouth",
      "silence",
      "secret",
      "shock",
      "surprise",
    ],
    "name": "🫢",
  },
  Object {
    "keywords": Array [
      "😋",
      "face_savoring_food",
      "happy",
      "joy",
      "tongue",
      "smile",
      "face",
      "silly",
      "yummy",
      "nom",
      "delicious",
      "savouring",
    ],
    "name": "😋",
  },
  Object {
    "keywords": Array [
      "🤮",
      "face_vomiting",
      "face",
      "sick",
    ],
    "name": "🤮",
  },
  Object {
    "keywords": Array [
      "🤭",
      "face_with_hand_over_mouth",
      "face",
      "whoops",
      "shock",
      "surprise",
    ],
    "name": "🤭",
  },
  Object {
    "keywords": Array [
      "⏪",
      "fast_reverse_button",
      "play",
      "blue-square",
    ],
    "name": "⏪",
  },
  Object {
    "keywords": Array [
      "🕔",
      "five_o_clock",
      "5",
      "5:00",
      "500",
      "17:00",
      "1700",
      "time",
      "late",
      "early",
      "schedule",
    ],
    "name": "🕔",
  },
  Object {
    "keywords": Array [
      "🕠",
      "five_thirty",
      "5:30",
      "530",
      "17:30",
      "1730",
      "time",
      "late",
      "early",
      "schedule",
    ],
    "name": "🕠",
  },
  Object {
    "keywords": Array [
      "🇧🇴",
      "flag_bolivia",
      "bo",
      "flag",
      "nation",
      "country",
      "banner",
      "bolivia",
    ],
    "name": "🇧🇴",
  },
  Object {
    "keywords": Array [
      "🇧🇦",
      "flag_bosnia_herzegovina",
      "bosnia",
      "herzegovina",
      "flag",
      "nation",
      "country",
      "banner",
      "bosnia_herzegovina",
    ],
    "name": "🇧🇦",
  },
  Object {
    "keywords": Array [
      "🇧🇻",
      "flag_bouvet_island",
      "norway",
    ],
    "name": "🇧🇻",
  },
  Object {
    "keywords": Array [
      "🇨🇬",
      "flag_congo_brazzaville",
      "congo",
      "flag",
      "nation",
      "country",
      "banner",
      "congo_brazzaville",
    ],
    "name": "🇨🇬",
  },
  Object {
    "keywords": Array [
      "🇨🇮",
      "flag_cote_d_ivoire",
      "ivory",
      "coast",
      "flag",
      "nation",
      "country",
      "banner",
      "cote_d_ivoire",
    ],
    "name": "🇨🇮",
  },
  Object {
    "keywords": Array [
      "🇸🇻",
      "flag_el_salvador",
      "el",
      "salvador",
      "flag",
      "nation",
      "country",
      "banner",
      "el_salvador",
    ],
    "name": "🇸🇻",
  },
  Object {
    "keywords": Array [
      "🇽🇰",
      "flag_kosovo",
      "xk",
      "flag",
      "nation",
      "country",
      "banner",
      "kosovo",
    ],
    "name": "🇽🇰",
  },
  Object {
    "keywords": Array [
      "🇱🇻",
      "flag_latvia",
      "lv",
      "flag",
      "nation",
      "country",
      "banner",
      "latvia",
    ],
    "name": "🇱🇻",
  },
  Object {
    "keywords": Array [
      "🇲🇻",
      "flag_maldives",
      "mv",
      "flag",
      "nation",
      "country",
      "banner",
      "maldives",
    ],
    "name": "🇲🇻",
  },
  Object {
    "keywords": Array [
      "🇲🇩",
      "flag_moldova",
      "moldova",
      "republic",
      "flag",
      "nation",
      "country",
      "banner",
      "moldova",
    ],
    "name": "🇲🇩",
  },
  Object {
    "keywords": Array [
      "🇸🇰",
      "flag_slovakia",
      "sk",
      "flag",
      "nation",
      "country",
      "banner",
      "slovakia",
    ],
    "name": "🇸🇰",
  },
  Object {
    "keywords": Array [
      "🇸🇮",
      "flag_slovenia",
      "si",
      "flag",
      "nation",
      "country",
      "banner",
      "slovenia",
    ],
    "name": "🇸🇮",
  },
  Object {
    "keywords": Array [
      "🇰🇳",
      "flag_st_kitts_nevis",
      "saint",
      "kitts",
      "nevis",
      "flag",
      "nation",
      "country",
      "banner",
      "st_kitts_nevis",
    ],
    "name": "🇰🇳",
  },
  Object {
    "keywords": Array [
      "🇸🇯",
      "flag_svalbard_jan_mayen",
    ],
    "name": "🇸🇯",
  },
  Object {
    "keywords": Array [
      "🇹🇻",
      "flag_tuvalu",
      "flag",
      "nation",
      "country",
      "banner",
      "tuvalu",
    ],
    "name": "🇹🇻",
  },
  Object {
    "keywords": Array [
      "🧤",
      "gloves",
      "hands",
      "winter",
      "clothes",
    ],
    "name": "🧤",
  },
  Object {
    "keywords": Array [
      "🙉",
      "hear_no_evil_monkey",
      "animal",
      "monkey",
      "nature",
    ],
    "name": "🙉",
  },
  Object {
    "keywords": Array [
      "🟰",
      "heavy equals sign",
      "math",
    ],
    "name": "🟰",
  },
  Object {
    "keywords": Array [
      "💲",
      "heavy_dollar_sign",
      "money",
      "sales",
      "payment",
      "currency",
      "buck",
    ],
    "name": "💲",
  },
  Object {
    "keywords": Array [
      "⚡",
      "high_voltage",
      "thunder",
      "weather",
      "lightning bolt",
      "fast",
    ],
    "name": "⚡",
  },
  Object {
    "keywords": Array [
      "☕",
      "hot_beverage",
      "beverage",
      "caffeine",
      "latte",
      "espresso",
      "coffee",
      "mug",
    ],
    "name": "☕",
  },
  Object {
    "keywords": Array [
      "📨",
      "incoming_envelope",
      "email",
      "inbox",
    ],
    "name": "📨",
  },
  Object {
    "keywords": Array [
      "🈵",
      "japanese_no_vacancy_button",
      "full",
      "chinese",
      "japanese",
      "red-square",
      "kanji",
    ],
    "name": "🈵",
  },
  Object {
    "keywords": Array [
      "🈯",
      "japanese_reserved_button",
      "chinese",
      "point",
      "green-square",
      "kanji",
    ],
    "name": "🈯",
  },
  Object {
    "keywords": Array [
      "🈂️",
      "japanese_service_charge_button",
      "japanese",
      "blue-square",
      "katakana",
    ],
    "name": "🈂️",
  },
  Object {
    "keywords": Array [
      "🈳",
      "japanese_vacancy_button",
      "kanji",
      "japanese",
      "chinese",
      "empty",
      "sky",
      "blue-square",
    ],
    "name": "🈳",
  },
  Object {
    "keywords": Array [
      "↪️",
      "left_arrow_curving_right",
      "blue-square",
      "return",
      "rotate",
      "direction",
    ],
    "name": "↪️",
  },
  Object {
    "keywords": Array [
      "🎚️",
      "level_slider",
      "scale",
    ],
    "name": "🎚️",
  },
  Object {
    "keywords": Array [
      "🏩",
      "love_hotel",
      "like",
      "affection",
      "dating",
    ],
    "name": "🏩",
  },
  Object {
    "keywords": Array [
      "🤟",
      "love_you_gesture",
      "hand",
      "fingers",
      "gesture",
    ],
    "name": "🤟",
  },
  Object {
    "keywords": Array [
      "🕵️‍♂️",
      "man_detective",
      "crime",
    ],
    "name": "🕵️‍♂️",
  },
  Object {
    "keywords": Array [
      "🕴️",
      "man_in_suit_levitating",
      "suit",
      "business",
      "levitate",
      "hover",
      "jump",
    ],
    "name": "🕴️",
  },
  Object {
    "keywords": Array [
      "🦹‍♂️",
      "man_supervillain",
      "man",
      "male",
      "evil",
      "bad",
      "criminal",
      "hero",
      "superpowers",
    ],
    "name": "🦹‍♂️",
  },
  Object {
    "keywords": Array [
      "🧛‍♂️",
      "man_vampire",
      "man",
      "male",
      "dracula",
    ],
    "name": "🧛‍♂️",
  },
  Object {
    "keywords": Array [
      "🎑",
      "moon_viewing_ceremony",
      "photo",
      "japan",
      "asia",
      "tsukimi",
    ],
    "name": "🎑",
  },
  Object {
    "keywords": Array [
      "🎥",
      "movie_camera",
      "film",
      "record",
    ],
    "name": "🎥",
  },
  Object {
    "keywords": Array [
      "📔",
      "notebook_with_decorative_cover",
      "classroom",
      "notes",
      "record",
      "paper",
      "study",
    ],
    "name": "📔",
  },
  Object {
    "keywords": Array [
      "🫒",
      "olive",
      "fruit",
    ],
    "name": "🫒",
  },
  Object {
    "keywords": Array [
      "😔",
      "pensive_face",
      "face",
      "sad",
      "depressed",
      "upset",
    ],
    "name": "😔",
  },
  Object {
    "keywords": Array [
      "😣",
      "persevering_face",
      "face",
      "sick",
      "no",
      "upset",
      "oops",
    ],
    "name": "😣",
  },
  Object {
    "keywords": Array [
      "☢️",
      "radioactive",
      "nuclear",
      "danger",
    ],
    "name": "☢️",
  },
  Object {
    "keywords": Array [
      "🧧",
      "red_envelope",
      "gift",
    ],
    "name": "🧧",
  },
  Object {
    "keywords": Array [
      "😌",
      "relieved_face",
      "face",
      "relaxed",
      "phew",
      "massage",
      "happiness",
    ],
    "name": "😌",
  },
  Object {
    "keywords": Array [
      "◀️",
      "reverse_button",
      "blue-square",
      "left",
      "direction",
    ],
    "name": "◀️",
  },
  Object {
    "keywords": Array [
      "⤵️",
      "right_arrow_curving_down",
      "blue-square",
      "direction",
      "bottom",
    ],
    "name": "⤵️",
  },
  Object {
    "keywords": Array [
      "↩️",
      "right_arrow_curving_left",
      "back",
      "return",
      "blue-square",
      "undo",
      "enter",
    ],
    "name": "↩️",
  },
  Object {
    "keywords": Array [
      "⤴️",
      "right_arrow_curving_up",
      "blue-square",
      "direction",
      "top",
    ],
    "name": "⤴️",
  },
  Object {
    "keywords": Array [
      "😥",
      "sad_but_relieved_face",
      "face",
      "phew",
      "sweat",
      "nervous",
    ],
    "name": "😥",
  },
  Object {
    "keywords": Array [
      "🦺",
      "safety_vest",
      "protection",
    ],
    "name": "🦺",
  },
  Object {
    "keywords": Array [
      "🪛",
      "screwdriver",
      "tools",
    ],
    "name": "🪛",
  },
  Object {
    "keywords": Array [
      "🙈",
      "see_no_evil_monkey",
      "monkey",
      "animal",
      "nature",
      "haha",
    ],
    "name": "🙈",
  },
  Object {
    "keywords": Array [
      "🐕‍🦺",
      "service_dog",
      "blind",
      "animal",
    ],
    "name": "🐕‍🦺",
  },
  Object {
    "keywords": Array [
      "🕖",
      "seven_o_clock",
      "7",
      "7:00",
      "700",
      "19:00",
      "1900",
      "time",
      "late",
      "early",
      "schedule",
    ],
    "name": "🕖",
  },
  Object {
    "keywords": Array [
      "🕢",
      "seven_thirty",
      "7:30",
      "730",
      "19:30",
      "1930",
      "time",
      "late",
      "early",
      "schedule",
    ],
    "name": "🕢",
  },
  Object {
    "keywords": Array [
      "🍧",
      "shaved_ice",
      "hot",
      "dessert",
      "summer",
    ],
    "name": "🍧",
  },
  Object {
    "keywords": Array [
      "🙊",
      "speak_no_evil_monkey",
      "monkey",
      "animal",
      "nature",
      "omg",
    ],
    "name": "🙊",
  },
  Object {
    "keywords": Array [
      "✡️",
      "star_of_david",
      "judaism",
    ],
    "name": "✡️",
  },
  Object {
    "keywords": Array [
      "🦹",
      "supervillain",
      "marvel",
    ],
    "name": "🦹",
  },
  Object {
    "keywords": Array [
      "📞",
      "telephone_receiver",
      "technology",
      "communication",
      "dial",
    ],
    "name": "📞",
  },
  Object {
    "keywords": Array [
      "📺",
      "television",
      "technology",
      "program",
      "oldschool",
      "show",
      "television",
    ],
    "name": "📺",
  },
  Object {
    "keywords": Array [
      "🕛",
      "twelve_o_clock",
      "12",
      "00:00",
      "0000",
      "12:00",
      "1200",
      "time",
      "noon",
      "midnight",
      "midday",
      "late",
      "early",
      "schedule",
    ],
    "name": "🕛",
  },
  Object {
    "keywords": Array [
      "🕧",
      "twelve_thirty",
      "00:30",
      "0030",
      "12:30",
      "1230",
      "time",
      "late",
      "early",
      "schedule",
    ],
    "name": "🕧",
  },
  Object {
    "keywords": Array [
      "🌊",
      "water_wave",
      "sea",
      "water",
      "wave",
      "nature",
      "tsunami",
      "disaster",
    ],
    "name": "🌊",
  },
  Object {
    "keywords": Array [
      "👋",
      "waving_hand",
      "hands",
      "gesture",
      "goodbye",
      "solong",
      "farewell",
      "hello",
      "hi",
      "palm",
    ],
    "name": "👋",
  },
  Object {
    "keywords": Array [
      "〰️",
      "wavy_dash",
      "draw",
      "line",
      "moustache",
      "mustache",
      "squiggle",
      "scribble",
    ],
    "name": "〰️",
  },
  Object {
    "keywords": Array [
      "🕵️‍♀️",
      "woman_detective",
      "human",
      "spy",
      "detective",
      "female",
      "woman",
    ],
    "name": "🕵️‍♀️",
  },
  Object {
    "keywords": Array [
      "🦹‍♀️",
      "woman_supervillain",
      "woman",
      "female",
      "evil",
      "bad",
      "criminal",
      "heroine",
      "superpowers",
    ],
    "name": "🦹‍♀️",
  },
  Object {
    "keywords": Array [
      "🧛‍♀️",
      "woman_vampire",
      "woman",
      "female",
    ],
    "name": "🧛‍♀️",
  },
  Object {
    "keywords": Array [
      "👨‍✈️",
      "man_pilot",
      "aviator",
      "plane",
      "man",
      "human",
    ],
    "name": "👨‍✈️",
  },
  Object {
    "keywords": Array [
      "👩‍✈️",
      "woman_pilot",
      "aviator",
      "plane",
      "woman",
      "human",
    ],
    "name": "👩‍✈️",
  },
  Object {
    "keywords": Array [
      "🥛",
      "glass_of_milk",
      "beverage",
      "drink",
      "cow",
    ],
    "name": "🥛",
  },
  Object {
    "keywords": Array [
      "🍹",
      "tropical_drink",
      "beverage",
      "cocktail",
      "summer",
      "beach",
      "alcohol",
      "booze",
      "mojito",
    ],
    "name": "🍹",
  },
  Object {
    "keywords": Array [
      "🥂",
      "clinking_glasses",
      "beverage",
      "drink",
      "party",
      "alcohol",
      "celebrate",
      "cheers",
      "wine",
      "champagne",
      "toast",
    ],
    "name": "🥂",
  },
  Object {
    "keywords": Array [
      "🎢",
      "roller_coaster",
      "carnival",
      "playground",
      "photo",
      "fun",
    ],
    "name": "🎢",
  },
  Object {
    "keywords": Array [
      "⚜️",
      "fleur_de_lis",
      "decorative",
      "scout",
    ],
    "name": "⚜️",
  },
  Object {
    "keywords": Array [
      "😈",
      "smiling_face_with_horns",
      "devil",
      "horns",
    ],
    "name": "😈",
  },
  Object {
    "keywords": Array [
      "👿",
      "angry_face_with_horns",
      "devil",
      "angry",
      "horns",
    ],
    "name": "👿",
  },
  Object {
    "keywords": Array [
      "🌃",
      "night_with_stars",
      "evening",
      "city",
      "downtown",
    ],
    "name": "🌃",
  },
  Object {
    "keywords": Array [
      "🎫",
      "ticket",
      "event",
      "concert",
      "pass",
    ],
    "name": "🎫",
  },
  Object {
    "keywords": Array [
      "🖤",
      "black_heart",
      "evil",
    ],
    "name": "🖤",
  },
  Object {
    "keywords": Array [
      "📑",
      "bookmark_tabs",
      "favorite",
      "save",
      "order",
      "tidy",
    ],
    "name": "📑",
  },
  Object {
    "keywords": Array [
      "🔖",
      "bookmark",
      "favorite",
      "label",
      "save",
    ],
    "name": "🔖",
  },
  Object {
    "keywords": Array [
      "🎅",
      "santa_claus",
      "festival",
      "man",
      "male",
      "xmas",
      "father christmas",
    ],
    "name": "🎅",
  },
  Object {
    "keywords": Array [
      "🎪",
      "circus_tent",
      "festival",
      "carnival",
      "party",
    ],
    "name": "🎪",
  },
  Object {
    "keywords": Array [
      "🎊",
      "confetti_ball",
      "festival",
      "party",
      "birthday",
      "circus",
    ],
    "name": "🎊",
  },
  Object {
    "keywords": Array [
      "♾️",
      "infinity",
      "forever",
    ],
    "name": "♾️",
  },
  Object {
    "keywords": Array [
      "👼",
      "baby_angel",
      "heaven",
      "wings",
      "halo",
    ],
    "name": "👼",
  },
  Object {
    "keywords": Array [
      "❗",
      "exclamation_mark",
      "heavy_exclamation_mark",
      "danger",
      "surprise",
      "punctuation",
      "wow",
      "warning",
    ],
    "name": "❗",
  },
  Object {
    "keywords": Array [
      "🫷",
      "leftwards pushing hand",
      "highfive",
      "pressing",
      "stop",
    ],
    "name": "🫷",
  },
  Object {
    "keywords": Array [
      "🫸",
      "rightwards pushing hand",
      "highfive",
      "pressing",
      "stop",
    ],
    "name": "🫸",
  },
  Object {
    "keywords": Array [
      "🫥",
      "dotted line face",
      "invisible",
      "lonely",
      "isolation",
      "depression",
    ],
    "name": "🫥",
  },
  Object {
    "keywords": Array [
      "🛟",
      "ring buoy",
      "life saver",
      "life preserver",
    ],
    "name": "🛟",
  },
  Object {
    "keywords": Array [
      "👩‍❤️‍💋‍👨",
      "kiss_woman_man",
      "love",
    ],
    "name": "👩‍❤️‍💋‍👨",
  },
  Object {
    "keywords": Array [
      "👩‍❤️‍👨",
      "couple_with_heart_woman_man",
      "love",
    ],
    "name": "👩‍❤️‍👨",
  },
  Object {
    "keywords": Array [
      "👨‍👩‍👦",
      "family_man_woman_boy",
      "love",
    ],
    "name": "👨‍👩‍👦",
  },
  Object {
    "keywords": Array [
      "💒",
      "wedding",
      "love",
      "like",
      "affection",
      "couple",
      "marriage",
      "bride",
      "groom",
    ],
    "name": "💒",
  },
  Object {
    "keywords": Array [
      "🫶",
      "heart hands",
      "love",
      "appreciation",
      "support",
    ],
    "name": "🫶",
  },
  Object {
    "keywords": Array [
      "🦸",
      "superhero",
      "marvel",
    ],
    "name": "🦸",
  },
  Object {
    "keywords": Array [
      "🚶",
      "person_walking",
      "move",
    ],
    "name": "🚶",
  },
  Object {
    "keywords": Array [
      "🏃",
      "person_running",
      "move",
    ],
    "name": "🏃",
  },
  Object {
    "keywords": Array [
      "🛺",
      "auto_rickshaw",
      "move",
      "transportation",
    ],
    "name": "🛺",
  },
  Object {
    "keywords": Array [
      "🎞️",
      "film_frames",
      "movie",
    ],
    "name": "🎞️",
  },
  Object {
    "keywords": Array [
      "🎬",
      "clapper_board",
      "movie",
      "film",
      "record",
    ],
    "name": "🎬",
  },
  Object {
    "keywords": Array [
      "🔓",
      "unlocked",
      "privacy",
      "security",
    ],
    "name": "🔓",
  },
  Object {
    "keywords": Array [
      "㊙️",
      "japanese_secret_button",
      "privacy",
      "chinese",
      "sshh",
      "kanji",
      "red-circle",
    ],
    "name": "㊙️",
  },
  Object {
    "keywords": Array [
      "😮‍💨",
      "face exhaling",
      "relieve",
      "relief",
      "tired",
      "sigh",
    ],
    "name": "😮‍💨",
  },
  Object {
    "keywords": Array [
      "🛎️",
      "bellhop_bell",
      "service",
    ],
    "name": "🛎️",
  },
  Object {
    "keywords": Array [
      "🩶",
      "grey heart",
      "silver",
      "monochrome",
    ],
    "name": "🩶",
  },
  Object {
    "keywords": Array [
      "🆙",
      "up_button",
      "blue-square",
      "above",
      "high",
    ],
    "name": "🆙",
  },
  Object {
    "keywords": Array [
      "🍷",
      "wine_glass",
      "drink",
      "beverage",
      "drunk",
      "alcohol",
      "booze",
    ],
    "name": "🍷",
  },
  Object {
    "keywords": Array [
      "🍺",
      "beer_mug",
      "relax",
      "beverage",
      "drink",
      "drunk",
      "party",
      "pub",
      "summer",
      "alcohol",
      "booze",
    ],
    "name": "🍺",
  },
  Object {
    "keywords": Array [
      "🍻",
      "clinking_beer_mugs",
      "relax",
      "beverage",
      "drink",
      "drunk",
      "party",
      "pub",
      "summer",
      "alcohol",
      "booze",
    ],
    "name": "🍻",
  },
  Object {
    "keywords": Array [
      "🥃",
      "tumbler_glass",
      "drink",
      "beverage",
      "drunk",
      "alcohol",
      "liquor",
      "booze",
      "bourbon",
      "scotch",
      "whisky",
      "glass",
      "shot",
    ],
    "name": "🥃",
  },
  Object {
    "keywords": Array [
      "🎠",
      "carousel_horse",
      "photo",
      "carnival",
    ],
    "name": "🎠",
  },
  Object {
    "keywords": Array [
      "🎡",
      "ferris_wheel",
      "photo",
      "carnival",
      "londoneye",
    ],
    "name": "🎡",
  },
  Object {
    "keywords": Array [
      "🖌️",
      "paintbrush",
      "drawing",
      "creativity",
      "art",
    ],
    "name": "🖌️",
  },
  Object {
    "keywords": Array [
      "🖍️",
      "crayon",
      "drawing",
      "creativity",
    ],
    "name": "🖍️",
  },
  Object {
    "keywords": Array [
      "👨‍💻",
      "man_technologist",
      "coder",
      "developer",
      "engineer",
      "programmer",
      "software",
      "man",
      "human",
      "laptop",
      "computer",
    ],
    "name": "👨‍💻",
  },
  Object {
    "keywords": Array [
      "👩‍💻",
      "woman_technologist",
      "coder",
      "developer",
      "engineer",
      "programmer",
      "software",
      "woman",
      "human",
      "laptop",
      "computer",
    ],
    "name": "👩‍💻",
  },
  Object {
    "keywords": Array [
      "🈹",
      "japanese_discount_button",
      "cut",
      "divide",
      "chinese",
      "kanji",
      "pink-square",
    ],
    "name": "🈹",
  },
  Object {
    "keywords": Array [
      "💿",
      "optical_disk",
      "technology",
      "dvd",
      "disk",
      "disc",
      "90s",
    ],
    "name": "💿",
  },
  Object {
    "keywords": Array [
      "🏣",
      "japanese_post_office",
      "building",
      "envelope",
      "communication",
    ],
    "name": "🏣",
  },
  Object {
    "keywords": Array [
      "🏞️",
      "national_park",
      "photo",
      "environment",
      "nature",
    ],
    "name": "🏞️",
  },
  Object {
    "keywords": Array [
      "♻️",
      "recycling_symbol",
      "arrow",
      "environment",
      "garbage",
      "trash",
    ],
    "name": "♻️",
  },
  Object {
    "keywords": Array [
      "🌆",
      "cityscape_at_dusk",
      "photo",
      "evening",
      "sky",
      "buildings",
    ],
    "name": "🌆",
  },
  Object {
    "keywords": Array [
      "🏚️",
      "derelict_house",
      "abandon",
      "evict",
      "broken",
      "building",
    ],
    "name": "🏚️",
  },
  Object {
    "keywords": Array [
      "👺",
      "goblin",
      "red",
      "evil",
      "mask",
      "monster",
      "scary",
      "creepy",
      "japanese",
      "goblin",
    ],
    "name": "👺",
  },
  Object {
    "keywords": Array [
      "🐍",
      "snake",
      "animal",
      "evil",
      "nature",
      "hiss",
      "python",
    ],
    "name": "🐍",
  },
  Object {
    "keywords": Array [
      "🎆",
      "fireworks",
      "photo",
      "festival",
      "carnival",
      "congratulations",
    ],
    "name": "🎆",
  },
  Object {
    "keywords": Array [
      "🥵",
      "hot_face",
      "face",
      "feverish",
      "heat",
      "red",
      "sweating",
    ],
    "name": "🥵",
  },
  Object {
    "keywords": Array [
      "🪻",
      "hyacinth",
      "flower",
      "lavender",
    ],
    "name": "🪻",
  },
  Object {
    "keywords": Array [
      "🥡",
      "takeout_box",
      "food",
      "leftovers",
    ],
    "name": "🥡",
  },
  Object {
    "keywords": Array [
      "💟",
      "heart_decoration",
      "purple-square",
      "love",
      "like",
    ],
    "name": "💟",
  },
  Object {
    "keywords": Array [
      "❣️",
      "heart_exclamation",
      "decoration",
      "love",
    ],
    "name": "❣️",
  },
  Object {
    "keywords": Array [
      "🫰",
      "hand with index finger and thumb crossed",
      "heart",
      "love",
      "money",
      "expensive",
    ],
    "name": "🫰",
  },
  Object {
    "keywords": Array [
      "🚣",
      "person_rowing_boat",
      "sport",
      "move",
    ],
    "name": "🚣",
  },
  Object {
    "keywords": Array [
      "🚴",
      "person_biking",
      "sport",
      "move",
    ],
    "name": "🚴",
  },
  Object {
    "keywords": Array [
      "🚵",
      "person_mountain_biking",
      "sport",
      "move",
    ],
    "name": "🚵",
  },
  Object {
    "keywords": Array [
      "🍿",
      "popcorn",
      "food",
      "movie theater",
      "films",
      "snack",
      "drama",
    ],
    "name": "🍿",
  },
  Object {
    "keywords": Array [
      "🧭",
      "compass",
      "magnetic",
      "navigation",
      "orienteering",
    ],
    "name": "🧭",
  },
  Object {
    "keywords": Array [
      "😰",
      "anxious_face_with_sweat",
      "face",
      "nervous",
      "sweat",
    ],
    "name": "😰",
  },
  Object {
    "keywords": Array [
      "⬅️",
      "left_arrow",
      "blue-square",
      "previous",
      "back",
    ],
    "name": "⬅️",
  },
  Object {
    "keywords": Array [
      "🔐",
      "locked_with_key",
      "security",
      "privacy",
    ],
    "name": "🔐",
  },
  Object {
    "keywords": Array [
      "🧳",
      "luggage",
      "packing",
      "travel",
    ],
    "name": "🧳",
  },
  Object {
    "keywords": Array [
      "🛅",
      "left_luggage",
      "blue-square",
      "travel",
    ],
    "name": "🛅",
  },
  Object {
    "keywords": Array [
      "🧉",
      "mate",
      "drink",
      "tea",
      "beverage",
    ],
    "name": "🧉",
  },
  Object {
    "keywords": Array [
      "🧑‍🎨",
      "artist",
      "painting",
      "draw",
      "creativity",
    ],
    "name": "🧑‍🎨",
  },
  Object {
    "keywords": Array [
      "📮",
      "postbox",
      "email",
      "letter",
      "envelope",
    ],
    "name": "📮",
  },
  Object {
    "keywords": Array [
      "🏔️",
      "snow_capped_mountain",
      "photo",
      "nature",
      "environment",
      "winter",
      "cold",
    ],
    "name": "🏔️",
  },
  Object {
    "keywords": Array [
      "⛰️",
      "mountain",
      "photo",
      "nature",
      "environment",
    ],
    "name": "⛰️",
  },
  Object {
    "keywords": Array [
      "🤘",
      "sign_of_the_horns",
      "hand",
      "fingers",
      "evil_eye",
      "sign_of_horns",
      "rock_on",
    ],
    "name": "🤘",
  },
  Object {
    "keywords": Array [
      "🪦",
      "headstone",
      "death",
      "rip",
      "grave",
    ],
    "name": "🪦",
  },
  Object {
    "keywords": Array [
      "🈶",
      "japanese_not_free_of_charge_button",
      "orange-square",
      "chinese",
      "have",
      "kanji",
    ],
    "name": "🈶",
  },
  Object {
    "keywords": Array [
      "😇",
      "smiling_face_with_halo",
      "face",
      "angel",
      "heaven",
      "halo",
      "innocent",
    ],
    "name": "😇",
  },
  Object {
    "keywords": Array [
      "✋",
      "raised_hand",
      "fingers",
      "stop",
      "highfive",
      "palm",
      "ban",
    ],
    "name": "✋",
  },
  Object {
    "keywords": Array [
      "👬",
      "men_holding_hands",
      "pair",
      "couple",
      "love",
      "like",
      "bromance",
      "friendship",
      "people",
      "human",
    ],
    "name": "👬",
  },
  Object {
    "keywords": Array [
      "🇫🇰",
      "flag_falkland_islands",
      "falkland",
      "islands",
      "malvinas",
      "flag",
      "nation",
      "country",
      "banner",
      "falkland_islands",
    ],
    "name": "🇫🇰",
  },
  Object {
    "keywords": Array [
      "😉",
      "winking_face",
      "face",
      "happy",
      "mischievous",
      "secret",
      ";)",
      "smile",
      "eye",
    ],
    "name": "😉",
  },
  Object {
    "keywords": Array [
      "😟",
      "worried_face",
      "face",
      "concern",
      "nervous",
      ":(",
    ],
    "name": "😟",
  },
  Object {
    "keywords": Array [
      "😧",
      "anguished_face",
      "face",
      "stunned",
      "nervous",
    ],
    "name": "😧",
  },
  Object {
    "keywords": Array [
      "⛔",
      "no_entry",
      "limit",
      "security",
      "privacy",
      "bad",
      "denied",
      "stop",
      "circle",
    ],
    "name": "⛔",
  },
  Object {
    "keywords": Array [
      "❌",
      "cross_mark",
      "no",
      "delete",
      "remove",
      "cancel",
      "red",
    ],
    "name": "❌",
  },
  Object {
    "keywords": Array [
      "💾",
      "floppy_disk",
      "oldschool",
      "technology",
      "save",
      "90s",
      "80s",
    ],
    "name": "💾",
  },
  Object {
    "keywords": Array [
      "🍶",
      "sake",
      "wine",
      "drink",
      "drunk",
      "beverage",
      "japanese",
      "alcohol",
      "booze",
    ],
    "name": "🍶",
  },
  Object {
    "keywords": Array [
      "🍸",
      "cocktail_glass",
      "drink",
      "drunk",
      "alcohol",
      "beverage",
      "booze",
      "mojito",
    ],
    "name": "🍸",
  },
  Object {
    "keywords": Array [
      "🔍",
      "magnifying_glass_tilted_left",
      "search",
      "zoom",
      "find",
      "detective",
    ],
    "name": "🔍",
  },
  Object {
    "keywords": Array [
      "🔎",
      "magnifying_glass_tilted_right",
      "search",
      "zoom",
      "find",
      "detective",
    ],
    "name": "🔎",
  },
  Object {
    "keywords": Array [
      "🤨",
      "face_with_raised_eyebrow",
      "face",
      "distrust",
      "scepticism",
      "disapproval",
      "disbelief",
      "surprise",
    ],
    "name": "🤨",
  },
  Object {
    "keywords": Array [
      "🌙",
      "crescent_moon",
      "night",
      "sleep",
      "sky",
      "evening",
      "magic",
    ],
    "name": "🌙",
  },
  Object {
    "keywords": Array [
      "👭",
      "women_holding_hands",
      "pair",
      "friendship",
      "couple",
      "love",
      "like",
      "female",
      "people",
      "human",
    ],
    "name": "👭",
  },
  Object {
    "keywords": Array [
      "😝",
      "squinting_face_with_tongue",
      "face",
      "prank",
      "playful",
      "mischievous",
      "smile",
      "tongue",
    ],
    "name": "😝",
  },
  Object {
    "keywords": Array [
      "🎦",
      "cinema",
      "blue-square",
      "record",
      "film",
      "movie",
      "curtain",
      "stage",
      "theater",
    ],
    "name": "🎦",
  },
  Object {
    "keywords": Array [
      "😨",
      "fearful_face",
      "face",
      "scared",
      "terrified",
      "nervous",
    ],
    "name": "😨",
  },
  Object {
    "keywords": Array [
      "📈",
      "chart_increasing",
      "graph",
      "presentation",
      "stats",
      "recovery",
      "business",
      "economics",
      "money",
      "sales",
      "good",
      "success",
    ],
    "name": "📈",
  },
  Object {
    "keywords": Array [
      "🫎",
      "moose",
      "shrek",
      "canada",
      "sweden",
      "sven",
      "cool",
    ],
    "name": "🫎",
  },
  Object {
    "keywords": Array [
      "💱",
      "currency_exchange",
      "money",
      "sales",
      "dollar",
      "travel",
    ],
    "name": "💱",
  },
  Object {
    "keywords": Array [
      "🎓",
      "graduation_cap",
      "school",
      "college",
      "degree",
      "university",
      "graduation",
      "cap",
      "hat",
      "legal",
      "learn",
      "education",
    ],
    "name": "🎓",
  },
  Object {
    "keywords": Array [
      "😷",
      "face_with_medical_mask",
      "face",
      "sick",
      "ill",
      "disease",
      "covid",
    ],
    "name": "😷",
  },
  Object {
    "keywords": Array [
      "🚸",
      "children_crossing",
      "school",
      "warning",
      "danger",
      "sign",
      "driving",
      "yellow-diamond",
    ],
    "name": "🚸",
  },
  Object {
    "keywords": Array [
      "🧨",
      "firecracker",
      "dynamite",
      "boom",
      "explode",
      "explosion",
      "explosive",
    ],
    "name": "🧨",
  },
  Object {
    "keywords": Array [
      "🤒",
      "face_with_thermometer",
      "sick",
      "temperature",
      "thermometer",
      "cold",
      "fever",
      "covid",
    ],
    "name": "🤒",
  },
  Object {
    "keywords": Array [
      "🏳️",
      "white_flag",
      "losing",
      "loser",
      "lost",
      "surrender",
      "give up",
      "fail",
    ],
    "name": "🏳️",
  },
  Object {
    "keywords": Array [
      "🙏",
      "folded_hands",
      "please",
      "hope",
      "wish",
      "namaste",
      "highfive",
      "pray",
      "thank you",
      "thanks",
      "appreciate",
    ],
    "name": "🙏",
  },
  Object {
    "keywords": Array [
      "😛",
      "face_with_tongue",
      "face",
      "prank",
      "childish",
      "playful",
      "mischievous",
      "smile",
      "tongue",
    ],
    "name": "😛",
  },
  Object {
    "keywords": Array [
      "😜",
      "winking_face_with_tongue",
      "face",
      "prank",
      "childish",
      "playful",
      "mischievous",
      "smile",
      "wink",
      "tongue",
    ],
    "name": "😜",
  },
  Object {
    "keywords": Array [
      "📦",
      "package",
      "mail",
      "gift",
      "cardboard",
      "box",
      "moving",
    ],
    "name": "📦",
  },
  Object {
    "keywords": Array [
      "🥴",
      "woozy_face",
      "face",
      "dizzy",
      "intoxicated",
      "tipsy",
      "wavy",
    ],
    "name": "🥴",
  },
  Object {
    "keywords": Array [
      "🌑",
      "new_moon",
      "nature",
      "twilight",
      "planet",
      "space",
      "night",
      "evening",
      "sleep",
    ],
    "name": "🌑",
  },
  Object {
    "keywords": Array [
      "🌒",
      "waxing_crescent_moon",
      "nature",
      "twilight",
      "planet",
      "space",
      "night",
      "evening",
      "sleep",
    ],
    "name": "🌒",
  },
  Object {
    "keywords": Array [
      "🌓",
      "first_quarter_moon",
      "nature",
      "twilight",
      "planet",
      "space",
      "night",
      "evening",
      "sleep",
    ],
    "name": "🌓",
  },
  Object {
    "keywords": Array [
      "🌖",
      "waning_gibbous_moon",
      "nature",
      "twilight",
      "planet",
      "space",
      "night",
      "evening",
      "sleep",
      "waxing_gibbous_moon",
    ],
    "name": "🌖",
  },
  Object {
    "keywords": Array [
      "🌗",
      "last_quarter_moon",
      "nature",
      "twilight",
      "planet",
      "space",
      "night",
      "evening",
      "sleep",
    ],
    "name": "🌗",
  },
  Object {
    "keywords": Array [
      "🌘",
      "waning_crescent_moon",
      "nature",
      "twilight",
      "planet",
      "space",
      "night",
      "evening",
      "sleep",
    ],
    "name": "🌘",
  },
  Object {
    "keywords": Array [
      "🌚",
      "new_moon_face",
      "nature",
      "twilight",
      "planet",
      "space",
      "night",
      "evening",
      "sleep",
    ],
    "name": "🌚",
  },
  Object {
    "keywords": Array [
      "🌛",
      "first_quarter_moon_face",
      "nature",
      "twilight",
      "planet",
      "space",
      "night",
      "evening",
      "sleep",
    ],
    "name": "🌛",
  },
  Object {
    "keywords": Array [
      "🌜",
      "last_quarter_moon_face",
      "nature",
      "twilight",
      "planet",
      "space",
      "night",
      "evening",
      "sleep",
    ],
    "name": "🌜",
  },
  Object {
    "keywords": Array [
      "🌝",
      "full_moon_face",
      "nature",
      "twilight",
      "planet",
      "space",
      "night",
      "evening",
      "sleep",
    ],
    "name": "🌝",
  },
  Object {
    "keywords": Array [
      "🤬",
      "face_with_symbols_on_mouth",
      "face",
      "swearing",
      "cursing",
      "cussing",
      "profanity",
      "expletive",
    ],
    "name": "🤬",
  },
  Object {
    "keywords": Array [
      "👹",
      "ogre",
      "monster",
      "red",
      "mask",
      "halloween",
      "scary",
      "creepy",
      "devil",
      "demon",
      "japanese",
      "ogre",
    ],
    "name": "👹",
  },
  Object {
    "keywords": Array [
      "🌕",
      "full_moon",
      "nature",
      "yellow",
      "twilight",
      "planet",
      "space",
      "night",
      "evening",
      "sleep",
    ],
    "name": "🌕",
  },
  Object {
    "keywords": Array [
      "☠️",
      "skull_and_crossbones",
      "poison",
      "danger",
      "deadly",
      "scary",
      "death",
      "pirate",
      "evil",
    ],
    "name": "☠️",
  },
  Object {
    "keywords": Array [
      "🥺",
      "pleading_face",
      "face",
      "begging",
      "mercy",
      "cry",
      "tears",
      "sad",
      "grievance",
    ],
    "name": "🥺",
  },
  Object {
    "keywords": Array [
      "🎋",
      "tanabata_tree",
      "plant",
      "nature",
      "branch",
      "summer",
      "bamboo",
      "wish",
      "star_festival",
      "tanzaku",
    ],
    "name": "🎋",
  },
  Object {
    "keywords": Array [
      "🌔",
      "waxing_gibbous_moon",
      "nature",
      "night",
      "sky",
      "gray",
      "twilight",
      "planet",
      "space",
      "evening",
      "sleep",
    ],
    "name": "🌔",
  },
]
`;
