// Jest Snapshot v1, https://goo.gl/fbAQLP

exports[`match match the snapshot of the "beer" 1`] = `
Array [
  Object {
    "category": "food_and_drink",
    "char": "🍺",
    "fitzpatrick_scale": false,
    "keywords": Array [
      "beer",
      "relax",
      "beverage",
      "drink",
      "drunk",
      "party",
      "pub",
      "summer",
      "alcohol",
      "booze",
    ],
    "name": "beer",
  },
  Object {
    "category": "food_and_drink",
    "char": "🍻",
    "fitzpatrick_scale": false,
    "keywords": Array [
      "beers",
      "relax",
      "beverage",
      "drink",
      "drunk",
      "party",
      "pub",
      "summer",
      "alcohol",
      "booze",
    ],
    "name": "beers",
  },
  Object {
    "category": "food_and_drink",
    "char": "🥛",
    "fitzpatrick_scale": false,
    "keywords": Array [
      "milk_glass",
      "beverage",
      "drink",
      "cow",
    ],
    "name": "milk_glass",
  },
  Object {
    "category": "food_and_drink",
    "char": "🥂",
    "fitzpatrick_scale": false,
    "keywords": Array [
      "clinking_glasses",
      "beverage",
      "drink",
      "party",
      "alcohol",
      "celebrate",
      "cheers",
      "wine",
      "champagne",
      "toast",
    ],
    "name": "clinking_glasses",
  },
  Object {
    "category": "food_and_drink",
    "char": "🍹",
    "fitzpatrick_scale": false,
    "keywords": Array [
      "tropical_drink",
      "beverage",
      "cocktail",
      "summer",
      "beach",
      "alcohol",
      "booze",
      "mojito",
    ],
    "name": "tropical_drink",
  },
  Object {
    "category": "food_and_drink",
    "char": "☕",
    "fitzpatrick_scale": false,
    "keywords": Array [
      "coffee",
      "beverage",
      "caffeine",
      "latte",
      "espresso",
    ],
    "name": "coffee",
  },
  Object {
    "category": "food_and_drink",
    "char": "🍷",
    "fitzpatrick_scale": false,
    "keywords": Array [
      "wine_glass",
      "drink",
      "beverage",
      "drunk",
      "alcohol",
      "booze",
    ],
    "name": "wine_glass",
  },
  Object {
    "category": "food_and_drink",
    "char": "🥃",
    "fitzpatrick_scale": false,
    "keywords": Array [
      "tumbler_glass",
      "drink",
      "beverage",
      "drunk",
      "alcohol",
      "liquor",
      "booze",
      "bourbon",
      "scotch",
      "whisky",
      "glass",
      "shot",
    ],
    "name": "tumbler_glass",
  },
  Object {
    "category": "food_and_drink",
    "char": "🍸",
    "fitzpatrick_scale": false,
    "keywords": Array [
      "cocktail",
      "drink",
      "drunk",
      "alcohol",
      "beverage",
      "booze",
      "mojito",
    ],
    "name": "cocktail",
  },
  Object {
    "category": "food_and_drink",
    "char": "🍶",
    "fitzpatrick_scale": false,
    "keywords": Array [
      "sake",
      "wine",
      "drink",
      "drunk",
      "beverage",
      "japanese",
      "alcohol",
      "booze",
    ],
    "name": "sake",
  },
  Object {
    "category": "symbols",
    "char": "🔰",
    "fitzpatrick_scale": false,
    "keywords": Array [
      "beginner",
      "badge",
      "shield",
    ],
    "name": "beginner",
  },
  Object {
    "category": "symbols",
    "char": "💙",
    "fitzpatrick_scale": false,
    "keywords": Array [
      "blue_heart",
      "love",
      "like",
      "affection",
      "valentines",
    ],
    "name": "blue_heart",
  },
  Object {
    "category": "symbols",
    "char": "🚱",
    "fitzpatrick_scale": false,
    "keywords": Array [
      "non-potable_water",
      "drink",
      "faucet",
      "tap",
      "circle",
    ],
    "name": "non-potable_water",
  },
  Object {
    "category": "symbols",
    "char": "🚰",
    "fitzpatrick_scale": false,
    "keywords": Array [
      "potable_water",
      "blue-square",
      "liquid",
      "restroom",
      "cleaning",
      "faucet",
    ],
    "name": "potable_water",
  },
  Object {
    "category": "people",
    "char": "🧔",
    "fitzpatrick_scale": true,
    "keywords": Array [
      "bearded_person",
      "person",
      "bewhiskered",
    ],
    "name": "bearded_person",
  },
  Object {
    "category": "food_and_drink",
    "char": "🥖",
    "fitzpatrick_scale": false,
    "keywords": Array [
      "baguette_bread",
      "food",
      "bread",
      "french",
    ],
    "name": "baguette_bread",
  },
  Object {
    "category": "symbols",
    "char": "💔",
    "fitzpatrick_scale": false,
    "keywords": Array [
      "broken_heart",
      "sad",
      "sorry",
      "break",
      "heart",
      "heartbreak",
    ],
    "name": "broken_heart",
  },
  Object {
    "category": "symbols",
    "char": "🌐",
    "fitzpatrick_scale": false,
    "keywords": Array [
      "globe_with_meridians",
      "earth",
      "international",
      "world",
      "internet",
      "interweb",
      "i18n",
    ],
    "name": "globe_with_meridians",
  },
  Object {
    "category": "flags",
    "char": "🇧🇶",
    "fitzpatrick_scale": false,
    "keywords": Array [
      "caribbean_netherlands",
      "bonaire",
      "flag",
      "nation",
      "country",
      "banner",
    ],
    "name": "caribbean_netherlands",
  },
  Object {
    "category": "flags",
    "char": "🇮🇴",
    "fitzpatrick_scale": false,
    "keywords": Array [
      "british_indian_ocean_territory",
      "british",
      "indian",
      "ocean",
      "territory",
      "flag",
      "nation",
      "country",
      "banner",
    ],
    "name": "british_indian_ocean_territory",
  },
  Object {
    "category": "objects",
    "char": "📔",
    "fitzpatrick_scale": false,
    "keywords": Array [
      "notebook_with_decorative_cover",
      "classroom",
      "notes",
      "record",
      "paper",
      "study",
    ],
    "name": "notebook_with_decorative_cover",
  },
]
`;

exports[`match match the snapshot of the "v" 1`] = `
Array [
  Object {
    "category": "people",
    "char": "✌",
    "fitzpatrick_scale": true,
    "keywords": Array [
      "v",
      "fingers",
      "ohyeah",
      "hand",
      "peace",
      "victory",
      "two",
    ],
    "name": "v",
  },
  Object {
    "category": "people",
    "char": "🖖",
    "fitzpatrick_scale": true,
    "keywords": Array [
      "vulcan_salute",
      "hand",
      "fingers",
      "spock",
      "star trek",
    ],
    "name": "vulcan_salute",
  },
  Object {
    "category": "activity",
    "char": "🎮",
    "fitzpatrick_scale": false,
    "keywords": Array [
      "video_game",
      "play",
      "console",
      "PS4",
      "controller",
    ],
    "name": "video_game",
  },
  Object {
    "category": "travel_and_places",
    "char": "🚦",
    "fitzpatrick_scale": false,
    "keywords": Array [
      "vertical_traffic_light",
      "transportation",
      "driving",
    ],
    "name": "vertical_traffic_light",
  },
  Object {
    "category": "objects",
    "char": "📹",
    "fitzpatrick_scale": false,
    "keywords": Array [
      "video_camera",
      "film",
      "record",
    ],
    "name": "video_camera",
  },
  Object {
    "category": "symbols",
    "char": "📳",
    "fitzpatrick_scale": false,
    "keywords": Array [
      "vibration_mode",
      "orange-square",
      "phone",
    ],
    "name": "vibration_mode",
  },
  Object {
    "category": "flags",
    "char": "🇻🇦",
    "fitzpatrick_scale": false,
    "keywords": Array [
      "vatican_city",
      "vatican",
      "city",
      "flag",
      "nation",
      "country",
      "banner",
    ],
    "name": "vatican_city",
  },
  Object {
    "category": "people",
    "char": "🤮",
    "fitzpatrick_scale": false,
    "keywords": Array [
      "vomiting",
      "face",
      "sick",
    ],
    "name": "vomiting",
  },
  Object {
    "category": "activity",
    "char": "🏐",
    "fitzpatrick_scale": false,
    "keywords": Array [
      "volleyball",
      "sports",
      "balls",
    ],
    "name": "volleyball",
  },
  Object {
    "category": "activity",
    "char": "🎻",
    "fitzpatrick_scale": false,
    "keywords": Array [
      "violin",
      "music",
      "instrument",
      "orchestra",
      "symphony",
    ],
    "name": "violin",
  },
  Object {
    "category": "travel_and_places",
    "char": "🌋",
    "fitzpatrick_scale": false,
    "keywords": Array [
      "volcano",
      "photo",
      "nature",
      "disaster",
    ],
    "name": "volcano",
  },
  Object {
    "category": "objects",
    "char": "📼",
    "fitzpatrick_scale": false,
    "keywords": Array [
      "vhs",
      "record",
      "video",
      "oldschool",
      "90s",
      "80s",
    ],
    "name": "vhs",
  },
  Object {
    "category": "symbols",
    "char": "♍",
    "fitzpatrick_scale": false,
    "keywords": Array [
      "virgo",
      "sign",
      "zodiac",
      "purple-square",
      "astrology",
    ],
    "name": "virgo",
  },
  Object {
    "category": "symbols",
    "char": "🆚",
    "fitzpatrick_scale": false,
    "keywords": Array [
      "vs",
      "words",
      "orange-square",
    ],
    "name": "vs",
  },
  Object {
    "category": "flags",
    "char": "🇻🇺",
    "fitzpatrick_scale": false,
    "keywords": Array [
      "vanuatu",
      "vu",
      "flag",
      "nation",
      "country",
      "banner",
    ],
    "name": "vanuatu",
  },
  Object {
    "category": "flags",
    "char": "🇻🇪",
    "fitzpatrick_scale": false,
    "keywords": Array [
      "venezuela",
      "ve",
      "bolivarian",
      "republic",
      "flag",
      "nation",
      "country",
      "banner",
    ],
    "name": "venezuela",
  },
  Object {
    "category": "flags",
    "char": "🇻🇳",
    "fitzpatrick_scale": false,
    "keywords": Array [
      "vietnam",
      "viet",
      "nam",
      "flag",
      "nation",
      "country",
      "banner",
    ],
    "name": "vietnam",
  },
  Object {
    "category": "animals_and_nature",
    "char": "🌵",
    "fitzpatrick_scale": false,
    "keywords": Array [
      "cactus",
      "vegetable",
      "plant",
      "nature",
    ],
    "name": "cactus",
  },
  Object {
    "category": "animals_and_nature",
    "char": "🌿",
    "fitzpatrick_scale": false,
    "keywords": Array [
      "herb",
      "vegetable",
      "plant",
      "medicine",
      "weed",
      "grass",
      "lawn",
    ],
    "name": "herb",
  },
  Object {
    "category": "animals_and_nature",
    "char": "☘",
    "fitzpatrick_scale": false,
    "keywords": Array [
      "shamrock",
      "vegetable",
      "plant",
      "nature",
      "irish",
      "clover",
    ],
    "name": "shamrock",
  },
  Object {
    "category": "animals_and_nature",
    "char": "🍀",
    "fitzpatrick_scale": false,
    "keywords": Array [
      "four_leaf_clover",
      "vegetable",
      "plant",
      "nature",
      "lucky",
      "irish",
    ],
    "name": "four_leaf_clover",
  },
  Object {
    "category": "food_and_drink",
    "char": "🍆",
    "fitzpatrick_scale": false,
    "keywords": Array [
      "eggplant",
      "vegetable",
      "nature",
      "food",
      "aubergine",
    ],
    "name": "eggplant",
  },
  Object {
    "category": "food_and_drink",
    "char": "🥕",
    "fitzpatrick_scale": false,
    "keywords": Array [
      "carrot",
      "vegetable",
      "food",
      "orange",
    ],
    "name": "carrot",
  },
  Object {
    "category": "travel_and_places",
    "char": "🚓",
    "fitzpatrick_scale": false,
    "keywords": Array [
      "police_car",
      "vehicle",
      "cars",
      "transportation",
      "law",
      "legal",
      "enforcement",
    ],
    "name": "police_car",
  },
  Object {
    "category": "travel_and_places",
    "char": "🚐",
    "fitzpatrick_scale": false,
    "keywords": Array [
      "minibus",
      "vehicle",
      "car",
      "transportation",
    ],
    "name": "minibus",
  },
  Object {
    "category": "travel_and_places",
    "char": "🚛",
    "fitzpatrick_scale": false,
    "keywords": Array [
      "articulated_lorry",
      "vehicle",
      "cars",
      "transportation",
      "express",
    ],
    "name": "articulated_lorry",
  },
  Object {
    "category": "travel_and_places",
    "char": "🚜",
    "fitzpatrick_scale": false,
    "keywords": Array [
      "tractor",
      "vehicle",
      "car",
      "farming",
      "agriculture",
    ],
    "name": "tractor",
  },
  Object {
    "category": "travel_and_places",
    "char": "🛴",
    "fitzpatrick_scale": false,
    "keywords": Array [
      "kick_scooter",
      "vehicle",
      "kick",
      "razor",
    ],
    "name": "kick_scooter",
  },
  Object {
    "category": "travel_and_places",
    "char": "🛵",
    "fitzpatrick_scale": false,
    "keywords": Array [
      "motor_scooter",
      "vehicle",
      "vespa",
      "sasha",
    ],
    "name": "motor_scooter",
  },
  Object {
    "category": "travel_and_places",
    "char": "🚔",
    "fitzpatrick_scale": false,
    "keywords": Array [
      "oncoming_police_car",
      "vehicle",
      "law",
      "legal",
      "enforcement",
      "911",
    ],
    "name": "oncoming_police_car",
  },
  Object {
    "category": "travel_and_places",
    "char": "🚍",
    "fitzpatrick_scale": false,
    "keywords": Array [
      "oncoming_bus",
      "vehicle",
      "transportation",
    ],
    "name": "oncoming_bus",
  },
  Object {
    "category": "travel_and_places",
    "char": "🚖",
    "fitzpatrick_scale": false,
    "keywords": Array [
      "oncoming_taxi",
      "vehicle",
      "cars",
      "uber",
    ],
    "name": "oncoming_taxi",
  },
  Object {
    "category": "travel_and_places",
    "char": "🚟",
    "fitzpatrick_scale": false,
    "keywords": Array [
      "suspension_railway",
      "vehicle",
      "transportation",
    ],
    "name": "suspension_railway",
  },
  Object {
    "category": "travel_and_places",
    "char": "✈️",
    "fitzpatrick_scale": false,
    "keywords": Array [
      "airplane",
      "vehicle",
      "transportation",
      "flight",
      "fly",
    ],
    "name": "airplane",
  },
  Object {
    "category": "travel_and_places",
    "char": "🌄",
    "fitzpatrick_scale": false,
    "keywords": Array [
      "sunrise_over_mountains",
      "view",
      "vacation",
      "photo",
    ],
    "name": "sunrise_over_mountains",
  },
  Object {
    "category": "objects",
    "char": "📽",
    "fitzpatrick_scale": false,
    "keywords": Array [
      "film_projector",
      "video",
      "tape",
      "record",
      "movie",
    ],
    "name": "film_projector",
  },
  Object {
    "category": "objects",
    "char": "🔫",
    "fitzpatrick_scale": false,
    "keywords": Array [
      "gun",
      "violence",
      "weapon",
      "pistol",
      "revolver",
    ],
    "name": "gun",
  },
  Object {
    "category": "objects",
    "char": "⚰",
    "fitzpatrick_scale": false,
    "keywords": Array [
      "coffin",
      "vampire",
      "dead",
      "die",
      "death",
      "rip",
      "graveyard",
      "cemetery",
      "casket",
      "funeral",
      "box",
    ],
    "name": "coffin",
  },
  Object {
    "category": "objects",
    "char": "🏺",
    "fitzpatrick_scale": false,
    "keywords": Array [
      "amphora",
      "vase",
      "jar",
    ],
    "name": "amphora",
  },
  Object {
    "category": "symbols",
    "char": "🔉",
    "fitzpatrick_scale": false,
    "keywords": Array [
      "sound",
      "volume",
      "speaker",
      "broadcast",
    ],
    "name": "sound",
  },
  Object {
    "category": "symbols",
    "char": "🔊",
    "fitzpatrick_scale": false,
    "keywords": Array [
      "loud_sound",
      "volume",
      "noise",
      "noisy",
      "speaker",
      "broadcast",
    ],
    "name": "loud_sound",
  },
  Object {
    "category": "symbols",
    "char": "📢",
    "fitzpatrick_scale": false,
    "keywords": Array [
      "loudspeaker",
      "volume",
      "sound",
    ],
    "name": "loudspeaker",
  },
  Object {
    "category": "flags",
    "char": "🇻🇮",
    "fitzpatrick_scale": false,
    "keywords": Array [
      "us_virgin_islands",
      "virgin",
      "islands",
      "us",
      "flag",
      "nation",
      "country",
      "banner",
    ],
    "name": "us_virgin_islands",
  },
  Object {
    "category": "people",
    "char": "🤢",
    "fitzpatrick_scale": false,
    "keywords": Array [
      "nauseated_face",
      "face",
      "vomit",
      "gross",
      "green",
      "sick",
      "throw up",
      "ill",
    ],
    "name": "nauseated_face",
  },
  Object {
    "category": "people",
    "char": "👊",
    "fitzpatrick_scale": true,
    "keywords": Array [
      "facepunch",
      "angry",
      "violence",
      "fist",
      "hit",
      "attack",
      "hand",
    ],
    "name": "facepunch",
  },
  Object {
    "category": "people",
    "char": "💏",
    "fitzpatrick_scale": false,
    "keywords": Array [
      "couplekiss_man_woman",
      "pair",
      "valentines",
      "love",
      "like",
      "dating",
      "marriage",
    ],
    "name": "couplekiss_man_woman",
  },
  Object {
    "category": "people",
    "char": "👩‍❤️‍💋‍👩",
    "fitzpatrick_scale": false,
    "keywords": Array [
      "couplekiss_woman_woman",
      "pair",
      "valentines",
      "love",
      "like",
      "dating",
      "marriage",
    ],
    "name": "couplekiss_woman_woman",
  },
  Object {
    "category": "people",
    "char": "👨‍❤️‍💋‍👨",
    "fitzpatrick_scale": false,
    "keywords": Array [
      "couplekiss_man_man",
      "pair",
      "valentines",
      "love",
      "like",
      "dating",
      "marriage",
    ],
    "name": "couplekiss_man_man",
  },
  Object {
    "category": "animals_and_nature",
    "char": "🎄",
    "fitzpatrick_scale": false,
    "keywords": Array [
      "christmas_tree",
      "festival",
      "vacation",
      "december",
      "xmas",
      "celebration",
    ],
    "name": "christmas_tree",
  },
  Object {
    "category": "animals_and_nature",
    "char": "🌴",
    "fitzpatrick_scale": false,
    "keywords": Array [
      "palm_tree",
      "plant",
      "vegetable",
      "nature",
      "summer",
      "beach",
      "mojito",
      "tropical",
    ],
    "name": "palm_tree",
  },
  Object {
    "category": "animals_and_nature",
    "char": "🌺",
    "fitzpatrick_scale": false,
    "keywords": Array [
      "hibiscus",
      "plant",
      "vegetable",
      "flowers",
      "beach",
    ],
    "name": "hibiscus",
  },
  Object {
    "category": "animals_and_nature",
    "char": "🌹",
    "fitzpatrick_scale": false,
    "keywords": Array [
      "rose",
      "flowers",
      "valentines",
      "love",
      "spring",
    ],
    "name": "rose",
  },
  Object {
    "category": "animals_and_nature",
    "char": "🍄",
    "fitzpatrick_scale": false,
    "keywords": Array [
      "mushroom",
      "plant",
      "vegetable",
    ],
    "name": "mushroom",
  },
  Object {
    "category": "food_and_drink",
    "char": "🍅",
    "fitzpatrick_scale": false,
    "keywords": Array [
      "tomato",
      "fruit",
      "vegetable",
      "nature",
      "food",
    ],
    "name": "tomato",
  },
  Object {
    "category": "food_and_drink",
    "char": "🌽",
    "fitzpatrick_scale": false,
    "keywords": Array [
      "corn",
      "food",
      "vegetable",
      "plant",
    ],
    "name": "corn",
  },
  Object {
    "category": "travel_and_places",
    "char": "🚕",
    "fitzpatrick_scale": false,
    "keywords": Array [
      "taxi",
      "uber",
      "vehicle",
      "cars",
      "transportation",
    ],
    "name": "taxi",
  },
  Object {
    "category": "travel_and_places",
    "char": "🚙",
    "fitzpatrick_scale": false,
    "keywords": Array [
      "blue_car",
      "transportation",
      "vehicle",
    ],
    "name": "blue_car",
  },
  Object {
    "category": "travel_and_places",
    "char": "🚌",
    "fitzpatrick_scale": false,
    "keywords": Array [
      "bus",
      "car",
      "vehicle",
      "transportation",
    ],
    "name": "bus",
  },
  Object {
    "category": "travel_and_places",
    "char": "🚘",
    "fitzpatrick_scale": false,
    "keywords": Array [
      "oncoming_automobile",
      "car",
      "vehicle",
      "transportation",
    ],
    "name": "oncoming_automobile",
  },
  Object {
    "category": "travel_and_places",
    "char": "🚡",
    "fitzpatrick_scale": false,
    "keywords": Array [
      "aerial_tramway",
      "transportation",
      "vehicle",
      "ski",
    ],
    "name": "aerial_tramway",
  },
  Object {
    "category": "travel_and_places",
    "char": "🚠",
    "fitzpatrick_scale": false,
    "keywords": Array [
      "mountain_cableway",
      "transportation",
      "vehicle",
      "ski",
    ],
    "name": "mountain_cableway",
  },
  Object {
    "category": "travel_and_places",
    "char": "🚃",
    "fitzpatrick_scale": false,
    "keywords": Array [
      "railway_car",
      "transportation",
      "vehicle",
    ],
    "name": "railway_car",
  },
  Object {
    "category": "travel_and_places",
    "char": "🚋",
    "fitzpatrick_scale": false,
    "keywords": Array [
      "train",
      "transportation",
      "vehicle",
      "carriage",
      "public",
      "travel",
    ],
    "name": "train",
  },
  Object {
    "category": "travel_and_places",
    "char": "🚝",
    "fitzpatrick_scale": false,
    "keywords": Array [
      "monorail",
      "transportation",
      "vehicle",
    ],
    "name": "monorail",
  },
  Object {
    "category": "travel_and_places",
    "char": "🚄",
    "fitzpatrick_scale": false,
    "keywords": Array [
      "bullettrain_side",
      "transportation",
      "vehicle",
    ],
    "name": "bullettrain_side",
  },
  Object {
    "category": "travel_and_places",
    "char": "🚅",
    "fitzpatrick_scale": false,
    "keywords": Array [
      "bullettrain_front",
      "transportation",
      "vehicle",
      "speed",
      "fast",
      "public",
      "travel",
    ],
    "name": "bullettrain_front",
  },
  Object {
    "category": "travel_and_places",
    "char": "🚈",
    "fitzpatrick_scale": false,
    "keywords": Array [
      "light_rail",
      "transportation",
      "vehicle",
    ],
    "name": "light_rail",
  },
  Object {
    "category": "travel_and_places",
    "char": "🚞",
    "fitzpatrick_scale": false,
    "keywords": Array [
      "mountain_railway",
      "transportation",
      "vehicle",
    ],
    "name": "mountain_railway",
  },
  Object {
    "category": "travel_and_places",
    "char": "🚂",
    "fitzpatrick_scale": false,
    "keywords": Array [
      "steam_locomotive",
      "transportation",
      "vehicle",
      "train",
    ],
    "name": "steam_locomotive",
  },
  Object {
    "category": "travel_and_places",
    "char": "🚆",
    "fitzpatrick_scale": false,
    "keywords": Array [
      "train2",
      "transportation",
      "vehicle",
    ],
    "name": "train2",
  },
  Object {
    "category": "travel_and_places",
    "char": "🚊",
    "fitzpatrick_scale": false,
    "keywords": Array [
      "tram",
      "transportation",
      "vehicle",
    ],
    "name": "tram",
  },
  Object {
    "category": "travel_and_places",
    "char": "🚉",
    "fitzpatrick_scale": false,
    "keywords": Array [
      "station",
      "transportation",
      "vehicle",
      "public",
    ],
    "name": "station",
  },
  Object {
    "category": "travel_and_places",
    "char": "🛸",
    "fitzpatrick_scale": false,
    "keywords": Array [
      "flying_saucer",
      "transportation",
      "vehicle",
      "ufo",
    ],
    "name": "flying_saucer",
  },
  Object {
    "category": "travel_and_places",
    "char": "🚁",
    "fitzpatrick_scale": false,
    "keywords": Array [
      "helicopter",
      "transportation",
      "vehicle",
      "fly",
    ],
    "name": "helicopter",
  },
  Object {
    "category": "travel_and_places",
    "char": "🌅",
    "fitzpatrick_scale": false,
    "keywords": Array [
      "sunrise",
      "morning",
      "view",
      "vacation",
      "photo",
    ],
    "name": "sunrise",
  },
  Object {
    "category": "objects",
    "char": "🗳",
    "fitzpatrick_scale": false,
    "keywords": Array [
      "ballot_box",
      "election",
      "vote",
    ],
    "name": "ballot_box",
  },
  Object {
    "category": "symbols",
    "char": "💝",
    "fitzpatrick_scale": false,
    "keywords": Array [
      "gift_heart",
      "love",
      "valentines",
    ],
    "name": "gift_heart",
  },
  Object {
    "category": "symbols",
    "char": "🔈",
    "fitzpatrick_scale": false,
    "keywords": Array [
      "speaker",
      "sound",
      "volume",
      "silence",
      "broadcast",
    ],
    "name": "speaker",
  },
  Object {
    "category": "symbols",
    "char": "🔇",
    "fitzpatrick_scale": false,
    "keywords": Array [
      "mute",
      "sound",
      "volume",
      "silence",
      "quiet",
    ],
    "name": "mute",
  },
  Object {
    "category": "symbols",
    "char": "🔕",
    "fitzpatrick_scale": false,
    "keywords": Array [
      "no_bell",
      "sound",
      "volume",
      "mute",
      "quiet",
      "silent",
    ],
    "name": "no_bell",
  },
  Object {
    "category": "flags",
    "char": "🇻🇬",
    "fitzpatrick_scale": false,
    "keywords": Array [
      "british_virgin_islands",
      "british",
      "virgin",
      "islands",
      "bvi",
      "flag",
      "nation",
      "country",
      "banner",
    ],
    "name": "british_virgin_islands",
  },
  Object {
    "category": "flags",
    "char": "🇨🇻",
    "fitzpatrick_scale": false,
    "keywords": Array [
      "cape_verde",
      "cabo",
      "verde",
      "flag",
      "nation",
      "country",
      "banner",
    ],
    "name": "cape_verde",
  },
  Object {
    "category": "flags",
    "char": "🇻🇨",
    "fitzpatrick_scale": false,
    "keywords": Array [
      "st_vincent_grenadines",
      "saint",
      "vincent",
      "grenadines",
      "flag",
      "nation",
      "country",
      "banner",
    ],
    "name": "st_vincent_grenadines",
  },
  Object {
    "category": "people",
    "char": "😙",
    "fitzpatrick_scale": false,
    "keywords": Array [
      "kissing_smiling_eyes",
      "face",
      "affection",
      "valentines",
      "infatuation",
      "kiss",
    ],
    "name": "kissing_smiling_eyes",
  },
  Object {
    "category": "animals_and_nature",
    "char": "🎍",
    "fitzpatrick_scale": false,
    "keywords": Array [
      "bamboo",
      "plant",
      "nature",
      "vegetable",
      "panda",
      "pine_decoration",
    ],
    "name": "bamboo",
  },
  Object {
    "category": "animals_and_nature",
    "char": "🍂",
    "fitzpatrick_scale": false,
    "keywords": Array [
      "fallen_leaf",
      "nature",
      "plant",
      "vegetable",
      "leaves",
    ],
    "name": "fallen_leaf",
  },
  Object {
    "category": "animals_and_nature",
    "char": "🍁",
    "fitzpatrick_scale": false,
    "keywords": Array [
      "maple_leaf",
      "nature",
      "plant",
      "vegetable",
      "ca",
      "fall",
    ],
    "name": "maple_leaf",
  },
  Object {
    "category": "food_and_drink",
    "char": "🥦",
    "fitzpatrick_scale": false,
    "keywords": Array [
      "broccoli",
      "fruit",
      "food",
      "vegetable",
    ],
    "name": "broccoli",
  },
  Object {
    "category": "food_and_drink",
    "char": "🥔",
    "fitzpatrick_scale": false,
    "keywords": Array [
      "potato",
      "food",
      "tuber",
      "vegatable",
      "starch",
    ],
    "name": "potato",
  },
  Object {
    "category": "activity",
    "char": "🎰",
    "fitzpatrick_scale": false,
    "keywords": Array [
      "slot_machine",
      "bet",
      "gamble",
      "vegas",
      "fruit machine",
      "luck",
      "casino",
    ],
    "name": "slot_machine",
  },
  Object {
    "category": "travel_and_places",
    "char": "🚗",
    "fitzpatrick_scale": false,
    "keywords": Array [
      "red_car",
      "red",
      "transportation",
      "vehicle",
    ],
    "name": "red_car",
  },
  Object {
    "category": "travel_and_places",
    "char": "🚎",
    "fitzpatrick_scale": false,
    "keywords": Array [
      "trolleybus",
      "bart",
      "transportation",
      "vehicle",
    ],
    "name": "trolleybus",
  },
  Object {
    "category": "travel_and_places",
    "char": "🚒",
    "fitzpatrick_scale": false,
    "keywords": Array [
      "fire_engine",
      "transportation",
      "cars",
      "vehicle",
    ],
    "name": "fire_engine",
  },
  Object {
    "category": "travel_and_places",
    "char": "🚤",
    "fitzpatrick_scale": false,
    "keywords": Array [
      "speedboat",
      "ship",
      "transportation",
      "vehicle",
      "summer",
    ],
    "name": "speedboat",
  },
  Object {
    "category": "symbols",
    "char": "❤️",
    "fitzpatrick_scale": false,
    "keywords": Array [
      "heart",
      "love",
      "like",
      "valentines",
    ],
    "name": "heart",
  },
  Object {
    "category": "symbols",
    "char": "📣",
    "fitzpatrick_scale": false,
    "keywords": Array [
      "mega",
      "sound",
      "speaker",
      "volume",
    ],
    "name": "mega",
  },
  Object {
    "category": "people",
    "char": "💍",
    "fitzpatrick_scale": false,
    "keywords": Array [
      "ring",
      "wedding",
      "propose",
      "marriage",
      "valentines",
      "diamond",
      "fashion",
      "jewelry",
      "gem",
      "engagement",
    ],
    "name": "ring",
  },
  Object {
    "category": "animals_and_nature",
    "char": "🦇",
    "fitzpatrick_scale": false,
    "keywords": Array [
      "bat",
      "animal",
      "nature",
      "blind",
      "vampire",
    ],
    "name": "bat",
  },
  Object {
    "category": "animals_and_nature",
    "char": "🦌",
    "fitzpatrick_scale": false,
    "keywords": Array [
      "deer",
      "animal",
      "nature",
      "horns",
      "venison",
    ],
    "name": "deer",
  },
  Object {
    "category": "animals_and_nature",
    "char": "🍃",
    "fitzpatrick_scale": false,
    "keywords": Array [
      "leaves",
      "nature",
      "plant",
      "tree",
      "vegetable",
      "grass",
      "lawn",
      "spring",
    ],
    "name": "leaves",
  },
  Object {
    "category": "travel_and_places",
    "char": "🛩",
    "fitzpatrick_scale": false,
    "keywords": Array [
      "small_airplane",
      "flight",
      "transportation",
      "fly",
      "vehicle",
    ],
    "name": "small_airplane",
  },
  Object {
    "category": "symbols",
    "char": "🧡",
    "fitzpatrick_scale": false,
    "keywords": Array [
      "orange_heart",
      "love",
      "like",
      "affection",
      "valentines",
    ],
    "name": "orange_heart",
  },
  Object {
    "category": "symbols",
    "char": "💛",
    "fitzpatrick_scale": false,
    "keywords": Array [
      "yellow_heart",
      "love",
      "like",
      "affection",
      "valentines",
    ],
    "name": "yellow_heart",
  },
  Object {
    "category": "symbols",
    "char": "💚",
    "fitzpatrick_scale": false,
    "keywords": Array [
      "green_heart",
      "love",
      "like",
      "affection",
      "valentines",
    ],
    "name": "green_heart",
  },
  Object {
    "category": "symbols",
    "char": "💙",
    "fitzpatrick_scale": false,
    "keywords": Array [
      "blue_heart",
      "love",
      "like",
      "affection",
      "valentines",
    ],
    "name": "blue_heart",
  },
  Object {
    "category": "symbols",
    "char": "💜",
    "fitzpatrick_scale": false,
    "keywords": Array [
      "purple_heart",
      "love",
      "like",
      "affection",
      "valentines",
    ],
    "name": "purple_heart",
  },
  Object {
    "category": "symbols",
    "char": "💕",
    "fitzpatrick_scale": false,
    "keywords": Array [
      "two_hearts",
      "love",
      "like",
      "affection",
      "valentines",
      "heart",
    ],
    "name": "two_hearts",
  },
  Object {
    "category": "symbols",
    "char": "💞",
    "fitzpatrick_scale": false,
    "keywords": Array [
      "revolving_hearts",
      "love",
      "like",
      "affection",
      "valentines",
    ],
    "name": "revolving_hearts",
  },
  Object {
    "category": "symbols",
    "char": "💓",
    "fitzpatrick_scale": false,
    "keywords": Array [
      "heartbeat",
      "love",
      "like",
      "affection",
      "valentines",
      "pink",
      "heart",
    ],
    "name": "heartbeat",
  },
  Object {
    "category": "symbols",
    "char": "💗",
    "fitzpatrick_scale": false,
    "keywords": Array [
      "heartpulse",
      "like",
      "love",
      "affection",
      "valentines",
      "pink",
    ],
    "name": "heartpulse",
  },
  Object {
    "category": "symbols",
    "char": "💖",
    "fitzpatrick_scale": false,
    "keywords": Array [
      "sparkling_heart",
      "love",
      "like",
      "affection",
      "valentines",
    ],
    "name": "sparkling_heart",
  },
  Object {
    "category": "symbols",
    "char": "✅",
    "fitzpatrick_scale": false,
    "keywords": Array [
      "white_check_mark",
      "green-square",
      "ok",
      "agree",
      "vote",
      "election",
      "answer",
      "tick",
    ],
    "name": "white_check_mark",
  },
  Object {
    "category": "symbols",
    "char": "↕️",
    "fitzpatrick_scale": false,
    "keywords": Array [
      "arrow_up_down",
      "blue-square",
      "direction",
      "way",
      "vertical",
    ],
    "name": "arrow_up_down",
  },
  Object {
    "category": "people",
    "char": "😍",
    "fitzpatrick_scale": false,
    "keywords": Array [
      "heart_eyes",
      "face",
      "love",
      "like",
      "affection",
      "valentines",
      "infatuation",
      "crush",
      "heart",
    ],
    "name": "heart_eyes",
  },
  Object {
    "category": "people",
    "char": "😘",
    "fitzpatrick_scale": false,
    "keywords": Array [
      "kissing_heart",
      "face",
      "love",
      "like",
      "affection",
      "valentines",
      "infatuation",
      "kiss",
    ],
    "name": "kissing_heart",
  },
  Object {
    "category": "people",
    "char": "😗",
    "fitzpatrick_scale": false,
    "keywords": Array [
      "kissing",
      "love",
      "like",
      "face",
      "3",
      "valentines",
      "infatuation",
      "kiss",
    ],
    "name": "kissing",
  },
  Object {
    "category": "people",
    "char": "😚",
    "fitzpatrick_scale": false,
    "keywords": Array [
      "kissing_closed_eyes",
      "face",
      "love",
      "like",
      "affection",
      "valentines",
      "infatuation",
      "kiss",
    ],
    "name": "kissing_closed_eyes",
  },
  Object {
    "category": "travel_and_places",
    "char": "🏟",
    "fitzpatrick_scale": false,
    "keywords": Array [
      "stadium",
      "photo",
      "place",
      "sports",
      "concert",
      "venue",
    ],
    "name": "stadium",
  },
  Object {
    "category": "objects",
    "char": "💌",
    "fitzpatrick_scale": false,
    "keywords": Array [
      "love_letter",
      "email",
      "like",
      "affection",
      "envelope",
      "valentines",
    ],
    "name": "love_letter",
  },
  Object {
    "category": "symbols",
    "char": "💘",
    "fitzpatrick_scale": false,
    "keywords": Array [
      "cupid",
      "love",
      "like",
      "heart",
      "affection",
      "valentines",
    ],
    "name": "cupid",
  },
  Object {
    "category": "symbols",
    "char": "🌀",
    "fitzpatrick_scale": false,
    "keywords": Array [
      "cyclone",
      "weather",
      "swirl",
      "blue",
      "cloud",
      "vortex",
      "spiral",
      "whirlpool",
      "spin",
      "tornado",
      "hurricane",
      "typhoon",
    ],
    "name": "cyclone",
  },
  Object {
    "category": "symbols",
    "char": "☑️",
    "fitzpatrick_scale": false,
    "keywords": Array [
      "ballot_box_with_check",
      "ok",
      "agree",
      "confirm",
      "black-square",
      "vote",
      "election",
      "yes",
      "tick",
    ],
    "name": "ballot_box_with_check",
  },
  Object {
    "category": "people",
    "char": "😻",
    "fitzpatrick_scale": false,
    "keywords": Array [
      "heart_eyes_cat",
      "animal",
      "love",
      "like",
      "affection",
      "cats",
      "valentines",
      "heart",
    ],
    "name": "heart_eyes_cat",
  },
  Object {
    "category": "people",
    "char": "💋",
    "fitzpatrick_scale": false,
    "keywords": Array [
      "kiss",
      "face",
      "lips",
      "love",
      "like",
      "affection",
      "valentines",
    ],
    "name": "kiss",
  },
  Object {
    "category": "people",
    "char": "💑",
    "fitzpatrick_scale": false,
    "keywords": Array [
      "couple_with_heart_woman_man",
      "pair",
      "love",
      "like",
      "affection",
      "human",
      "dating",
      "valentines",
      "marriage",
    ],
    "name": "couple_with_heart_woman_man",
  },
  Object {
    "category": "people",
    "char": "👩‍❤️‍👩",
    "fitzpatrick_scale": false,
    "keywords": Array [
      "couple_with_heart_woman_woman",
      "pair",
      "love",
      "like",
      "affection",
      "human",
      "dating",
      "valentines",
      "marriage",
    ],
    "name": "couple_with_heart_woman_woman",
  },
  Object {
    "category": "people",
    "char": "👨‍❤️‍👨",
    "fitzpatrick_scale": false,
    "keywords": Array [
      "couple_with_heart_man_man",
      "pair",
      "love",
      "like",
      "affection",
      "human",
      "dating",
      "valentines",
      "marriage",
    ],
    "name": "couple_with_heart_man_man",
  },
  Object {
    "category": "people",
    "char": "👫",
    "fitzpatrick_scale": false,
    "keywords": Array [
      "couple",
      "pair",
      "people",
      "human",
      "love",
      "date",
      "dating",
      "like",
      "affection",
      "valentines",
      "marriage",
    ],
    "name": "couple",
  },
  Object {
    "category": "people",
    "char": "🧛‍♀️",
    "fitzpatrick_scale": true,
    "keywords": Array [
      "woman_vampire",
      "woman",
      "female",
    ],
    "name": "woman_vampire",
  },
  Object {
    "category": "people",
    "char": "🧛‍♂️",
    "fitzpatrick_scale": true,
    "keywords": Array [
      "man_vampire",
      "man",
      "male",
      "dracula",
    ],
    "name": "man_vampire",
  },
  Object {
    "category": "people",
    "char": "👰",
    "fitzpatrick_scale": true,
    "keywords": Array [
      "bride_with_veil",
      "couple",
      "marriage",
      "wedding",
      "woman",
      "bride",
    ],
    "name": "bride_with_veil",
  },
  Object {
    "category": "people",
    "char": "🤭",
    "fitzpatrick_scale": false,
    "keywords": Array [
      "hand_over_mouth",
      "face",
      "whoops",
      "shock",
      "surprise",
    ],
    "name": "hand_over_mouth",
  },
  Object {
    "category": "people",
    "char": "🤬",
    "fitzpatrick_scale": false,
    "keywords": Array [
      "symbols_over_mouth",
      "face",
      "swearing",
      "cursing",
      "cussing",
      "profanity",
      "expletive",
    ],
    "name": "symbols_over_mouth",
  },
  Object {
    "category": "people",
    "char": "😥",
    "fitzpatrick_scale": false,
    "keywords": Array [
      "disappointed_relieved",
      "face",
      "phew",
      "sweat",
      "nervous",
    ],
    "name": "disappointed_relieved",
  },
  Object {
    "category": "people",
    "char": "🤟",
    "fitzpatrick_scale": true,
    "keywords": Array [
      "love_you",
      "hand",
      "fingers",
      "gesture",
    ],
    "name": "love_you",
  },
  Object {
    "category": "people",
    "char": "🕵️‍♀️",
    "fitzpatrick_scale": true,
    "keywords": Array [
      "female_detective",
      "human",
      "spy",
      "detective",
      "female",
      "woman",
    ],
    "name": "female_detective",
  },
  Object {
    "category": "people",
    "char": "🕵",
    "fitzpatrick_scale": true,
    "keywords": Array [
      "male_detective",
      "human",
      "spy",
      "detective",
    ],
    "name": "male_detective",
  },
  Object {
    "category": "animals_and_nature",
    "char": "🙈",
    "fitzpatrick_scale": false,
    "keywords": Array [
      "see_no_evil",
      "monkey",
      "animal",
      "nature",
      "haha",
    ],
    "name": "see_no_evil",
  },
  Object {
    "category": "animals_and_nature",
    "char": "🙉",
    "fitzpatrick_scale": false,
    "keywords": Array [
      "hear_no_evil",
      "animal",
      "monkey",
      "nature",
    ],
    "name": "hear_no_evil",
  },
  Object {
    "category": "animals_and_nature",
    "char": "🙊",
    "fitzpatrick_scale": false,
    "keywords": Array [
      "speak_no_evil",
      "monkey",
      "animal",
      "nature",
      "omg",
    ],
    "name": "speak_no_evil",
  },
  Object {
    "category": "animals_and_nature",
    "char": "🌲",
    "fitzpatrick_scale": false,
    "keywords": Array [
      "evergreen_tree",
      "plant",
      "nature",
    ],
    "name": "evergreen_tree",
  },
  Object {
    "category": "food_and_drink",
    "char": "🍧",
    "fitzpatrick_scale": false,
    "keywords": Array [
      "shaved_ice",
      "hot",
      "dessert",
      "summer",
    ],
    "name": "shaved_ice",
  },
  Object {
    "category": "activity",
    "char": "🥊",
    "fitzpatrick_scale": false,
    "keywords": Array [
      "boxing_glove",
      "sports",
      "fighting",
    ],
    "name": "boxing_glove",
  },
  Object {
    "category": "activity",
    "char": "🕴",
    "fitzpatrick_scale": true,
    "keywords": Array [
      "business_suit_levitating",
      "suit",
      "business",
      "levitate",
      "hover",
      "jump",
    ],
    "name": "business_suit_levitating",
  },
  Object {
    "category": "activity",
    "char": "👾",
    "fitzpatrick_scale": false,
    "keywords": Array [
      "space_invader",
      "game",
      "arcade",
      "play",
    ],
    "name": "space_invader",
  },
  Object {
    "category": "travel_and_places",
    "char": "🛬",
    "fitzpatrick_scale": false,
    "keywords": Array [
      "flight_arrival",
      "airport",
      "flight",
      "boarding",
    ],
    "name": "flight_arrival",
  },
  Object {
    "category": "travel_and_places",
    "char": "🏪",
    "fitzpatrick_scale": false,
    "keywords": Array [
      "convenience_store",
      "building",
      "shopping",
      "groceries",
    ],
    "name": "convenience_store",
  },
  Object {
    "category": "travel_and_places",
    "char": "🏩",
    "fitzpatrick_scale": false,
    "keywords": Array [
      "love_hotel",
      "like",
      "affection",
      "dating",
    ],
    "name": "love_hotel",
  },
  Object {
    "category": "objects",
    "char": "🎥",
    "fitzpatrick_scale": false,
    "keywords": Array [
      "movie_camera",
      "film",
      "record",
    ],
    "name": "movie_camera",
  },
  Object {
    "category": "objects",
    "char": "📞",
    "fitzpatrick_scale": false,
    "keywords": Array [
      "telephone_receiver",
      "technology",
      "communication",
      "dial",
    ],
    "name": "telephone_receiver",
  },
  Object {
    "category": "objects",
    "char": "🎚",
    "fitzpatrick_scale": false,
    "keywords": Array [
      "level_slider",
      "scale",
    ],
    "name": "level_slider",
  },
  Object {
    "category": "objects",
    "char": "📩",
    "fitzpatrick_scale": false,
    "keywords": Array [
      "envelope_with_arrow",
      "email",
      "communication",
    ],
    "name": "envelope_with_arrow",
  },
  Object {
    "category": "objects",
    "char": "📨",
    "fitzpatrick_scale": false,
    "keywords": Array [
      "incoming_envelope",
      "email",
      "inbox",
    ],
    "name": "incoming_envelope",
  },
  Object {
    "category": "objects",
    "char": "🗂",
    "fitzpatrick_scale": false,
    "keywords": Array [
      "card_index_dividers",
      "organizing",
      "business",
      "stationery",
    ],
    "name": "card_index_dividers",
  },
  Object {
    "category": "objects",
    "char": "📔",
    "fitzpatrick_scale": false,
    "keywords": Array [
      "notebook_with_decorative_cover",
      "classroom",
      "notes",
      "record",
      "paper",
      "study",
    ],
    "name": "notebook_with_decorative_cover",
  },
  Object {
    "category": "symbols",
    "char": "❣",
    "fitzpatrick_scale": false,
    "keywords": Array [
      "heavy_heart_exclamation",
      "decoration",
      "love",
    ],
    "name": "heavy_heart_exclamation",
  },
  Object {
    "category": "symbols",
    "char": "✡",
    "fitzpatrick_scale": false,
    "keywords": Array [
      "star_of_david",
      "judaism",
    ],
    "name": "star_of_david",
  },
  Object {
    "category": "symbols",
    "char": "🉐",
    "fitzpatrick_scale": false,
    "keywords": Array [
      "ideograph_advantage",
      "chinese",
      "kanji",
      "obtain",
      "get",
      "circle",
    ],
    "name": "ideograph_advantage",
  },
  Object {
    "category": "symbols",
    "char": "❎",
    "fitzpatrick_scale": false,
    "keywords": Array [
      "negative_squared_cross_mark",
      "x",
      "green-square",
      "no",
      "deny",
    ],
    "name": "negative_squared_cross_mark",
  },
  Object {
    "category": "symbols",
    "char": "⏮",
    "fitzpatrick_scale": false,
    "keywords": Array [
      "previous_track_button",
      "backward",
    ],
    "name": "previous_track_button",
  },
  Object {
    "category": "symbols",
    "char": "〰️",
    "fitzpatrick_scale": false,
    "keywords": Array [
      "wavy_dash",
      "draw",
      "line",
      "moustache",
      "mustache",
      "squiggle",
      "scribble",
    ],
    "name": "wavy_dash",
  },
  Object {
    "category": "symbols",
    "char": "✔️",
    "fitzpatrick_scale": false,
    "keywords": Array [
      "heavy_check_mark",
      "ok",
      "nike",
      "answer",
      "yes",
      "tick",
    ],
    "name": "heavy_check_mark",
  },
  Object {
    "category": "symbols",
    "char": "➕",
    "fitzpatrick_scale": false,
    "keywords": Array [
      "heavy_plus_sign",
      "math",
      "calculation",
      "addition",
      "more",
      "increase",
    ],
    "name": "heavy_plus_sign",
  },
  Object {
    "category": "symbols",
    "char": "➖",
    "fitzpatrick_scale": false,
    "keywords": Array [
      "heavy_minus_sign",
      "math",
      "calculation",
      "subtract",
      "less",
    ],
    "name": "heavy_minus_sign",
  },
  Object {
    "category": "symbols",
    "char": "➗",
    "fitzpatrick_scale": false,
    "keywords": Array [
      "heavy_division_sign",
      "divide",
      "math",
      "calculation",
    ],
    "name": "heavy_division_sign",
  },
  Object {
    "category": "symbols",
    "char": "✖️",
    "fitzpatrick_scale": false,
    "keywords": Array [
      "heavy_multiplication_x",
      "math",
      "calculation",
    ],
    "name": "heavy_multiplication_x",
  },
  Object {
    "category": "symbols",
    "char": "💲",
    "fitzpatrick_scale": false,
    "keywords": Array [
      "heavy_dollar_sign",
      "money",
      "sales",
      "payment",
      "currency",
      "buck",
    ],
    "name": "heavy_dollar_sign",
  },
  Object {
    "category": "flags",
    "char": "🇧🇦",
    "fitzpatrick_scale": false,
    "keywords": Array [
      "bosnia_herzegovina",
      "bosnia",
      "herzegovina",
      "flag",
      "nation",
      "country",
      "banner",
    ],
    "name": "bosnia_herzegovina",
  },
  Object {
    "category": "flags",
    "char": "🇨🇬",
    "fitzpatrick_scale": false,
    "keywords": Array [
      "congo_brazzaville",
      "congo",
      "flag",
      "nation",
      "country",
      "banner",
    ],
    "name": "congo_brazzaville",
  },
  Object {
    "category": "flags",
    "char": "🇸🇻",
    "fitzpatrick_scale": false,
    "keywords": Array [
      "el_salvador",
      "el",
      "salvador",
      "flag",
      "nation",
      "country",
      "banner",
    ],
    "name": "el_salvador",
  },
  Object {
    "category": "flags",
    "char": "🇨🇮",
    "fitzpatrick_scale": false,
    "keywords": Array [
      "cote_divoire",
      "ivory",
      "coast",
      "flag",
      "nation",
      "country",
      "banner",
    ],
    "name": "cote_divoire",
  },
  Object {
    "category": "flags",
    "char": "🇰🇳",
    "fitzpatrick_scale": false,
    "keywords": Array [
      "st_kitts_nevis",
      "saint",
      "kitts",
      "nevis",
      "flag",
      "nation",
      "country",
      "banner",
    ],
    "name": "st_kitts_nevis",
  },
  Object {
    "category": "symbols",
    "char": "❗",
    "fitzpatrick_scale": false,
    "keywords": Array [
      "exclamation",
      "heavy_exclamation_mark",
      "danger",
      "surprise",
      "punctuation",
      "wow",
      "warning",
    ],
    "name": "exclamation",
  },
  Object {
    "category": "people",
    "char": "🤘",
    "fitzpatrick_scale": true,
    "keywords": Array [
      "metal",
      "hand",
      "fingers",
      "evil_eye",
      "sign_of_horns",
      "rock_on",
    ],
    "name": "metal",
  },
  Object {
    "category": "people",
    "char": "😌",
    "fitzpatrick_scale": false,
    "keywords": Array [
      "relieved",
      "face",
      "relaxed",
      "phew",
      "massage",
      "happiness",
    ],
    "name": "relieved",
  },
  Object {
    "category": "people",
    "char": "😔",
    "fitzpatrick_scale": false,
    "keywords": Array [
      "pensive",
      "face",
      "sad",
      "depressed",
      "upset",
    ],
    "name": "pensive",
  },
  Object {
    "category": "people",
    "char": "😣",
    "fitzpatrick_scale": false,
    "keywords": Array [
      "persevere",
      "face",
      "sick",
      "no",
      "upset",
      "oops",
    ],
    "name": "persevere",
  },
  Object {
    "category": "people",
    "char": "👋",
    "fitzpatrick_scale": true,
    "keywords": Array [
      "wave",
      "hands",
      "gesture",
      "goodbye",
      "solong",
      "farewell",
      "hello",
      "hi",
      "palm",
    ],
    "name": "wave",
  },
  Object {
    "category": "people",
    "char": "🧤",
    "fitzpatrick_scale": false,
    "keywords": Array [
      "gloves",
      "hands",
      "winter",
      "clothes",
    ],
    "name": "gloves",
  },
  Object {
    "category": "animals_and_nature",
    "char": "🕊",
    "fitzpatrick_scale": false,
    "keywords": Array [
      "dove",
      "animal",
      "bird",
    ],
    "name": "dove",
  },
  Object {
    "category": "food_and_drink",
    "char": "🥑",
    "fitzpatrick_scale": false,
    "keywords": Array [
      "avocado",
      "fruit",
      "food",
    ],
    "name": "avocado",
  },
  Object {
    "category": "objects",
    "char": "📀",
    "fitzpatrick_scale": false,
    "keywords": Array [
      "dvd",
      "cd",
      "disk",
      "disc",
    ],
    "name": "dvd",
  },
  Object {
    "category": "objects",
    "char": "📺",
    "fitzpatrick_scale": false,
    "keywords": Array [
      "tv",
      "technology",
      "program",
      "oldschool",
      "show",
      "television",
    ],
    "name": "tv",
  },
  Object {
    "category": "symbols",
    "char": "☢",
    "fitzpatrick_scale": false,
    "keywords": Array [
      "radioactive",
      "nuclear",
      "danger",
    ],
    "name": "radioactive",
  },
  Object {
    "category": "symbols",
    "char": "5️⃣",
    "fitzpatrick_scale": false,
    "keywords": Array [
      "five",
      "5",
      "numbers",
      "blue-square",
      "prime",
    ],
    "name": "five",
  },
  Object {
    "category": "symbols",
    "char": "7️⃣",
    "fitzpatrick_scale": false,
    "keywords": Array [
      "seven",
      "7",
      "numbers",
      "blue-square",
      "prime",
    ],
    "name": "seven",
  },
  Object {
    "category": "flags",
    "char": "🇧🇴",
    "fitzpatrick_scale": false,
    "keywords": Array [
      "bolivia",
      "bo",
      "flag",
      "nation",
      "country",
      "banner",
    ],
    "name": "bolivia",
  },
  Object {
    "category": "flags",
    "char": "🇽🇰",
    "fitzpatrick_scale": false,
    "keywords": Array [
      "kosovo",
      "xk",
      "flag",
      "nation",
      "country",
      "banner",
    ],
    "name": "kosovo",
  },
  Object {
    "category": "flags",
    "char": "🇱🇻",
    "fitzpatrick_scale": false,
    "keywords": Array [
      "latvia",
      "lv",
      "flag",
      "nation",
      "country",
      "banner",
    ],
    "name": "latvia",
  },
  Object {
    "category": "flags",
    "char": "🇲🇻",
    "fitzpatrick_scale": false,
    "keywords": Array [
      "maldives",
      "mv",
      "flag",
      "nation",
      "country",
      "banner",
    ],
    "name": "maldives",
  },
  Object {
    "category": "flags",
    "char": "🇲🇩",
    "fitzpatrick_scale": false,
    "keywords": Array [
      "moldova",
      "moldova,",
      "republic",
      "flag",
      "nation",
      "country",
      "banner",
    ],
    "name": "moldova",
  },
  Object {
    "category": "flags",
    "char": "🇸🇰",
    "fitzpatrick_scale": false,
    "keywords": Array [
      "slovakia",
      "sk",
      "flag",
      "nation",
      "country",
      "banner",
    ],
    "name": "slovakia",
  },
  Object {
    "category": "flags",
    "char": "🇸🇮",
    "fitzpatrick_scale": false,
    "keywords": Array [
      "slovenia",
      "si",
      "flag",
      "nation",
      "country",
      "banner",
    ],
    "name": "slovenia",
  },
  Object {
    "category": "flags",
    "char": "🇹🇻",
    "fitzpatrick_scale": false,
    "keywords": Array [
      "tuvalu",
      "flag",
      "nation",
      "country",
      "banner",
    ],
    "name": "tuvalu",
  },
  Object {
    "category": "people",
    "char": "😈",
    "fitzpatrick_scale": false,
    "keywords": Array [
      "smiling_imp",
      "devil",
      "horns",
    ],
    "name": "smiling_imp",
  },
  Object {
    "category": "people",
    "char": "👿",
    "fitzpatrick_scale": false,
    "keywords": Array [
      "imp",
      "devil",
      "angry",
      "horns",
    ],
    "name": "imp",
  },
  Object {
    "category": "people",
    "char": "👩‍✈️",
    "fitzpatrick_scale": true,
    "keywords": Array [
      "woman_pilot",
      "aviator",
      "plane",
      "woman",
      "human",
    ],
    "name": "woman_pilot",
  },
  Object {
    "category": "people",
    "char": "👨‍✈️",
    "fitzpatrick_scale": true,
    "keywords": Array [
      "man_pilot",
      "aviator",
      "plane",
      "man",
      "human",
    ],
    "name": "man_pilot",
  },
  Object {
    "category": "people",
    "char": "🎅",
    "fitzpatrick_scale": true,
    "keywords": Array [
      "santa",
      "festival",
      "man",
      "male",
      "xmas",
      "father christmas",
    ],
    "name": "santa",
  },
  Object {
    "category": "people",
    "char": "👼",
    "fitzpatrick_scale": true,
    "keywords": Array [
      "angel",
      "heaven",
      "wings",
      "halo",
    ],
    "name": "angel",
  },
  Object {
    "category": "food_and_drink",
    "char": "🥛",
    "fitzpatrick_scale": false,
    "keywords": Array [
      "milk_glass",
      "beverage",
      "drink",
      "cow",
    ],
    "name": "milk_glass",
  },
  Object {
    "category": "food_and_drink",
    "char": "🥂",
    "fitzpatrick_scale": false,
    "keywords": Array [
      "clinking_glasses",
      "beverage",
      "drink",
      "party",
      "alcohol",
      "celebrate",
      "cheers",
      "wine",
      "champagne",
      "toast",
    ],
    "name": "clinking_glasses",
  },
  Object {
    "category": "food_and_drink",
    "char": "🍹",
    "fitzpatrick_scale": false,
    "keywords": Array [
      "tropical_drink",
      "beverage",
      "cocktail",
      "summer",
      "beach",
      "alcohol",
      "booze",
      "mojito",
    ],
    "name": "tropical_drink",
  },
  Object {
    "category": "food_and_drink",
    "char": "☕",
    "fitzpatrick_scale": false,
    "keywords": Array [
      "coffee",
      "beverage",
      "caffeine",
      "latte",
      "espresso",
    ],
    "name": "coffee",
  },
  Object {
    "category": "activity",
    "char": "🎫",
    "fitzpatrick_scale": false,
    "keywords": Array [
      "ticket",
      "event",
      "concert",
      "pass",
    ],
    "name": "ticket",
  },
  Object {
    "category": "activity",
    "char": "🎪",
    "fitzpatrick_scale": false,
    "keywords": Array [
      "circus_tent",
      "festival",
      "carnival",
      "party",
    ],
    "name": "circus_tent",
  },
  Object {
    "category": "activity",
    "char": "🎬",
    "fitzpatrick_scale": false,
    "keywords": Array [
      "clapper",
      "movie",
      "film",
      "record",
    ],
    "name": "clapper",
  },
  Object {
    "category": "travel_and_places",
    "char": "🎢",
    "fitzpatrick_scale": false,
    "keywords": Array [
      "roller_coaster",
      "carnival",
      "playground",
      "photo",
      "fun",
    ],
    "name": "roller_coaster",
  },
  Object {
    "category": "travel_and_places",
    "char": "🌃",
    "fitzpatrick_scale": false,
    "keywords": Array [
      "night_with_stars",
      "evening",
      "city",
      "downtown",
    ],
    "name": "night_with_stars",
  },
  Object {
    "category": "travel_and_places",
    "char": "💒",
    "fitzpatrick_scale": false,
    "keywords": Array [
      "wedding",
      "love",
      "like",
      "affection",
      "couple",
      "marriage",
      "bride",
      "groom",
    ],
    "name": "wedding",
  },
  Object {
    "category": "objects",
    "char": "🎞",
    "fitzpatrick_scale": false,
    "keywords": Array [
      "film_strip",
      "movie",
    ],
    "name": "film_strip",
  },
  Object {
    "category": "objects",
    "char": "🔖",
    "fitzpatrick_scale": false,
    "keywords": Array [
      "bookmark",
      "favorite",
      "label",
      "save",
    ],
    "name": "bookmark",
  },
  Object {
    "category": "objects",
    "char": "🛎",
    "fitzpatrick_scale": false,
    "keywords": Array [
      "bellhop_bell",
      "service",
    ],
    "name": "bellhop_bell",
  },
  Object {
    "category": "objects",
    "char": "🎊",
    "fitzpatrick_scale": false,
    "keywords": Array [
      "confetti_ball",
      "festival",
      "party",
      "birthday",
      "circus",
    ],
    "name": "confetti_ball",
  },
  Object {
    "category": "objects",
    "char": "📑",
    "fitzpatrick_scale": false,
    "keywords": Array [
      "bookmark_tabs",
      "favorite",
      "save",
      "order",
      "tidy",
    ],
    "name": "bookmark_tabs",
  },
  Object {
    "category": "objects",
    "char": "🔓",
    "fitzpatrick_scale": false,
    "keywords": Array [
      "unlock",
      "privacy",
      "security",
    ],
    "name": "unlock",
  },
  Object {
    "category": "symbols",
    "char": "🖤",
    "fitzpatrick_scale": false,
    "keywords": Array [
      "black_heart",
      "evil",
    ],
    "name": "black_heart",
  },
  Object {
    "category": "symbols",
    "char": "㊙️",
    "fitzpatrick_scale": false,
    "keywords": Array [
      "secret",
      "privacy",
      "chinese",
      "sshh",
      "kanji",
      "red-circle",
    ],
    "name": "secret",
  },
  Object {
    "category": "symbols",
    "char": "⚜",
    "fitzpatrick_scale": false,
    "keywords": Array [
      "fleur_de_lis",
      "decorative",
      "scout",
    ],
    "name": "fleur_de_lis",
  },
  Object {
    "category": "people",
    "char": "😰",
    "fitzpatrick_scale": false,
    "keywords": Array [
      "cold_sweat",
      "face",
      "nervous",
      "sweat",
    ],
    "name": "cold_sweat",
  },
  Object {
    "category": "people",
    "char": "👺",
    "fitzpatrick_scale": false,
    "keywords": Array [
      "japanese_goblin",
      "red",
      "evil",
      "mask",
      "monster",
      "scary",
      "creepy",
      "japanese",
      "goblin",
    ],
    "name": "japanese_goblin",
  },
  Object {
    "category": "people",
    "char": "👩‍💻",
    "fitzpatrick_scale": true,
    "keywords": Array [
      "woman_technologist",
      "coder",
      "developer",
      "engineer",
      "programmer",
      "software",
      "woman",
      "human",
      "laptop",
      "computer",
    ],
    "name": "woman_technologist",
  },
  Object {
    "category": "people",
    "char": "👨‍💻",
    "fitzpatrick_scale": true,
    "keywords": Array [
      "man_technologist",
      "coder",
      "developer",
      "engineer",
      "programmer",
      "software",
      "man",
      "human",
      "laptop",
      "computer",
    ],
    "name": "man_technologist",
  },
  Object {
    "category": "animals_and_nature",
    "char": "🐍",
    "fitzpatrick_scale": false,
    "keywords": Array [
      "snake",
      "animal",
      "evil",
      "nature",
      "hiss",
      "python",
    ],
    "name": "snake",
  },
  Object {
    "category": "food_and_drink",
    "char": "🍿",
    "fitzpatrick_scale": false,
    "keywords": Array [
      "popcorn",
      "food",
      "movie theater",
      "films",
      "snack",
    ],
    "name": "popcorn",
  },
  Object {
    "category": "food_and_drink",
    "char": "🍺",
    "fitzpatrick_scale": false,
    "keywords": Array [
      "beer",
      "relax",
      "beverage",
      "drink",
      "drunk",
      "party",
      "pub",
      "summer",
      "alcohol",
      "booze",
    ],
    "name": "beer",
  },
  Object {
    "category": "food_and_drink",
    "char": "🍻",
    "fitzpatrick_scale": false,
    "keywords": Array [
      "beers",
      "relax",
      "beverage",
      "drink",
      "drunk",
      "party",
      "pub",
      "summer",
      "alcohol",
      "booze",
    ],
    "name": "beers",
  },
  Object {
    "category": "food_and_drink",
    "char": "🍷",
    "fitzpatrick_scale": false,
    "keywords": Array [
      "wine_glass",
      "drink",
      "beverage",
      "drunk",
      "alcohol",
      "booze",
    ],
    "name": "wine_glass",
  },
  Object {
    "category": "food_and_drink",
    "char": "🥃",
    "fitzpatrick_scale": false,
    "keywords": Array [
      "tumbler_glass",
      "drink",
      "beverage",
      "drunk",
      "alcohol",
      "liquor",
      "booze",
      "bourbon",
      "scotch",
      "whisky",
      "glass",
      "shot",
    ],
    "name": "tumbler_glass",
  },
  Object {
    "category": "food_and_drink",
    "char": "🥡",
    "fitzpatrick_scale": false,
    "keywords": Array [
      "takeout_box",
      "food",
      "leftovers",
    ],
    "name": "takeout_box",
  },
  Object {
    "category": "travel_and_places",
    "char": "🎡",
    "fitzpatrick_scale": false,
    "keywords": Array [
      "ferris_wheel",
      "photo",
      "carnival",
      "londoneye",
    ],
    "name": "ferris_wheel",
  },
  Object {
    "category": "travel_and_places",
    "char": "🎠",
    "fitzpatrick_scale": false,
    "keywords": Array [
      "carousel_horse",
      "photo",
      "carnival",
    ],
    "name": "carousel_horse",
  },
  Object {
    "category": "travel_and_places",
    "char": "🏞",
    "fitzpatrick_scale": false,
    "keywords": Array [
      "national_park",
      "photo",
      "environment",
      "nature",
    ],
    "name": "national_park",
  },
  Object {
    "category": "travel_and_places",
    "char": "🌆",
    "fitzpatrick_scale": false,
    "keywords": Array [
      "city_sunset",
      "photo",
      "evening",
      "sky",
      "buildings",
    ],
    "name": "city_sunset",
  },
  Object {
    "category": "travel_and_places",
    "char": "🎆",
    "fitzpatrick_scale": false,
    "keywords": Array [
      "fireworks",
      "photo",
      "festival",
      "carnival",
      "congratulations",
    ],
    "name": "fireworks",
  },
  Object {
    "category": "travel_and_places",
    "char": "🏚",
    "fitzpatrick_scale": false,
    "keywords": Array [
      "derelict_house",
      "abandon",
      "evict",
      "broken",
      "building",
    ],
    "name": "derelict_house",
  },
  Object {
    "category": "travel_and_places",
    "char": "🏣",
    "fitzpatrick_scale": false,
    "keywords": Array [
      "post_office",
      "building",
      "envelope",
      "communication",
    ],
    "name": "post_office",
  },
  Object {
    "category": "objects",
    "char": "💿",
    "fitzpatrick_scale": false,
    "keywords": Array [
      "cd",
      "technology",
      "dvd",
      "disk",
      "disc",
      "90s",
    ],
    "name": "cd",
  },
  Object {
    "category": "objects",
    "char": "🔐",
    "fitzpatrick_scale": false,
    "keywords": Array [
      "closed_lock_with_key",
      "security",
      "privacy",
    ],
    "name": "closed_lock_with_key",
  },
  Object {
    "category": "objects",
    "char": "🖍",
    "fitzpatrick_scale": false,
    "keywords": Array [
      "crayon",
      "drawing",
      "creativity",
    ],
    "name": "crayon",
  },
  Object {
    "category": "objects",
    "char": "🖌",
    "fitzpatrick_scale": false,
    "keywords": Array [
      "paintbrush",
      "drawing",
      "creativity",
      "art",
    ],
    "name": "paintbrush",
  },
  Object {
    "category": "symbols",
    "char": "💟",
    "fitzpatrick_scale": false,
    "keywords": Array [
      "heart_decoration",
      "purple-square",
      "love",
      "like",
    ],
    "name": "heart_decoration",
  },
  Object {
    "category": "symbols",
    "char": "🈹",
    "fitzpatrick_scale": false,
    "keywords": Array [
      "u5272",
      "cut",
      "divide",
      "chinese",
      "kanji",
      "pink-square",
    ],
    "name": "u5272",
  },
  Object {
    "category": "symbols",
    "char": "♻️",
    "fitzpatrick_scale": false,
    "keywords": Array [
      "recycle",
      "arrow",
      "environment",
      "garbage",
      "trash",
    ],
    "name": "recycle",
  },
  Object {
    "category": "symbols",
    "char": "🛅",
    "fitzpatrick_scale": false,
    "keywords": Array [
      "left_luggage",
      "blue-square",
      "travel",
    ],
    "name": "left_luggage",
  },
  Object {
    "category": "symbols",
    "char": "🆙",
    "fitzpatrick_scale": false,
    "keywords": Array [
      "up",
      "blue-square",
      "above",
      "high",
    ],
    "name": "up",
  },
  Object {
    "category": "symbols",
    "char": "⬅️",
    "fitzpatrick_scale": false,
    "keywords": Array [
      "arrow_left",
      "blue-square",
      "previous",
      "back",
    ],
    "name": "arrow_left",
  },
  Object {
    "category": "people",
    "char": "😇",
    "fitzpatrick_scale": false,
    "keywords": Array [
      "innocent",
      "face",
      "angel",
      "heaven",
      "halo",
    ],
    "name": "innocent",
  },
  Object {
    "category": "people",
    "char": "😉",
    "fitzpatrick_scale": false,
    "keywords": Array [
      "wink",
      "face",
      "happy",
      "mischievous",
      "secret",
      ";)",
      "smile",
      "eye",
    ],
    "name": "wink",
  },
  Object {
    "category": "people",
    "char": "😟",
    "fitzpatrick_scale": false,
    "keywords": Array [
      "worried",
      "face",
      "concern",
      "nervous",
      ":(",
    ],
    "name": "worried",
  },
  Object {
    "category": "people",
    "char": "😧",
    "fitzpatrick_scale": false,
    "keywords": Array [
      "anguished",
      "face",
      "stunned",
      "nervous",
    ],
    "name": "anguished",
  },
  Object {
    "category": "people",
    "char": "✋",
    "fitzpatrick_scale": true,
    "keywords": Array [
      "raised_hand",
      "fingers",
      "stop",
      "highfive",
      "palm",
      "ban",
    ],
    "name": "raised_hand",
  },
  Object {
    "category": "people",
    "char": "👬",
    "fitzpatrick_scale": false,
    "keywords": Array [
      "two_men_holding_hands",
      "pair",
      "couple",
      "love",
      "like",
      "bromance",
      "friendship",
      "people",
      "human",
    ],
    "name": "two_men_holding_hands",
  },
  Object {
    "category": "animals_and_nature",
    "char": "🌊",
    "fitzpatrick_scale": false,
    "keywords": Array [
      "ocean",
      "sea",
      "water",
      "wave",
      "nature",
      "tsunami",
      "disaster",
    ],
    "name": "ocean",
  },
  Object {
    "category": "travel_and_places",
    "char": "⛰",
    "fitzpatrick_scale": false,
    "keywords": Array [
      "mountain",
      "photo",
      "nature",
      "environment",
    ],
    "name": "mountain",
  },
  Object {
    "category": "travel_and_places",
    "char": "🏔",
    "fitzpatrick_scale": false,
    "keywords": Array [
      "mountain_snow",
      "photo",
      "nature",
      "environment",
      "winter",
      "cold",
    ],
    "name": "mountain_snow",
  },
  Object {
    "category": "objects",
    "char": "💾",
    "fitzpatrick_scale": false,
    "keywords": Array [
      "floppy_disk",
      "oldschool",
      "technology",
      "save",
      "90s",
      "80s",
    ],
    "name": "floppy_disk",
  },
  Object {
    "category": "objects",
    "char": "📮",
    "fitzpatrick_scale": false,
    "keywords": Array [
      "postbox",
      "email",
      "letter",
      "envelope",
    ],
    "name": "postbox",
  },
  Object {
    "category": "symbols",
    "char": "🈶",
    "fitzpatrick_scale": false,
    "keywords": Array [
      "u6709",
      "orange-square",
      "chinese",
      "have",
      "kanji",
    ],
    "name": "u6709",
  },
  Object {
    "category": "symbols",
    "char": "⛔",
    "fitzpatrick_scale": false,
    "keywords": Array [
      "no_entry",
      "limit",
      "security",
      "privacy",
      "bad",
      "denied",
      "stop",
      "circle",
    ],
    "name": "no_entry",
  },
  Object {
    "category": "symbols",
    "char": "❌",
    "fitzpatrick_scale": false,
    "keywords": Array [
      "x",
      "no",
      "delete",
      "remove",
      "cancel",
    ],
    "name": "x",
  },
  Object {
    "category": "flags",
    "char": "🇫🇰",
    "fitzpatrick_scale": false,
    "keywords": Array [
      "falkland_islands",
      "falkland",
      "islands",
      "malvinas",
      "flag",
      "nation",
      "country",
      "banner",
    ],
    "name": "falkland_islands",
  },
  Object {
    "category": "people",
    "char": "🤨",
    "fitzpatrick_scale": false,
    "keywords": Array [
      "raised_eyebrow",
      "face",
      "distrust",
      "scepticism",
      "disapproval",
      "disbelief",
      "surprise",
    ],
    "name": "raised_eyebrow",
  },
  Object {
    "category": "people",
    "char": "😝",
    "fitzpatrick_scale": false,
    "keywords": Array [
      "stuck_out_tongue_closed_eyes",
      "face",
      "prank",
      "playful",
      "mischievous",
      "smile",
      "tongue",
    ],
    "name": "stuck_out_tongue_closed_eyes",
  },
  Object {
    "category": "people",
    "char": "😨",
    "fitzpatrick_scale": false,
    "keywords": Array [
      "fearful",
      "face",
      "scared",
      "terrified",
      "nervous",
      "oops",
      "huh",
    ],
    "name": "fearful",
  },
  Object {
    "category": "people",
    "char": "👭",
    "fitzpatrick_scale": false,
    "keywords": Array [
      "two_women_holding_hands",
      "pair",
      "friendship",
      "couple",
      "love",
      "like",
      "female",
      "people",
      "human",
    ],
    "name": "two_women_holding_hands",
  },
  Object {
    "category": "people",
    "char": "🎓",
    "fitzpatrick_scale": false,
    "keywords": Array [
      "mortar_board",
      "school",
      "college",
      "degree",
      "university",
      "graduation",
      "cap",
      "hat",
      "legal",
      "learn",
      "education",
    ],
    "name": "mortar_board",
  },
  Object {
    "category": "animals_and_nature",
    "char": "🌙",
    "fitzpatrick_scale": false,
    "keywords": Array [
      "crescent_moon",
      "night",
      "sleep",
      "sky",
      "evening",
      "magic",
    ],
    "name": "crescent_moon",
  },
  Object {
    "category": "food_and_drink",
    "char": "🍸",
    "fitzpatrick_scale": false,
    "keywords": Array [
      "cocktail",
      "drink",
      "drunk",
      "alcohol",
      "beverage",
      "booze",
      "mojito",
    ],
    "name": "cocktail",
  },
  Object {
    "category": "food_and_drink",
    "char": "🍶",
    "fitzpatrick_scale": false,
    "keywords": Array [
      "sake",
      "wine",
      "drink",
      "drunk",
      "beverage",
      "japanese",
      "alcohol",
      "booze",
    ],
    "name": "sake",
  },
  Object {
    "category": "objects",
    "char": "📈",
    "fitzpatrick_scale": false,
    "keywords": Array [
      "chart_with_upwards_trend",
      "graph",
      "presentation",
      "stats",
      "recovery",
      "business",
      "economics",
      "money",
      "sales",
      "good",
      "success",
    ],
    "name": "chart_with_upwards_trend",
  },
  Object {
    "category": "objects",
    "char": "🔍",
    "fitzpatrick_scale": false,
    "keywords": Array [
      "mag",
      "search",
      "zoom",
      "find",
      "detective",
    ],
    "name": "mag",
  },
  Object {
    "category": "objects",
    "char": "🔎",
    "fitzpatrick_scale": false,
    "keywords": Array [
      "mag_right",
      "search",
      "zoom",
      "find",
      "detective",
    ],
    "name": "mag_right",
  },
  Object {
    "category": "symbols",
    "char": "🎦",
    "fitzpatrick_scale": false,
    "keywords": Array [
      "cinema",
      "blue-square",
      "record",
      "film",
      "movie",
      "curtain",
      "stage",
      "theater",
    ],
    "name": "cinema",
  },
  Object {
    "category": "symbols",
    "char": "💱",
    "fitzpatrick_scale": false,
    "keywords": Array [
      "currency_exchange",
      "money",
      "sales",
      "dollar",
      "travel",
    ],
    "name": "currency_exchange",
  },
  Object {
    "category": "people",
    "char": "😜",
    "fitzpatrick_scale": false,
    "keywords": Array [
      "stuck_out_tongue_winking_eye",
      "face",
      "prank",
      "childish",
      "playful",
      "mischievous",
      "smile",
      "wink",
      "tongue",
    ],
    "name": "stuck_out_tongue_winking_eye",
  },
  Object {
    "category": "people",
    "char": "😛",
    "fitzpatrick_scale": false,
    "keywords": Array [
      "stuck_out_tongue",
      "face",
      "prank",
      "childish",
      "playful",
      "mischievous",
      "smile",
      "tongue",
    ],
    "name": "stuck_out_tongue",
  },
  Object {
    "category": "people",
    "char": "🤒",
    "fitzpatrick_scale": false,
    "keywords": Array [
      "face_with_thermometer",
      "sick",
      "temperature",
      "thermometer",
      "cold",
      "fever",
    ],
    "name": "face_with_thermometer",
  },
  Object {
    "category": "people",
    "char": "🙏",
    "fitzpatrick_scale": true,
    "keywords": Array [
      "pray",
      "please",
      "hope",
      "wish",
      "namaste",
      "highfive",
    ],
    "name": "pray",
  },
  Object {
    "category": "objects",
    "char": "📦",
    "fitzpatrick_scale": false,
    "keywords": Array [
      "package",
      "mail",
      "gift",
      "cardboard",
      "box",
      "moving",
    ],
    "name": "package",
  },
  Object {
    "category": "objects",
    "char": "🏳",
    "fitzpatrick_scale": false,
    "keywords": Array [
      "white_flag",
      "losing",
      "loser",
      "lost",
      "surrender",
      "give up",
      "fail",
    ],
    "name": "white_flag",
  },
  Object {
    "category": "symbols",
    "char": "🚸",
    "fitzpatrick_scale": false,
    "keywords": Array [
      "children_crossing",
      "school",
      "warning",
      "danger",
      "sign",
      "driving",
      "yellow-diamond",
    ],
    "name": "children_crossing",
  },
  Object {
    "category": "animals_and_nature",
    "char": "🌖",
    "fitzpatrick_scale": false,
    "keywords": Array [
      "waning_gibbous_moon",
      "nature",
      "twilight",
      "planet",
      "space",
      "night",
      "evening",
      "sleep",
      "waxing_gibbous_moon",
    ],
    "name": "waning_gibbous_moon",
  },
  Object {
    "category": "animals_and_nature",
    "char": "🌗",
    "fitzpatrick_scale": false,
    "keywords": Array [
      "last_quarter_moon",
      "nature",
      "twilight",
      "planet",
      "space",
      "night",
      "evening",
      "sleep",
    ],
    "name": "last_quarter_moon",
  },
  Object {
    "category": "animals_and_nature",
    "char": "🌘",
    "fitzpatrick_scale": false,
    "keywords": Array [
      "waning_crescent_moon",
      "nature",
      "twilight",
      "planet",
      "space",
      "night",
      "evening",
      "sleep",
    ],
    "name": "waning_crescent_moon",
  },
  Object {
    "category": "animals_and_nature",
    "char": "🌑",
    "fitzpatrick_scale": false,
    "keywords": Array [
      "new_moon",
      "nature",
      "twilight",
      "planet",
      "space",
      "night",
      "evening",
      "sleep",
    ],
    "name": "new_moon",
  },
  Object {
    "category": "animals_and_nature",
    "char": "🌒",
    "fitzpatrick_scale": false,
    "keywords": Array [
      "waxing_crescent_moon",
      "nature",
      "twilight",
      "planet",
      "space",
      "night",
      "evening",
      "sleep",
    ],
    "name": "waxing_crescent_moon",
  },
  Object {
    "category": "animals_and_nature",
    "char": "🌓",
    "fitzpatrick_scale": false,
    "keywords": Array [
      "first_quarter_moon",
      "nature",
      "twilight",
      "planet",
      "space",
      "night",
      "evening",
      "sleep",
    ],
    "name": "first_quarter_moon",
  },
  Object {
    "category": "animals_and_nature",
    "char": "🌚",
    "fitzpatrick_scale": false,
    "keywords": Array [
      "new_moon_with_face",
      "nature",
      "twilight",
      "planet",
      "space",
      "night",
      "evening",
      "sleep",
    ],
    "name": "new_moon_with_face",
  },
  Object {
    "category": "animals_and_nature",
    "char": "🌝",
    "fitzpatrick_scale": false,
    "keywords": Array [
      "full_moon_with_face",
      "nature",
      "twilight",
      "planet",
      "space",
      "night",
      "evening",
      "sleep",
    ],
    "name": "full_moon_with_face",
  },
  Object {
    "category": "animals_and_nature",
    "char": "🌛",
    "fitzpatrick_scale": false,
    "keywords": Array [
      "first_quarter_moon_with_face",
      "nature",
      "twilight",
      "planet",
      "space",
      "night",
      "evening",
      "sleep",
    ],
    "name": "first_quarter_moon_with_face",
  },
  Object {
    "category": "animals_and_nature",
    "char": "🌜",
    "fitzpatrick_scale": false,
    "keywords": Array [
      "last_quarter_moon_with_face",
      "nature",
      "twilight",
      "planet",
      "space",
      "night",
      "evening",
      "sleep",
    ],
    "name": "last_quarter_moon_with_face",
  },
  Object {
    "category": "people",
    "char": "👹",
    "fitzpatrick_scale": false,
    "keywords": Array [
      "japanese_ogre",
      "monster",
      "red",
      "mask",
      "halloween",
      "scary",
      "creepy",
      "devil",
      "demon",
      "japanese",
      "ogre",
    ],
    "name": "japanese_ogre",
  },
  Object {
    "category": "animals_and_nature",
    "char": "🌕",
    "fitzpatrick_scale": false,
    "keywords": Array [
      "full_moon",
      "nature",
      "yellow",
      "twilight",
      "planet",
      "space",
      "night",
      "evening",
      "sleep",
    ],
    "name": "full_moon",
  },
  Object {
    "category": "objects",
    "char": "☠",
    "fitzpatrick_scale": false,
    "keywords": Array [
      "skull_and_crossbones",
      "poison",
      "danger",
      "deadly",
      "scary",
      "death",
      "pirate",
      "evil",
    ],
    "name": "skull_and_crossbones",
  },
  Object {
    "category": "animals_and_nature",
    "char": "🌔",
    "fitzpatrick_scale": false,
    "keywords": Array [
      "waxing_gibbous_moon",
      "nature",
      "night",
      "sky",
      "gray",
      "twilight",
      "planet",
      "space",
      "evening",
      "sleep",
    ],
    "name": "waxing_gibbous_moon",
  },
  Object {
    "category": "people",
    "char": "😋",
    "fitzpatrick_scale": false,
    "keywords": Array [
      "yum",
      "happy",
      "joy",
      "tongue",
      "smile",
      "face",
      "silly",
      "yummy",
      "nom",
      "delicious",
      "savouring",
    ],
    "name": "yum",
  },
]
`;
