// Jest Snapshot v1, https://goo.gl/fbAQLP

exports[`match match the snapshot of the "beer" 1`] = `
Array [
  Object {
    "category": "food_and_drink",
    "char": "🍺",
    "fitzpatrick_scale": false,
    "keywords": Array [
      "relax",
      "beverage",
      "drink",
      "drunk",
      "party",
      "pub",
      "summer",
      "alcohol",
      "booze",
      "beer",
    ],
  },
  Object {
    "category": "food_and_drink",
    "char": "🍻",
    "fitzpatrick_scale": false,
    "keywords": Array [
      "relax",
      "beverage",
      "drink",
      "drunk",
      "party",
      "pub",
      "summer",
      "alcohol",
      "booze",
      "beers",
    ],
  },
  Object {
    "category": "food_and_drink",
    "char": "🥛",
    "fitzpatrick_scale": false,
    "keywords": Array [
      "beverage",
      "drink",
      "cow",
      "milk_glass",
    ],
  },
  Object {
    "category": "food_and_drink",
    "char": "🥂",
    "fitzpatrick_scale": false,
    "keywords": Array [
      "beverage",
      "drink",
      "party",
      "alcohol",
      "celebrate",
      "cheers",
      "clinking_glasses",
    ],
  },
  Object {
    "category": "food_and_drink",
    "char": "🍹",
    "fitzpatrick_scale": false,
    "keywords": Array [
      "beverage",
      "cocktail",
      "summer",
      "beach",
      "alcohol",
      "booze",
      "mojito",
      "tropical_drink",
    ],
  },
  Object {
    "category": "food_and_drink",
    "char": "☕",
    "fitzpatrick_scale": false,
    "keywords": Array [
      "beverage",
      "caffeine",
      "latte",
      "espresso",
      "coffee",
    ],
  },
  Object {
    "category": "food_and_drink",
    "char": "🍷",
    "fitzpatrick_scale": false,
    "keywords": Array [
      "drink",
      "beverage",
      "drunk",
      "alcohol",
      "booze",
      "wine_glass",
    ],
  },
  Object {
    "category": "food_and_drink",
    "char": "🥃",
    "fitzpatrick_scale": false,
    "keywords": Array [
      "drink",
      "beverage",
      "drunk",
      "alcohol",
      "liquor",
      "booze",
      "bourbon",
      "scotch",
      "whisky",
      "glass",
      "shot",
      "tumbler_glass",
    ],
  },
  Object {
    "category": "food_and_drink",
    "char": "🍸",
    "fitzpatrick_scale": false,
    "keywords": Array [
      "drink",
      "drunk",
      "alcohol",
      "beverage",
      "booze",
      "mojito",
      "cocktail",
    ],
  },
  Object {
    "category": "food_and_drink",
    "char": "🍶",
    "fitzpatrick_scale": false,
    "keywords": Array [
      "wine",
      "drink",
      "drunk",
      "beverage",
      "japanese",
      "alcohol",
      "booze",
      "sake",
    ],
  },
  Object {
    "category": "_custom",
    "char": null,
    "fitzpatrick_scale": false,
    "keywords": Array [
      "doom",
      "rage",
      "bloody",
      "hurt",
      "goberserk",
    ],
  },
  Object {
    "category": "symbols",
    "char": "🔰",
    "fitzpatrick_scale": false,
    "keywords": Array [
      "badge",
      "shield",
      "beginner",
    ],
  },
  Object {
    "category": "symbols",
    "char": "💙",
    "fitzpatrick_scale": false,
    "keywords": Array [
      "love",
      "like",
      "affection",
      "valentines",
      "blue_heart",
    ],
  },
  Object {
    "category": "symbols",
    "char": "🚱",
    "fitzpatrick_scale": false,
    "keywords": Array [
      "drink",
      "faucet",
      "tap",
      "circle",
      "non-potable_water",
    ],
  },
  Object {
    "category": "symbols",
    "char": "🚰",
    "fitzpatrick_scale": false,
    "keywords": Array [
      "blue-square",
      "liquid",
      "restroom",
      "cleaning",
      "faucet",
      "potable_water",
    ],
  },
  Object {
    "category": "food_and_drink",
    "char": "🥖",
    "fitzpatrick_scale": false,
    "keywords": Array [
      "food",
      "bread",
      "french",
      "baguette_bread",
    ],
  },
  Object {
    "category": "symbols",
    "char": "💔",
    "fitzpatrick_scale": false,
    "keywords": Array [
      "sad",
      "sorry",
      "break",
      "heart",
      "heartbreak",
      "broken_heart",
    ],
  },
  Object {
    "category": "symbols",
    "char": "🌐",
    "fitzpatrick_scale": false,
    "keywords": Array [
      "earth",
      "international",
      "world",
      "internet",
      "interweb",
      "i18n",
      "globe_with_meridians",
    ],
  },
  Object {
    "category": "flags",
    "char": "🇧🇶",
    "fitzpatrick_scale": false,
    "keywords": Array [
      "bonaire",
      "flag",
      "nation",
      "country",
      "banner",
      "caribbean_netherlands",
    ],
  },
  Object {
    "category": "flags",
    "char": "🇮🇴",
    "fitzpatrick_scale": false,
    "keywords": Array [
      "british",
      "indian",
      "ocean",
      "territory",
      "flag",
      "nation",
      "country",
      "banner",
      "british_indian_ocean_territory",
    ],
  },
  Object {
    "category": "objects",
    "char": "📔",
    "fitzpatrick_scale": false,
    "keywords": Array [
      "classroom",
      "notes",
      "record",
      "paper",
      "study",
      "notebook_with_decorative_cover",
    ],
  },
]
`;

exports[`match match the snapshot of the "v" 1`] = `
Array [
  Object {
    "category": "people",
    "char": "✌",
    "fitzpatrick_scale": true,
    "keywords": Array [
      "fingers",
      "ohyeah",
      "hand",
      "peace",
      "victory",
      "two",
      "v",
    ],
  },
  Object {
    "category": "animals_and_nature",
    "char": "🌵",
    "fitzpatrick_scale": false,
    "keywords": Array [
      "vegetable",
      "plant",
      "nature",
      "cactus",
    ],
  },
  Object {
    "category": "animals_and_nature",
    "char": "🌿",
    "fitzpatrick_scale": false,
    "keywords": Array [
      "vegetable",
      "plant",
      "medicine",
      "weed",
      "grass",
      "lawn",
      "herb",
    ],
  },
  Object {
    "category": "animals_and_nature",
    "char": "☘",
    "fitzpatrick_scale": false,
    "keywords": Array [
      "vegetable",
      "plant",
      "nature",
      "irish",
      "clover",
      "shamrock",
    ],
  },
  Object {
    "category": "animals_and_nature",
    "char": "🍀",
    "fitzpatrick_scale": false,
    "keywords": Array [
      "vegetable",
      "plant",
      "nature",
      "lucky",
      "irish",
      "four_leaf_clover",
    ],
  },
  Object {
    "category": "food_and_drink",
    "char": "🍆",
    "fitzpatrick_scale": false,
    "keywords": Array [
      "vegetable",
      "nature",
      "food",
      "aubergine",
      "eggplant",
    ],
  },
  Object {
    "category": "food_and_drink",
    "char": "🥕",
    "fitzpatrick_scale": false,
    "keywords": Array [
      "vegetable",
      "food",
      "orange",
      "carrot",
    ],
  },
  Object {
    "category": "travel_and_places",
    "char": "🚓",
    "fitzpatrick_scale": false,
    "keywords": Array [
      "vehicle",
      "cars",
      "transportation",
      "law",
      "legal",
      "enforcement",
      "police_car",
    ],
  },
  Object {
    "category": "travel_and_places",
    "char": "🚐",
    "fitzpatrick_scale": false,
    "keywords": Array [
      "vehicle",
      "car",
      "transportation",
      "minibus",
    ],
  },
  Object {
    "category": "travel_and_places",
    "char": "🚛",
    "fitzpatrick_scale": false,
    "keywords": Array [
      "vehicle",
      "cars",
      "transportation",
      "express",
      "articulated_lorry",
    ],
  },
  Object {
    "category": "travel_and_places",
    "char": "🚜",
    "fitzpatrick_scale": false,
    "keywords": Array [
      "vehicle",
      "car",
      "farming",
      "agriculture",
      "tractor",
    ],
  },
  Object {
    "category": "travel_and_places",
    "char": "🛴",
    "fitzpatrick_scale": false,
    "keywords": Array [
      "vehicle",
      "kick",
      "razor",
      "kick_scooter",
    ],
  },
  Object {
    "category": "travel_and_places",
    "char": "🛵",
    "fitzpatrick_scale": false,
    "keywords": Array [
      "vehicle",
      "vespa",
      "sasha",
      "motor_scooter",
    ],
  },
  Object {
    "category": "travel_and_places",
    "char": "🚔",
    "fitzpatrick_scale": false,
    "keywords": Array [
      "vehicle",
      "law",
      "legal",
      "enforcement",
      "911",
      "oncoming_police_car",
    ],
  },
  Object {
    "category": "travel_and_places",
    "char": "🚍",
    "fitzpatrick_scale": false,
    "keywords": Array [
      "vehicle",
      "transportation",
      "oncoming_bus",
    ],
  },
  Object {
    "category": "travel_and_places",
    "char": "🚖",
    "fitzpatrick_scale": false,
    "keywords": Array [
      "vehicle",
      "cars",
      "uber",
      "oncoming_taxi",
    ],
  },
  Object {
    "category": "travel_and_places",
    "char": "🚟",
    "fitzpatrick_scale": false,
    "keywords": Array [
      "vehicle",
      "transportation",
      "suspension_railway",
    ],
  },
  Object {
    "category": "travel_and_places",
    "char": "✈️",
    "fitzpatrick_scale": false,
    "keywords": Array [
      "vehicle",
      "transportation",
      "flight",
      "fly",
      "airplane",
    ],
  },
  Object {
    "category": "travel_and_places",
    "char": "🌄",
    "fitzpatrick_scale": false,
    "keywords": Array [
      "view",
      "vacation",
      "photo",
      "sunrise_over_mountains",
    ],
  },
  Object {
    "category": "objects",
    "char": "📽",
    "fitzpatrick_scale": false,
    "keywords": Array [
      "video",
      "tape",
      "record",
      "movie",
      "film_projector",
    ],
  },
  Object {
    "category": "objects",
    "char": "🔫",
    "fitzpatrick_scale": false,
    "keywords": Array [
      "violence",
      "weapon",
      "pistol",
      "revolver",
      "gun",
    ],
  },
  Object {
    "category": "objects",
    "char": "⚰",
    "fitzpatrick_scale": false,
    "keywords": Array [
      "vampire",
      "dead",
      "die",
      "death",
      "rip",
      "graveyard",
      "cemetery",
      "casket",
      "funeral",
      "box",
      "coffin",
    ],
  },
  Object {
    "category": "objects",
    "char": "🏺",
    "fitzpatrick_scale": false,
    "keywords": Array [
      "vase",
      "jar",
      "amphora",
    ],
  },
  Object {
    "category": "symbols",
    "char": "🔉",
    "fitzpatrick_scale": false,
    "keywords": Array [
      "volume",
      "speaker",
      "broadcast",
      "sound",
    ],
  },
  Object {
    "category": "symbols",
    "char": "🔊",
    "fitzpatrick_scale": false,
    "keywords": Array [
      "volume",
      "noise",
      "noisy",
      "speaker",
      "broadcast",
      "loud_sound",
    ],
  },
  Object {
    "category": "symbols",
    "char": "📢",
    "fitzpatrick_scale": false,
    "keywords": Array [
      "volume",
      "sound",
      "loudspeaker",
    ],
  },
  Object {
    "category": "flags",
    "char": "🇻🇮",
    "fitzpatrick_scale": false,
    "keywords": Array [
      "virgin",
      "islands",
      "us",
      "flag",
      "nation",
      "country",
      "banner",
      "us_virgin_islands",
    ],
  },
  Object {
    "category": "flags",
    "char": "🇻🇺",
    "fitzpatrick_scale": false,
    "keywords": Array [
      "vu",
      "flag",
      "nation",
      "country",
      "banner",
      "vanuatu",
    ],
  },
  Object {
    "category": "flags",
    "char": "🇻🇦",
    "fitzpatrick_scale": false,
    "keywords": Array [
      "vatican",
      "city",
      "flag",
      "nation",
      "country",
      "banner",
      "vatican_city",
    ],
  },
  Object {
    "category": "flags",
    "char": "🇻🇪",
    "fitzpatrick_scale": false,
    "keywords": Array [
      "ve",
      "bolivarian",
      "republic",
      "flag",
      "nation",
      "country",
      "banner",
      "venezuela",
    ],
  },
  Object {
    "category": "flags",
    "char": "🇻🇳",
    "fitzpatrick_scale": false,
    "keywords": Array [
      "viet",
      "nam",
      "flag",
      "nation",
      "country",
      "banner",
      "vietnam",
    ],
  },
  Object {
    "category": "people",
    "char": "🤢",
    "fitzpatrick_scale": false,
    "keywords": Array [
      "face",
      "vomit",
      "gross",
      "green",
      "sick",
      "throw up",
      "ill",
      "nauseated_face",
    ],
  },
  Object {
    "category": "people",
    "char": "👊",
    "fitzpatrick_scale": true,
    "keywords": Array [
      "angry",
      "violence",
      "fist",
      "hit",
      "attack",
      "hand",
      "facepunch",
    ],
  },
  Object {
    "category": "people",
    "char": "💏",
    "fitzpatrick_scale": true,
    "keywords": Array [
      "pair",
      "valentines",
      "love",
      "like",
      "dating",
      "marriage",
      "couplekiss_man_woman",
    ],
  },
  Object {
    "category": "people",
    "char": "👩‍❤️‍💋‍👩",
    "fitzpatrick_scale": false,
    "keywords": Array [
      "pair",
      "valentines",
      "love",
      "like",
      "dating",
      "marriage",
      "couplekiss_woman_woman",
    ],
  },
  Object {
    "category": "people",
    "char": "👨‍❤️‍💋‍👨",
    "fitzpatrick_scale": false,
    "keywords": Array [
      "pair",
      "valentines",
      "love",
      "like",
      "dating",
      "marriage",
      "couplekiss_man_man",
    ],
  },
  Object {
    "category": "animals_and_nature",
    "char": "🎄",
    "fitzpatrick_scale": false,
    "keywords": Array [
      "festival",
      "vacation",
      "december",
      "xmas",
      "celebration",
      "christmas_tree",
    ],
  },
  Object {
    "category": "animals_and_nature",
    "char": "🌴",
    "fitzpatrick_scale": false,
    "keywords": Array [
      "plant",
      "vegetable",
      "nature",
      "summer",
      "beach",
      "mojito",
      "tropical",
      "palm_tree",
    ],
  },
  Object {
    "category": "animals_and_nature",
    "char": "🌺",
    "fitzpatrick_scale": false,
    "keywords": Array [
      "plant",
      "vegetable",
      "flowers",
      "beach",
      "hibiscus",
    ],
  },
  Object {
    "category": "animals_and_nature",
    "char": "🌹",
    "fitzpatrick_scale": false,
    "keywords": Array [
      "flowers",
      "valentines",
      "love",
      "spring",
      "rose",
    ],
  },
  Object {
    "category": "animals_and_nature",
    "char": "🍄",
    "fitzpatrick_scale": false,
    "keywords": Array [
      "plant",
      "vegetable",
      "mushroom",
    ],
  },
  Object {
    "category": "food_and_drink",
    "char": "🍅",
    "fitzpatrick_scale": false,
    "keywords": Array [
      "fruit",
      "vegetable",
      "nature",
      "food",
      "tomato",
    ],
  },
  Object {
    "category": "food_and_drink",
    "char": "🌽",
    "fitzpatrick_scale": false,
    "keywords": Array [
      "food",
      "vegetable",
      "plant",
      "corn",
    ],
  },
  Object {
    "category": "travel_and_places",
    "char": "🚕",
    "fitzpatrick_scale": false,
    "keywords": Array [
      "uber",
      "vehicle",
      "cars",
      "transportation",
      "taxi",
    ],
  },
  Object {
    "category": "travel_and_places",
    "char": "🚙",
    "fitzpatrick_scale": false,
    "keywords": Array [
      "transportation",
      "vehicle",
      "blue_car",
    ],
  },
  Object {
    "category": "travel_and_places",
    "char": "🚌",
    "fitzpatrick_scale": false,
    "keywords": Array [
      "car",
      "vehicle",
      "transportation",
      "bus",
    ],
  },
  Object {
    "category": "travel_and_places",
    "char": "🚘",
    "fitzpatrick_scale": false,
    "keywords": Array [
      "car",
      "vehicle",
      "transportation",
      "oncoming_automobile",
    ],
  },
  Object {
    "category": "travel_and_places",
    "char": "🚡",
    "fitzpatrick_scale": false,
    "keywords": Array [
      "transportation",
      "vehicle",
      "ski",
      "aerial_tramway",
    ],
  },
  Object {
    "category": "travel_and_places",
    "char": "🚠",
    "fitzpatrick_scale": false,
    "keywords": Array [
      "transportation",
      "vehicle",
      "ski",
      "mountain_cableway",
    ],
  },
  Object {
    "category": "travel_and_places",
    "char": "🚃",
    "fitzpatrick_scale": false,
    "keywords": Array [
      "transportation",
      "vehicle",
      "railway_car",
    ],
  },
  Object {
    "category": "travel_and_places",
    "char": "🚋",
    "fitzpatrick_scale": false,
    "keywords": Array [
      "transportation",
      "vehicle",
      "carriage",
      "public",
      "travel",
      "train",
    ],
  },
  Object {
    "category": "travel_and_places",
    "char": "🚝",
    "fitzpatrick_scale": false,
    "keywords": Array [
      "transportation",
      "vehicle",
      "monorail",
    ],
  },
  Object {
    "category": "travel_and_places",
    "char": "🚄",
    "fitzpatrick_scale": false,
    "keywords": Array [
      "transportation",
      "vehicle",
      "bullettrain_side",
    ],
  },
  Object {
    "category": "travel_and_places",
    "char": "🚅",
    "fitzpatrick_scale": false,
    "keywords": Array [
      "transportation",
      "vehicle",
      "speed",
      "fast",
      "public",
      "travel",
      "bullettrain_front",
    ],
  },
  Object {
    "category": "travel_and_places",
    "char": "🚈",
    "fitzpatrick_scale": false,
    "keywords": Array [
      "transportation",
      "vehicle",
      "light_rail",
    ],
  },
  Object {
    "category": "travel_and_places",
    "char": "🚞",
    "fitzpatrick_scale": false,
    "keywords": Array [
      "transportation",
      "vehicle",
      "mountain_railway",
    ],
  },
  Object {
    "category": "travel_and_places",
    "char": "🚂",
    "fitzpatrick_scale": false,
    "keywords": Array [
      "transportation",
      "vehicle",
      "train",
      "steam_locomotive",
    ],
  },
  Object {
    "category": "travel_and_places",
    "char": "🚆",
    "fitzpatrick_scale": false,
    "keywords": Array [
      "transportation",
      "vehicle",
      "train2",
    ],
  },
  Object {
    "category": "travel_and_places",
    "char": "🚊",
    "fitzpatrick_scale": false,
    "keywords": Array [
      "transportation",
      "vehicle",
      "tram",
    ],
  },
  Object {
    "category": "travel_and_places",
    "char": "🚉",
    "fitzpatrick_scale": false,
    "keywords": Array [
      "transportation",
      "vehicle",
      "public",
      "station",
    ],
  },
  Object {
    "category": "travel_and_places",
    "char": "🚁",
    "fitzpatrick_scale": false,
    "keywords": Array [
      "transportation",
      "vehicle",
      "fly",
      "helicopter",
    ],
  },
  Object {
    "category": "travel_and_places",
    "char": "🌅",
    "fitzpatrick_scale": false,
    "keywords": Array [
      "morning",
      "view",
      "vacation",
      "photo",
      "sunrise",
    ],
  },
  Object {
    "category": "objects",
    "char": "📼",
    "fitzpatrick_scale": false,
    "keywords": Array [
      "record",
      "video",
      "oldschool",
      "90s",
      "80s",
      "vhs",
    ],
  },
  Object {
    "category": "objects",
    "char": "🗳",
    "fitzpatrick_scale": false,
    "keywords": Array [
      "election",
      "vote",
      "ballot_box",
    ],
  },
  Object {
    "category": "symbols",
    "char": "💝",
    "fitzpatrick_scale": false,
    "keywords": Array [
      "love",
      "valentines",
      "gift_heart",
    ],
  },
  Object {
    "category": "symbols",
    "char": "🔈",
    "fitzpatrick_scale": false,
    "keywords": Array [
      "sound",
      "volume",
      "silence",
      "broadcast",
      "speaker",
    ],
  },
  Object {
    "category": "symbols",
    "char": "🔇",
    "fitzpatrick_scale": false,
    "keywords": Array [
      "sound",
      "volume",
      "silence",
      "quiet",
      "mute",
    ],
  },
  Object {
    "category": "symbols",
    "char": "🔕",
    "fitzpatrick_scale": false,
    "keywords": Array [
      "sound",
      "volume",
      "mute",
      "quiet",
      "silent",
      "no_bell",
    ],
  },
  Object {
    "category": "flags",
    "char": "🇻🇬",
    "fitzpatrick_scale": false,
    "keywords": Array [
      "british",
      "virgin",
      "islands",
      "bvi",
      "flag",
      "nation",
      "country",
      "banner",
      "british_virgin_islands",
    ],
  },
  Object {
    "category": "flags",
    "char": "🇨🇻",
    "fitzpatrick_scale": false,
    "keywords": Array [
      "cabo",
      "verde",
      "flag",
      "nation",
      "country",
      "banner",
      "cape_verde",
    ],
  },
  Object {
    "category": "flags",
    "char": "🇻🇨",
    "fitzpatrick_scale": false,
    "keywords": Array [
      "saint",
      "vincent",
      "grenadines",
      "flag",
      "nation",
      "country",
      "banner",
      "st_vincent_grenadines",
    ],
  },
  Object {
    "category": "people",
    "char": "😙",
    "fitzpatrick_scale": false,
    "keywords": Array [
      "face",
      "affection",
      "valentines",
      "infatuation",
      "kiss",
      "kissing_smiling_eyes",
    ],
  },
  Object {
    "category": "animals_and_nature",
    "char": "🎍",
    "fitzpatrick_scale": false,
    "keywords": Array [
      "plant",
      "nature",
      "vegetable",
      "panda",
      "pine_decoration",
      "bamboo",
    ],
  },
  Object {
    "category": "animals_and_nature",
    "char": "🍂",
    "fitzpatrick_scale": false,
    "keywords": Array [
      "nature",
      "plant",
      "vegetable",
      "leaves",
      "fallen_leaf",
    ],
  },
  Object {
    "category": "animals_and_nature",
    "char": "🍁",
    "fitzpatrick_scale": false,
    "keywords": Array [
      "nature",
      "plant",
      "vegetable",
      "ca",
      "fall",
      "maple_leaf",
    ],
  },
  Object {
    "category": "food_and_drink",
    "char": "🥔",
    "fitzpatrick_scale": false,
    "keywords": Array [
      "food",
      "tuber",
      "vegatable",
      "starch",
      "potato",
    ],
  },
  Object {
    "category": "activity",
    "char": "🏐",
    "fitzpatrick_scale": false,
    "keywords": Array [
      "sports",
      "balls",
      "volleyball",
    ],
  },
  Object {
    "category": "activity",
    "char": "🎰",
    "fitzpatrick_scale": false,
    "keywords": Array [
      "bet",
      "gamble",
      "vegas",
      "fruit machine",
      "luck",
      "casino",
      "slot_machine",
    ],
  },
  Object {
    "category": "travel_and_places",
    "char": "🚗",
    "fitzpatrick_scale": false,
    "keywords": Array [
      "red",
      "transportation",
      "vehicle",
      "red_car",
    ],
  },
  Object {
    "category": "travel_and_places",
    "char": "🚎",
    "fitzpatrick_scale": false,
    "keywords": Array [
      "bart",
      "transportation",
      "vehicle",
      "trolleybus",
    ],
  },
  Object {
    "category": "travel_and_places",
    "char": "🚒",
    "fitzpatrick_scale": false,
    "keywords": Array [
      "transportation",
      "cars",
      "vehicle",
      "fire_engine",
    ],
  },
  Object {
    "category": "travel_and_places",
    "char": "🚤",
    "fitzpatrick_scale": false,
    "keywords": Array [
      "ship",
      "transportation",
      "vehicle",
      "summer",
      "speedboat",
    ],
  },
  Object {
    "category": "travel_and_places",
    "char": "🚦",
    "fitzpatrick_scale": false,
    "keywords": Array [
      "transportation",
      "driving",
      "vertical_traffic_light",
    ],
  },
  Object {
    "category": "objects",
    "char": "📹",
    "fitzpatrick_scale": false,
    "keywords": Array [
      "film",
      "record",
      "video_camera",
    ],
  },
  Object {
    "category": "symbols",
    "char": "❤️",
    "fitzpatrick_scale": false,
    "keywords": Array [
      "love",
      "like",
      "valentines",
      "heart",
    ],
  },
  Object {
    "category": "symbols",
    "char": "📳",
    "fitzpatrick_scale": false,
    "keywords": Array [
      "orange-square",
      "phone",
      "vibration_mode",
    ],
  },
  Object {
    "category": "symbols",
    "char": "🆚",
    "fitzpatrick_scale": false,
    "keywords": Array [
      "words",
      "orange-square",
      "vs",
    ],
  },
  Object {
    "category": "symbols",
    "char": "📣",
    "fitzpatrick_scale": false,
    "keywords": Array [
      "sound",
      "speaker",
      "volume",
      "mega",
    ],
  },
  Object {
    "category": "people",
    "char": "💍",
    "fitzpatrick_scale": false,
    "keywords": Array [
      "wedding",
      "propose",
      "marriage",
      "valentines",
      "diamond",
      "fashion",
      "jewelry",
      "gem",
      "engagement",
      "ring",
    ],
  },
  Object {
    "category": "animals_and_nature",
    "char": "🦇",
    "fitzpatrick_scale": false,
    "keywords": Array [
      "animal",
      "nature",
      "blind",
      "vampire",
      "bat",
    ],
  },
  Object {
    "category": "animals_and_nature",
    "char": "🦌",
    "fitzpatrick_scale": false,
    "keywords": Array [
      "animal",
      "nature",
      "horns",
      "venison",
      "deer",
    ],
  },
  Object {
    "category": "animals_and_nature",
    "char": "🍃",
    "fitzpatrick_scale": false,
    "keywords": Array [
      "nature",
      "plant",
      "tree",
      "vegetable",
      "grass",
      "lawn",
      "spring",
      "leaves",
    ],
  },
  Object {
    "category": "travel_and_places",
    "char": "🛩",
    "fitzpatrick_scale": false,
    "keywords": Array [
      "flight",
      "transportation",
      "fly",
      "vehicle",
      "small_airplane",
    ],
  },
  Object {
    "category": "travel_and_places",
    "char": "🌋",
    "fitzpatrick_scale": false,
    "keywords": Array [
      "photo",
      "nature",
      "disaster",
      "volcano",
    ],
  },
  Object {
    "category": "symbols",
    "char": "💛",
    "fitzpatrick_scale": false,
    "keywords": Array [
      "love",
      "like",
      "affection",
      "valentines",
      "yellow_heart",
    ],
  },
  Object {
    "category": "symbols",
    "char": "💚",
    "fitzpatrick_scale": false,
    "keywords": Array [
      "love",
      "like",
      "affection",
      "valentines",
      "green_heart",
    ],
  },
  Object {
    "category": "symbols",
    "char": "💙",
    "fitzpatrick_scale": false,
    "keywords": Array [
      "love",
      "like",
      "affection",
      "valentines",
      "blue_heart",
    ],
  },
  Object {
    "category": "symbols",
    "char": "💜",
    "fitzpatrick_scale": false,
    "keywords": Array [
      "love",
      "like",
      "affection",
      "valentines",
      "purple_heart",
    ],
  },
  Object {
    "category": "symbols",
    "char": "💕",
    "fitzpatrick_scale": false,
    "keywords": Array [
      "love",
      "like",
      "affection",
      "valentines",
      "heart",
      "two_hearts",
    ],
  },
  Object {
    "category": "symbols",
    "char": "💞",
    "fitzpatrick_scale": false,
    "keywords": Array [
      "love",
      "like",
      "affection",
      "valentines",
      "revolving_hearts",
    ],
  },
  Object {
    "category": "symbols",
    "char": "💓",
    "fitzpatrick_scale": false,
    "keywords": Array [
      "love",
      "like",
      "affection",
      "valentines",
      "pink",
      "heart",
      "heartbeat",
    ],
  },
  Object {
    "category": "symbols",
    "char": "💗",
    "fitzpatrick_scale": false,
    "keywords": Array [
      "like",
      "love",
      "affection",
      "valentines",
      "pink",
      "heartpulse",
    ],
  },
  Object {
    "category": "symbols",
    "char": "💖",
    "fitzpatrick_scale": false,
    "keywords": Array [
      "love",
      "like",
      "affection",
      "valentines",
      "sparkling_heart",
    ],
  },
  Object {
    "category": "symbols",
    "char": "✅",
    "fitzpatrick_scale": false,
    "keywords": Array [
      "green-square",
      "ok",
      "agree",
      "vote",
      "election",
      "answer",
      "tick",
      "white_check_mark",
    ],
  },
  Object {
    "category": "symbols",
    "char": "↕️",
    "fitzpatrick_scale": false,
    "keywords": Array [
      "blue-square",
      "direction",
      "way",
      "vertical",
      "arrow_up_down",
    ],
  },
  Object {
    "category": "people",
    "char": "😍",
    "fitzpatrick_scale": false,
    "keywords": Array [
      "face",
      "love",
      "like",
      "affection",
      "valentines",
      "infatuation",
      "crush",
      "heart",
      "heart_eyes",
    ],
  },
  Object {
    "category": "people",
    "char": "😘",
    "fitzpatrick_scale": false,
    "keywords": Array [
      "face",
      "love",
      "like",
      "affection",
      "valentines",
      "infatuation",
      "kiss",
      "kissing_heart",
    ],
  },
  Object {
    "category": "people",
    "char": "😗",
    "fitzpatrick_scale": false,
    "keywords": Array [
      "love",
      "like",
      "face",
      "3",
      "valentines",
      "infatuation",
      "kiss",
      "kissing",
    ],
  },
  Object {
    "category": "people",
    "char": "😚",
    "fitzpatrick_scale": false,
    "keywords": Array [
      "face",
      "love",
      "like",
      "affection",
      "valentines",
      "infatuation",
      "kiss",
      "kissing_closed_eyes",
    ],
  },
  Object {
    "category": "people",
    "char": "🖖",
    "fitzpatrick_scale": true,
    "keywords": Array [
      "hand",
      "fingers",
      "spock",
      "star trek",
      "vulcan_salute",
    ],
  },
  Object {
    "category": "activity",
    "char": "🎻",
    "fitzpatrick_scale": false,
    "keywords": Array [
      "music",
      "instrument",
      "orchestra",
      "symphony",
      "violin",
    ],
  },
  Object {
    "category": "activity",
    "char": "🎮",
    "fitzpatrick_scale": false,
    "keywords": Array [
      "play",
      "console",
      "PS4",
      "controller",
      "video_game",
    ],
  },
  Object {
    "category": "travel_and_places",
    "char": "🏟",
    "fitzpatrick_scale": false,
    "keywords": Array [
      "photo",
      "place",
      "sports",
      "concert",
      "venue",
      "stadium",
    ],
  },
  Object {
    "category": "objects",
    "char": "💌",
    "fitzpatrick_scale": false,
    "keywords": Array [
      "email",
      "like",
      "affection",
      "envelope",
      "valentines",
      "love_letter",
    ],
  },
  Object {
    "category": "symbols",
    "char": "💘",
    "fitzpatrick_scale": false,
    "keywords": Array [
      "love",
      "like",
      "heart",
      "affection",
      "valentines",
      "cupid",
    ],
  },
  Object {
    "category": "symbols",
    "char": "♍",
    "fitzpatrick_scale": false,
    "keywords": Array [
      "sign",
      "zodiac",
      "purple-square",
      "astrology",
      "virgo",
    ],
  },
  Object {
    "category": "symbols",
    "char": "🌀",
    "fitzpatrick_scale": false,
    "keywords": Array [
      "weather",
      "swirl",
      "blue",
      "cloud",
      "vortex",
      "spiral",
      "whirlpool",
      "spin",
      "tornado",
      "hurricane",
      "typhoon",
      "cyclone",
    ],
  },
  Object {
    "category": "symbols",
    "char": "☑️",
    "fitzpatrick_scale": false,
    "keywords": Array [
      "ok",
      "agree",
      "confirm",
      "black-square",
      "vote",
      "election",
      "yes",
      "tick",
      "ballot_box_with_check",
    ],
  },
  Object {
    "category": "people",
    "char": "😻",
    "fitzpatrick_scale": false,
    "keywords": Array [
      "animal",
      "love",
      "like",
      "affection",
      "cats",
      "valentines",
      "heart",
      "heart_eyes_cat",
    ],
  },
  Object {
    "category": "people",
    "char": "💋",
    "fitzpatrick_scale": false,
    "keywords": Array [
      "face",
      "lips",
      "love",
      "like",
      "affection",
      "valentines",
      "kiss",
    ],
  },
  Object {
    "category": "people",
    "char": "💑",
    "fitzpatrick_scale": true,
    "keywords": Array [
      "pair",
      "love",
      "like",
      "affection",
      "human",
      "dating",
      "valentines",
      "marriage",
      "couple_with_heart_woman_man",
    ],
  },
  Object {
    "category": "people",
    "char": "👩‍❤️‍👩",
    "fitzpatrick_scale": false,
    "keywords": Array [
      "pair",
      "love",
      "like",
      "affection",
      "human",
      "dating",
      "valentines",
      "marriage",
      "couple_with_heart_woman_woman",
    ],
  },
  Object {
    "category": "people",
    "char": "👨‍❤️‍👨",
    "fitzpatrick_scale": false,
    "keywords": Array [
      "pair",
      "love",
      "like",
      "affection",
      "human",
      "dating",
      "valentines",
      "marriage",
      "couple_with_heart_man_man",
    ],
  },
  Object {
    "category": "people",
    "char": "👫",
    "fitzpatrick_scale": true,
    "keywords": Array [
      "pair",
      "people",
      "human",
      "love",
      "date",
      "dating",
      "like",
      "affection",
      "valentines",
      "marriage",
      "couple",
    ],
  },
  Object {
    "category": "people",
    "char": "😈",
    "fitzpatrick_scale": false,
    "keywords": Array [
      "devil",
      "horns",
      "smiling_imp",
    ],
  },
  Object {
    "category": "people",
    "char": "👿",
    "fitzpatrick_scale": false,
    "keywords": Array [
      "devil",
      "angry",
      "horns",
      "imp",
    ],
  },
  Object {
    "category": "people",
    "char": "👩‍✈️",
    "fitzpatrick_scale": true,
    "keywords": Array [
      "aviator",
      "plane",
      "woman",
      "human",
      "woman_pilot",
    ],
  },
  Object {
    "category": "people",
    "char": "👨‍✈️",
    "fitzpatrick_scale": true,
    "keywords": Array [
      "aviator",
      "plane",
      "man",
      "human",
      "man_pilot",
    ],
  },
  Object {
    "category": "people",
    "char": "🎅",
    "fitzpatrick_scale": true,
    "keywords": Array [
      "festival",
      "man",
      "male",
      "xmas",
      "father christmas",
      "santa",
    ],
  },
  Object {
    "category": "people",
    "char": "👼",
    "fitzpatrick_scale": true,
    "keywords": Array [
      "heaven",
      "wings",
      "halo",
      "angel",
    ],
  },
  Object {
    "category": "food_and_drink",
    "char": "🥛",
    "fitzpatrick_scale": false,
    "keywords": Array [
      "beverage",
      "drink",
      "cow",
      "milk_glass",
    ],
  },
  Object {
    "category": "food_and_drink",
    "char": "🥂",
    "fitzpatrick_scale": false,
    "keywords": Array [
      "beverage",
      "drink",
      "party",
      "alcohol",
      "celebrate",
      "cheers",
      "clinking_glasses",
    ],
  },
  Object {
    "category": "food_and_drink",
    "char": "🍹",
    "fitzpatrick_scale": false,
    "keywords": Array [
      "beverage",
      "cocktail",
      "summer",
      "beach",
      "alcohol",
      "booze",
      "mojito",
      "tropical_drink",
    ],
  },
  Object {
    "category": "food_and_drink",
    "char": "☕",
    "fitzpatrick_scale": false,
    "keywords": Array [
      "beverage",
      "caffeine",
      "latte",
      "espresso",
      "coffee",
    ],
  },
  Object {
    "category": "activity",
    "char": "🎫",
    "fitzpatrick_scale": false,
    "keywords": Array [
      "event",
      "concert",
      "pass",
      "ticket",
    ],
  },
  Object {
    "category": "activity",
    "char": "🎪",
    "fitzpatrick_scale": false,
    "keywords": Array [
      "festival",
      "carnival",
      "party",
      "circus_tent",
    ],
  },
  Object {
    "category": "activity",
    "char": "🎬",
    "fitzpatrick_scale": false,
    "keywords": Array [
      "movie",
      "film",
      "record",
      "clapper",
    ],
  },
  Object {
    "category": "travel_and_places",
    "char": "🎢",
    "fitzpatrick_scale": false,
    "keywords": Array [
      "carnival",
      "playground",
      "photo",
      "fun",
      "roller_coaster",
    ],
  },
  Object {
    "category": "travel_and_places",
    "char": "🌃",
    "fitzpatrick_scale": false,
    "keywords": Array [
      "evening",
      "city",
      "downtown",
      "night_with_stars",
    ],
  },
  Object {
    "category": "travel_and_places",
    "char": "💒",
    "fitzpatrick_scale": false,
    "keywords": Array [
      "love",
      "like",
      "affection",
      "couple",
      "marriage",
      "bride",
      "groom",
      "wedding",
    ],
  },
  Object {
    "category": "objects",
    "char": "🎞",
    "fitzpatrick_scale": false,
    "keywords": Array [
      "movie",
      "film_strip",
    ],
  },
  Object {
    "category": "objects",
    "char": "🔖",
    "fitzpatrick_scale": false,
    "keywords": Array [
      "favorite",
      "label",
      "save",
      "bookmark",
    ],
  },
  Object {
    "category": "objects",
    "char": "🛎",
    "fitzpatrick_scale": false,
    "keywords": Array [
      "service",
      "bellhop_bell",
    ],
  },
  Object {
    "category": "objects",
    "char": "🎊",
    "fitzpatrick_scale": false,
    "keywords": Array [
      "festival",
      "party",
      "birthday",
      "circus",
      "confetti_ball",
    ],
  },
  Object {
    "category": "objects",
    "char": "📑",
    "fitzpatrick_scale": false,
    "keywords": Array [
      "favorite",
      "save",
      "order",
      "tidy",
      "bookmark_tabs",
    ],
  },
  Object {
    "category": "objects",
    "char": "🔓",
    "fitzpatrick_scale": false,
    "keywords": Array [
      "privacy",
      "security",
      "unlock",
    ],
  },
  Object {
    "category": "symbols",
    "char": "🖤",
    "fitzpatrick_scale": false,
    "keywords": Array [
      "evil",
      "black_heart",
    ],
  },
  Object {
    "category": "symbols",
    "char": "㊙️",
    "fitzpatrick_scale": false,
    "keywords": Array [
      "privacy",
      "chinese",
      "sshh",
      "kanji",
      "red-circle",
      "secret",
    ],
  },
  Object {
    "category": "symbols",
    "char": "❗",
    "fitzpatrick_scale": false,
    "keywords": Array [
      "heavy_exclamation_mark",
      "danger",
      "surprise",
      "punctuation",
      "wow",
      "warning",
      "exclamation",
    ],
  },
  Object {
    "category": "symbols",
    "char": "⚜",
    "fitzpatrick_scale": false,
    "keywords": Array [
      "decorative",
      "scout",
      "fleur_de_lis",
    ],
  },
  Object {
    "category": "symbols",
    "char": "➗",
    "fitzpatrick_scale": false,
    "keywords": Array [
      "divide",
      "math",
      "calculation",
      "heavy_division_sign",
    ],
  },
  Object {
    "category": "flags",
    "char": "🇨🇮",
    "fitzpatrick_scale": false,
    "keywords": Array [
      "ivory",
      "coast",
      "flag",
      "nation",
      "country",
      "banner",
      "cote_divoire",
    ],
  },
  Object {
    "category": "flags",
    "char": "🇱🇻",
    "fitzpatrick_scale": false,
    "keywords": Array [
      "lv",
      "flag",
      "nation",
      "country",
      "banner",
      "latvia",
    ],
  },
  Object {
    "category": "flags",
    "char": "🇲🇻",
    "fitzpatrick_scale": false,
    "keywords": Array [
      "mv",
      "flag",
      "nation",
      "country",
      "banner",
      "maldives",
    ],
  },
  Object {
    "category": "flags",
    "char": "🇲🇩",
    "fitzpatrick_scale": false,
    "keywords": Array [
      "moldova,",
      "republic",
      "flag",
      "nation",
      "country",
      "banner",
      "moldova",
    ],
  },
  Object {
    "category": "people",
    "char": "😰",
    "fitzpatrick_scale": false,
    "keywords": Array [
      "face",
      "nervous",
      "sweat",
      "cold_sweat",
    ],
  },
  Object {
    "category": "people",
    "char": "👺",
    "fitzpatrick_scale": false,
    "keywords": Array [
      "red",
      "evil",
      "mask",
      "monster",
      "scary",
      "creepy",
      "japanese",
      "goblin",
      "japanese_goblin",
    ],
  },
  Object {
    "category": "people",
    "char": "👩‍💻",
    "fitzpatrick_scale": true,
    "keywords": Array [
      "coder",
      "developer",
      "engineer",
      "programmer",
      "software",
      "woman",
      "human",
      "laptop",
      "computer",
      "woman_technologist",
    ],
  },
  Object {
    "category": "people",
    "char": "👨‍💻",
    "fitzpatrick_scale": true,
    "keywords": Array [
      "coder",
      "developer",
      "engineer",
      "programmer",
      "software",
      "man",
      "human",
      "laptop",
      "computer",
      "man_technologist",
    ],
  },
  Object {
    "category": "animals_and_nature",
    "char": "🐍",
    "fitzpatrick_scale": false,
    "keywords": Array [
      "animal",
      "evil",
      "nature",
      "hiss",
      "python",
      "snake",
    ],
  },
  Object {
    "category": "food_and_drink",
    "char": "🍿",
    "fitzpatrick_scale": false,
    "keywords": Array [
      "food",
      "movie theater",
      "films",
      "snack",
      "popcorn",
    ],
  },
  Object {
    "category": "food_and_drink",
    "char": "🍺",
    "fitzpatrick_scale": false,
    "keywords": Array [
      "relax",
      "beverage",
      "drink",
      "drunk",
      "party",
      "pub",
      "summer",
      "alcohol",
      "booze",
      "beer",
    ],
  },
  Object {
    "category": "food_and_drink",
    "char": "🍻",
    "fitzpatrick_scale": false,
    "keywords": Array [
      "relax",
      "beverage",
      "drink",
      "drunk",
      "party",
      "pub",
      "summer",
      "alcohol",
      "booze",
      "beers",
    ],
  },
  Object {
    "category": "food_and_drink",
    "char": "🍷",
    "fitzpatrick_scale": false,
    "keywords": Array [
      "drink",
      "beverage",
      "drunk",
      "alcohol",
      "booze",
      "wine_glass",
    ],
  },
  Object {
    "category": "food_and_drink",
    "char": "🥃",
    "fitzpatrick_scale": false,
    "keywords": Array [
      "drink",
      "beverage",
      "drunk",
      "alcohol",
      "liquor",
      "booze",
      "bourbon",
      "scotch",
      "whisky",
      "glass",
      "shot",
      "tumbler_glass",
    ],
  },
  Object {
    "category": "travel_and_places",
    "char": "🎡",
    "fitzpatrick_scale": false,
    "keywords": Array [
      "photo",
      "carnival",
      "londoneye",
      "ferris_wheel",
    ],
  },
  Object {
    "category": "travel_and_places",
    "char": "🎠",
    "fitzpatrick_scale": false,
    "keywords": Array [
      "photo",
      "carnival",
      "carousel_horse",
    ],
  },
  Object {
    "category": "travel_and_places",
    "char": "🏞",
    "fitzpatrick_scale": false,
    "keywords": Array [
      "photo",
      "environment",
      "nature",
      "national_park",
    ],
  },
  Object {
    "category": "travel_and_places",
    "char": "🌆",
    "fitzpatrick_scale": false,
    "keywords": Array [
      "photo",
      "evening",
      "sky",
      "buildings",
      "city_sunset",
    ],
  },
  Object {
    "category": "travel_and_places",
    "char": "🎆",
    "fitzpatrick_scale": false,
    "keywords": Array [
      "photo",
      "festival",
      "carnival",
      "congratulations",
      "fireworks",
    ],
  },
  Object {
    "category": "travel_and_places",
    "char": "🏚",
    "fitzpatrick_scale": false,
    "keywords": Array [
      "abandon",
      "evict",
      "broken",
      "building",
      "derelict_house",
    ],
  },
  Object {
    "category": "travel_and_places",
    "char": "🏣",
    "fitzpatrick_scale": false,
    "keywords": Array [
      "building",
      "envelope",
      "communication",
      "post_office",
    ],
  },
  Object {
    "category": "objects",
    "char": "💿",
    "fitzpatrick_scale": false,
    "keywords": Array [
      "technology",
      "dvd",
      "disk",
      "disc",
      "90s",
      "cd",
    ],
  },
  Object {
    "category": "objects",
    "char": "🎚",
    "fitzpatrick_scale": false,
    "keywords": Array [
      "scale",
      "level_slider",
    ],
  },
  Object {
    "category": "objects",
    "char": "🔐",
    "fitzpatrick_scale": false,
    "keywords": Array [
      "security",
      "privacy",
      "closed_lock_with_key",
    ],
  },
  Object {
    "category": "objects",
    "char": "🖍",
    "fitzpatrick_scale": false,
    "keywords": Array [
      "drawing",
      "creativity",
      "crayon",
    ],
  },
  Object {
    "category": "objects",
    "char": "🖌",
    "fitzpatrick_scale": false,
    "keywords": Array [
      "drawing",
      "creativity",
      "art",
      "paintbrush",
    ],
  },
  Object {
    "category": "symbols",
    "char": "❣",
    "fitzpatrick_scale": false,
    "keywords": Array [
      "decoration",
      "love",
      "heavy_heart_exclamation",
    ],
  },
  Object {
    "category": "symbols",
    "char": "💟",
    "fitzpatrick_scale": false,
    "keywords": Array [
      "purple-square",
      "love",
      "like",
      "heart_decoration",
    ],
  },
  Object {
    "category": "symbols",
    "char": "✡",
    "fitzpatrick_scale": false,
    "keywords": Array [
      "judaism",
      "star_of_david",
    ],
  },
  Object {
    "category": "symbols",
    "char": "🈹",
    "fitzpatrick_scale": false,
    "keywords": Array [
      "cut",
      "divide",
      "chinese",
      "kanji",
      "pink-square",
      "u5272",
    ],
  },
  Object {
    "category": "symbols",
    "char": "♻️",
    "fitzpatrick_scale": false,
    "keywords": Array [
      "arrow",
      "environment",
      "garbage",
      "trash",
      "recycle",
    ],
  },
  Object {
    "category": "symbols",
    "char": "🛅",
    "fitzpatrick_scale": false,
    "keywords": Array [
      "blue-square",
      "travel",
      "left_luggage",
    ],
  },
  Object {
    "category": "symbols",
    "char": "🆙",
    "fitzpatrick_scale": false,
    "keywords": Array [
      "blue-square",
      "above",
      "high",
      "up",
    ],
  },
  Object {
    "category": "symbols",
    "char": "⏮",
    "fitzpatrick_scale": false,
    "keywords": Array [
      "backward",
      "previous_track_button",
    ],
  },
  Object {
    "category": "symbols",
    "char": "⬅️",
    "fitzpatrick_scale": false,
    "keywords": Array [
      "blue-square",
      "previous",
      "back",
      "arrow_left",
    ],
  },
  Object {
    "category": "flags",
    "char": "🇧🇦",
    "fitzpatrick_scale": false,
    "keywords": Array [
      "bosnia",
      "herzegovina",
      "flag",
      "nation",
      "country",
      "banner",
      "bosnia_herzegovina",
    ],
  },
  Object {
    "category": "flags",
    "char": "🇸🇻",
    "fitzpatrick_scale": false,
    "keywords": Array [
      "el",
      "salvador",
      "flag",
      "nation",
      "country",
      "banner",
      "el_salvador",
    ],
  },
  Object {
    "category": "_custom",
    "char": null,
    "fitzpatrick_scale": false,
    "keywords": Array [
      "squirrel",
      "detective",
      "animal",
      "sherlock",
      "inspector",
      "custom_",
      "shipit",
    ],
  },
  Object {
    "category": "people",
    "char": "😇",
    "fitzpatrick_scale": false,
    "keywords": Array [
      "face",
      "angel",
      "heaven",
      "halo",
      "innocent",
    ],
  },
  Object {
    "category": "people",
    "char": "😉",
    "fitzpatrick_scale": false,
    "keywords": Array [
      "face",
      "happy",
      "mischievous",
      "secret",
      ";)",
      "smile",
      "eye",
      "wink",
    ],
  },
  Object {
    "category": "people",
    "char": "😟",
    "fitzpatrick_scale": false,
    "keywords": Array [
      "face",
      "concern",
      "nervous",
      ":(",
      "worried",
    ],
  },
  Object {
    "category": "people",
    "char": "😧",
    "fitzpatrick_scale": false,
    "keywords": Array [
      "face",
      "stunned",
      "nervous",
      "anguished",
    ],
  },
  Object {
    "category": "people",
    "char": "✋",
    "fitzpatrick_scale": true,
    "keywords": Array [
      "fingers",
      "stop",
      "highfive",
      "palm",
      "ban",
      "raised_hand",
    ],
  },
  Object {
    "category": "people",
    "char": "🤘",
    "fitzpatrick_scale": true,
    "keywords": Array [
      "hand",
      "fingers",
      "evil_eye",
      "sign_of_horns",
      "rock_on",
      "metal",
    ],
  },
  Object {
    "category": "people",
    "char": "🕵️‍♀️",
    "fitzpatrick_scale": true,
    "keywords": Array [
      "human",
      "spy",
      "detective",
      "female",
      "woman",
      "female_detective",
    ],
  },
  Object {
    "category": "people",
    "char": "🕵",
    "fitzpatrick_scale": true,
    "keywords": Array [
      "human",
      "spy",
      "detective",
      "male_detective",
    ],
  },
  Object {
    "category": "people",
    "char": "👬",
    "fitzpatrick_scale": true,
    "keywords": Array [
      "pair",
      "couple",
      "love",
      "like",
      "bromance",
      "friendship",
      "people",
      "human",
      "two_men_holding_hands",
    ],
  },
  Object {
    "category": "animals_and_nature",
    "char": "🕊",
    "fitzpatrick_scale": false,
    "keywords": Array [
      "animal",
      "bird",
      "dove",
    ],
  },
  Object {
    "category": "animals_and_nature",
    "char": "🌲",
    "fitzpatrick_scale": false,
    "keywords": Array [
      "plant",
      "nature",
      "evergreen_tree",
    ],
  },
  Object {
    "category": "animals_and_nature",
    "char": "🌊",
    "fitzpatrick_scale": false,
    "keywords": Array [
      "sea",
      "water",
      "wave",
      "nature",
      "tsunami",
      "disaster",
      "ocean",
    ],
  },
  Object {
    "category": "food_and_drink",
    "char": "🥑",
    "fitzpatrick_scale": false,
    "keywords": Array [
      "fruit",
      "food",
      "avocado",
    ],
  },
  Object {
    "category": "activity",
    "char": "🥊",
    "fitzpatrick_scale": false,
    "keywords": Array [
      "sports",
      "fighting",
      "boxing_glove",
    ],
  },
  Object {
    "category": "activity",
    "char": "🕴",
    "fitzpatrick_scale": true,
    "keywords": Array [
      "suit",
      "business",
      "levitate",
      "hover",
      "jump",
      "business_suit_levitating",
    ],
  },
  Object {
    "category": "travel_and_places",
    "char": "⛰",
    "fitzpatrick_scale": false,
    "keywords": Array [
      "photo",
      "nature",
      "environment",
      "mountain",
    ],
  },
  Object {
    "category": "travel_and_places",
    "char": "🏔",
    "fitzpatrick_scale": false,
    "keywords": Array [
      "photo",
      "nature",
      "environment",
      "winter",
      "cold",
      "mountain_snow",
    ],
  },
  Object {
    "category": "objects",
    "char": "💾",
    "fitzpatrick_scale": false,
    "keywords": Array [
      "oldschool",
      "technology",
      "save",
      "90s",
      "80s",
      "floppy_disk",
    ],
  },
  Object {
    "category": "objects",
    "char": "🎥",
    "fitzpatrick_scale": false,
    "keywords": Array [
      "film",
      "record",
      "movie_camera",
    ],
  },
  Object {
    "category": "objects",
    "char": "📩",
    "fitzpatrick_scale": false,
    "keywords": Array [
      "email",
      "communication",
      "envelope_with_arrow",
    ],
  },
  Object {
    "category": "objects",
    "char": "📨",
    "fitzpatrick_scale": false,
    "keywords": Array [
      "email",
      "inbox",
      "incoming_envelope",
    ],
  },
  Object {
    "category": "objects",
    "char": "📮",
    "fitzpatrick_scale": false,
    "keywords": Array [
      "email",
      "letter",
      "envelope",
      "postbox",
    ],
  },
  Object {
    "category": "symbols",
    "char": "☢",
    "fitzpatrick_scale": false,
    "keywords": Array [
      "nuclear",
      "danger",
      "radioactive",
    ],
  },
  Object {
    "category": "symbols",
    "char": "🈶",
    "fitzpatrick_scale": false,
    "keywords": Array [
      "orange-square",
      "chinese",
      "have",
      "kanji",
      "u6709",
    ],
  },
  Object {
    "category": "symbols",
    "char": "⛔",
    "fitzpatrick_scale": false,
    "keywords": Array [
      "limit",
      "security",
      "privacy",
      "bad",
      "denied",
      "stop",
      "circle",
      "no_entry",
    ],
  },
  Object {
    "category": "symbols",
    "char": "❌",
    "fitzpatrick_scale": false,
    "keywords": Array [
      "no",
      "delete",
      "remove",
      "cancel",
      "x",
    ],
  },
  Object {
    "category": "symbols",
    "char": "✖️",
    "fitzpatrick_scale": false,
    "keywords": Array [
      "math",
      "calculation",
      "heavy_multiplication_x",
    ],
  },
  Object {
    "category": "flags",
    "char": "🇫🇰",
    "fitzpatrick_scale": false,
    "keywords": Array [
      "falkland",
      "islands",
      "malvinas",
      "flag",
      "nation",
      "country",
      "banner",
      "falkland_islands",
    ],
  },
  Object {
    "category": "flags",
    "char": "🇰🇳",
    "fitzpatrick_scale": false,
    "keywords": Array [
      "saint",
      "kitts",
      "nevis",
      "flag",
      "nation",
      "country",
      "banner",
      "st_kitts_nevis",
    ],
  },
  Object {
    "category": "people",
    "char": "😝",
    "fitzpatrick_scale": false,
    "keywords": Array [
      "face",
      "prank",
      "playful",
      "mischievous",
      "smile",
      "tongue",
      "stuck_out_tongue_closed_eyes",
    ],
  },
  Object {
    "category": "people",
    "char": "😨",
    "fitzpatrick_scale": false,
    "keywords": Array [
      "face",
      "scared",
      "terrified",
      "nervous",
      "oops",
      "huh",
      "fearful",
    ],
  },
  Object {
    "category": "people",
    "char": "😥",
    "fitzpatrick_scale": false,
    "keywords": Array [
      "face",
      "phew",
      "sweat",
      "nervous",
      "disappointed_relieved",
    ],
  },
  Object {
    "category": "people",
    "char": "👭",
    "fitzpatrick_scale": true,
    "keywords": Array [
      "pair",
      "friendship",
      "couple",
      "love",
      "like",
      "female",
      "people",
      "human",
      "two_women_holding_hands",
    ],
  },
  Object {
    "category": "people",
    "char": "🎓",
    "fitzpatrick_scale": false,
    "keywords": Array [
      "school",
      "college",
      "degree",
      "university",
      "graduation",
      "cap",
      "hat",
      "legal",
      "learn",
      "education",
      "mortar_board",
    ],
  },
  Object {
    "category": "animals_and_nature",
    "char": "🙉",
    "fitzpatrick_scale": false,
    "keywords": Array [
      "animal",
      "monkey",
      "nature",
      "hear_no_evil",
    ],
  },
  Object {
    "category": "animals_and_nature",
    "char": "🌙",
    "fitzpatrick_scale": false,
    "keywords": Array [
      "night",
      "sleep",
      "sky",
      "evening",
      "magic",
      "crescent_moon",
    ],
  },
  Object {
    "category": "food_and_drink",
    "char": "🍧",
    "fitzpatrick_scale": false,
    "keywords": Array [
      "hot",
      "dessert",
      "summer",
      "shaved_ice",
    ],
  },
  Object {
    "category": "food_and_drink",
    "char": "🍸",
    "fitzpatrick_scale": false,
    "keywords": Array [
      "drink",
      "drunk",
      "alcohol",
      "beverage",
      "booze",
      "mojito",
      "cocktail",
    ],
  },
  Object {
    "category": "food_and_drink",
    "char": "🍶",
    "fitzpatrick_scale": false,
    "keywords": Array [
      "wine",
      "drink",
      "drunk",
      "beverage",
      "japanese",
      "alcohol",
      "booze",
      "sake",
    ],
  },
  Object {
    "category": "activity",
    "char": "👾",
    "fitzpatrick_scale": false,
    "keywords": Array [
      "game",
      "arcade",
      "play",
      "space_invader",
    ],
  },
  Object {
    "category": "travel_and_places",
    "char": "🛬",
    "fitzpatrick_scale": false,
    "keywords": Array [
      "airport",
      "flight",
      "boarding",
      "flight_arrival",
    ],
  },
  Object {
    "category": "travel_and_places",
    "char": "🏪",
    "fitzpatrick_scale": false,
    "keywords": Array [
      "building",
      "shopping",
      "groceries",
      "convenience_store",
    ],
  },
  Object {
    "category": "travel_and_places",
    "char": "🏩",
    "fitzpatrick_scale": false,
    "keywords": Array [
      "like",
      "affection",
      "dating",
      "love_hotel",
    ],
  },
  Object {
    "category": "objects",
    "char": "📀",
    "fitzpatrick_scale": false,
    "keywords": Array [
      "cd",
      "disk",
      "disc",
      "dvd",
    ],
  },
  Object {
    "category": "objects",
    "char": "📞",
    "fitzpatrick_scale": false,
    "keywords": Array [
      "technology",
      "communication",
      "dial",
      "telephone_receiver",
    ],
  },
  Object {
    "category": "objects",
    "char": "📈",
    "fitzpatrick_scale": false,
    "keywords": Array [
      "graph",
      "presentation",
      "stats",
      "recovery",
      "business",
      "economics",
      "money",
      "sales",
      "good",
      "success",
      "chart_with_upwards_trend",
    ],
  },
  Object {
    "category": "objects",
    "char": "🗂",
    "fitzpatrick_scale": false,
    "keywords": Array [
      "organizing",
      "business",
      "stationery",
      "card_index_dividers",
    ],
  },
  Object {
    "category": "objects",
    "char": "🔍",
    "fitzpatrick_scale": false,
    "keywords": Array [
      "search",
      "zoom",
      "find",
      "detective",
      "mag",
    ],
  },
  Object {
    "category": "objects",
    "char": "🔎",
    "fitzpatrick_scale": false,
    "keywords": Array [
      "search",
      "zoom",
      "find",
      "detective",
      "mag_right",
    ],
  },
  Object {
    "category": "symbols",
    "char": "🎦",
    "fitzpatrick_scale": false,
    "keywords": Array [
      "blue-square",
      "record",
      "film",
      "movie",
      "curtain",
      "stage",
      "theater",
      "cinema",
    ],
  },
  Object {
    "category": "symbols",
    "char": "💱",
    "fitzpatrick_scale": false,
    "keywords": Array [
      "money",
      "sales",
      "dollar",
      "travel",
      "currency_exchange",
    ],
  },
  Object {
    "category": "people",
    "char": "😜",
    "fitzpatrick_scale": false,
    "keywords": Array [
      "face",
      "prank",
      "childish",
      "playful",
      "mischievous",
      "smile",
      "wink",
      "tongue",
      "stuck_out_tongue_winking_eye",
    ],
  },
  Object {
    "category": "people",
    "char": "😛",
    "fitzpatrick_scale": false,
    "keywords": Array [
      "face",
      "prank",
      "childish",
      "playful",
      "mischievous",
      "smile",
      "tongue",
      "stuck_out_tongue",
    ],
  },
  Object {
    "category": "people",
    "char": "😔",
    "fitzpatrick_scale": false,
    "keywords": Array [
      "face",
      "sad",
      "depressed",
      "upset",
      "pensive",
    ],
  },
  Object {
    "category": "people",
    "char": "🤒",
    "fitzpatrick_scale": false,
    "keywords": Array [
      "sick",
      "temperature",
      "thermometer",
      "cold",
      "fever",
      "face_with_thermometer",
    ],
  },
  Object {
    "category": "people",
    "char": "🙏",
    "fitzpatrick_scale": true,
    "keywords": Array [
      "please",
      "hope",
      "wish",
      "namaste",
      "highfive",
      "pray",
    ],
  },
  Object {
    "category": "animals_and_nature",
    "char": "🙈",
    "fitzpatrick_scale": false,
    "keywords": Array [
      "monkey",
      "animal",
      "nature",
      "haha",
      "see_no_evil",
    ],
  },
  Object {
    "category": "animals_and_nature",
    "char": "🙊",
    "fitzpatrick_scale": false,
    "keywords": Array [
      "monkey",
      "animal",
      "nature",
      "omg",
      "speak_no_evil",
    ],
  },
  Object {
    "category": "objects",
    "char": "📺",
    "fitzpatrick_scale": false,
    "keywords": Array [
      "technology",
      "program",
      "oldschool",
      "show",
      "television",
      "tv",
    ],
  },
  Object {
    "category": "objects",
    "char": "📦",
    "fitzpatrick_scale": false,
    "keywords": Array [
      "mail",
      "gift",
      "cardboard",
      "box",
      "moving",
      "package",
    ],
  },
  Object {
    "category": "objects",
    "char": "🏳",
    "fitzpatrick_scale": false,
    "keywords": Array [
      "losing",
      "loser",
      "lost",
      "surrender",
      "give up",
      "fail",
      "white_flag",
    ],
  },
  Object {
    "category": "symbols",
    "char": "🚸",
    "fitzpatrick_scale": false,
    "keywords": Array [
      "school",
      "warning",
      "danger",
      "sign",
      "driving",
      "yellow-diamond",
      "children_crossing",
    ],
  },
  Object {
    "category": "symbols",
    "char": "❎",
    "fitzpatrick_scale": false,
    "keywords": Array [
      "x",
      "green-square",
      "no",
      "deny",
      "negative_squared_cross_mark",
    ],
  },
  Object {
    "category": "symbols",
    "char": "5️⃣",
    "fitzpatrick_scale": false,
    "keywords": Array [
      "5",
      "numbers",
      "blue-square",
      "prime",
      "five",
    ],
  },
  Object {
    "category": "symbols",
    "char": "7️⃣",
    "fitzpatrick_scale": false,
    "keywords": Array [
      "7",
      "numbers",
      "blue-square",
      "prime",
      "seven",
    ],
  },
  Object {
    "category": "symbols",
    "char": "➖",
    "fitzpatrick_scale": false,
    "keywords": Array [
      "math",
      "calculation",
      "subtract",
      "less",
      "heavy_minus_sign",
    ],
  },
  Object {
    "category": "flags",
    "char": "🇹🇻",
    "fitzpatrick_scale": false,
    "keywords": Array [
      "flag",
      "nation",
      "country",
      "banner",
      "tuvalu",
    ],
  },
  Object {
    "category": "people",
    "char": "😌",
    "fitzpatrick_scale": false,
    "keywords": Array [
      "face",
      "relaxed",
      "phew",
      "massage",
      "happiness",
      "relieved",
    ],
  },
  Object {
    "category": "people",
    "char": "😣",
    "fitzpatrick_scale": false,
    "keywords": Array [
      "face",
      "sick",
      "no",
      "upset",
      "oops",
      "persevere",
    ],
  },
  Object {
    "category": "people",
    "char": "👰",
    "fitzpatrick_scale": true,
    "keywords": Array [
      "couple",
      "marriage",
      "wedding",
      "woman",
      "bride",
      "bride_with_veil",
    ],
  },
  Object {
    "category": "animals_and_nature",
    "char": "🌖",
    "fitzpatrick_scale": false,
    "keywords": Array [
      "nature",
      "twilight",
      "planet",
      "space",
      "night",
      "evening",
      "sleep",
      "waxing_gibbous_moon",
      "waning_gibbous_moon",
    ],
  },
  Object {
    "category": "animals_and_nature",
    "char": "🌗",
    "fitzpatrick_scale": false,
    "keywords": Array [
      "nature",
      "twilight",
      "planet",
      "space",
      "night",
      "evening",
      "sleep",
      "last_quarter_moon",
    ],
  },
  Object {
    "category": "animals_and_nature",
    "char": "🌘",
    "fitzpatrick_scale": false,
    "keywords": Array [
      "nature",
      "twilight",
      "planet",
      "space",
      "night",
      "evening",
      "sleep",
      "waning_crescent_moon",
    ],
  },
  Object {
    "category": "animals_and_nature",
    "char": "🌑",
    "fitzpatrick_scale": false,
    "keywords": Array [
      "nature",
      "twilight",
      "planet",
      "space",
      "night",
      "evening",
      "sleep",
      "new_moon",
    ],
  },
  Object {
    "category": "animals_and_nature",
    "char": "🌒",
    "fitzpatrick_scale": false,
    "keywords": Array [
      "nature",
      "twilight",
      "planet",
      "space",
      "night",
      "evening",
      "sleep",
      "waxing_crescent_moon",
    ],
  },
  Object {
    "category": "animals_and_nature",
    "char": "🌓",
    "fitzpatrick_scale": false,
    "keywords": Array [
      "nature",
      "twilight",
      "planet",
      "space",
      "night",
      "evening",
      "sleep",
      "first_quarter_moon",
    ],
  },
  Object {
    "category": "animals_and_nature",
    "char": "🌚",
    "fitzpatrick_scale": false,
    "keywords": Array [
      "nature",
      "twilight",
      "planet",
      "space",
      "night",
      "evening",
      "sleep",
      "new_moon_with_face",
    ],
  },
  Object {
    "category": "animals_and_nature",
    "char": "🌝",
    "fitzpatrick_scale": false,
    "keywords": Array [
      "nature",
      "twilight",
      "planet",
      "space",
      "night",
      "evening",
      "sleep",
      "full_moon_with_face",
    ],
  },
  Object {
    "category": "animals_and_nature",
    "char": "🌛",
    "fitzpatrick_scale": false,
    "keywords": Array [
      "nature",
      "twilight",
      "planet",
      "space",
      "night",
      "evening",
      "sleep",
      "first_quarter_moon_with_face",
    ],
  },
  Object {
    "category": "animals_and_nature",
    "char": "🌜",
    "fitzpatrick_scale": false,
    "keywords": Array [
      "nature",
      "twilight",
      "planet",
      "space",
      "night",
      "evening",
      "sleep",
      "last_quarter_moon_with_face",
    ],
  },
  Object {
    "category": "objects",
    "char": "📔",
    "fitzpatrick_scale": false,
    "keywords": Array [
      "classroom",
      "notes",
      "record",
      "paper",
      "study",
      "notebook_with_decorative_cover",
    ],
  },
  Object {
    "category": "symbols",
    "char": "🉐",
    "fitzpatrick_scale": false,
    "keywords": Array [
      "chinese",
      "kanji",
      "obtain",
      "get",
      "circle",
      "ideograph_advantage",
    ],
  },
  Object {
    "category": "symbols",
    "char": "✔️",
    "fitzpatrick_scale": false,
    "keywords": Array [
      "ok",
      "nike",
      "answer",
      "yes",
      "tick",
      "heavy_check_mark",
    ],
  },
  Object {
    "category": "symbols",
    "char": "➕",
    "fitzpatrick_scale": false,
    "keywords": Array [
      "math",
      "calculation",
      "addition",
      "more",
      "increase",
      "heavy_plus_sign",
    ],
  },
  Object {
    "category": "symbols",
    "char": "💲",
    "fitzpatrick_scale": false,
    "keywords": Array [
      "money",
      "sales",
      "payment",
      "currency",
      "buck",
      "heavy_dollar_sign",
    ],
  },
  Object {
    "category": "flags",
    "char": "🇧🇴",
    "fitzpatrick_scale": false,
    "keywords": Array [
      "bo",
      "flag",
      "nation",
      "country",
      "banner",
      "bolivia",
    ],
  },
  Object {
    "category": "flags",
    "char": "🇨🇬",
    "fitzpatrick_scale": false,
    "keywords": Array [
      "congo",
      "flag",
      "nation",
      "country",
      "banner",
      "congo_brazzaville",
    ],
  },
  Object {
    "category": "flags",
    "char": "🇽🇰",
    "fitzpatrick_scale": false,
    "keywords": Array [
      "xk",
      "flag",
      "nation",
      "country",
      "banner",
      "kosovo",
    ],
  },
  Object {
    "category": "flags",
    "char": "🇸🇰",
    "fitzpatrick_scale": false,
    "keywords": Array [
      "sk",
      "flag",
      "nation",
      "country",
      "banner",
      "slovakia",
    ],
  },
  Object {
    "category": "flags",
    "char": "🇸🇮",
    "fitzpatrick_scale": false,
    "keywords": Array [
      "si",
      "flag",
      "nation",
      "country",
      "banner",
      "slovenia",
    ],
  },
  Object {
    "category": "people",
    "char": "👹",
    "fitzpatrick_scale": false,
    "keywords": Array [
      "monster",
      "red",
      "mask",
      "halloween",
      "scary",
      "creepy",
      "devil",
      "demon",
      "japanese",
      "ogre",
      "japanese_ogre",
    ],
  },
  Object {
    "category": "animals_and_nature",
    "char": "🌕",
    "fitzpatrick_scale": false,
    "keywords": Array [
      "nature",
      "yellow",
      "twilight",
      "planet",
      "space",
      "night",
      "evening",
      "sleep",
      "full_moon",
    ],
  },
  Object {
    "category": "objects",
    "char": "☠",
    "fitzpatrick_scale": false,
    "keywords": Array [
      "poison",
      "danger",
      "deadly",
      "scary",
      "death",
      "pirate",
      "evil",
      "skull_and_crossbones",
    ],
  },
  Object {
    "category": "symbols",
    "char": "〰️",
    "fitzpatrick_scale": false,
    "keywords": Array [
      "draw",
      "line",
      "moustache",
      "mustache",
      "squiggle",
      "scribble",
      "wavy_dash",
    ],
  },
  Object {
    "category": "animals_and_nature",
    "char": "🌔",
    "fitzpatrick_scale": false,
    "keywords": Array [
      "nature",
      "night",
      "sky",
      "gray",
      "twilight",
      "planet",
      "space",
      "evening",
      "sleep",
      "waxing_gibbous_moon",
    ],
  },
  Object {
    "category": "people",
    "char": "👋",
    "fitzpatrick_scale": true,
    "keywords": Array [
      "hands",
      "gesture",
      "goodbye",
      "solong",
      "farewell",
      "hello",
      "hi",
      "palm",
      "wave",
    ],
  },
  Object {
    "category": "people",
    "char": "😋",
    "fitzpatrick_scale": false,
    "keywords": Array [
      "happy",
      "joy",
      "tongue",
      "smile",
      "face",
      "silly",
      "yummy",
      "nom",
      "delicious",
      "savouring",
      "yum",
    ],
  },
]
`;
